[1mApache Maven 3.6.3[m
Maven home: /usr/share/maven
Java version: 18.0.2-ea, vendor: Private Build, runtime: /usr/lib/jvm/java-18-openjdk-amd64
Default locale: en, platform encoding: UTF-8
OS name: "linux", version: "4.4.0-22621-microsoft", arch: "amd64", family: "unix"
[[1;36mDEBUG[m] Created new class realm maven.api
[[1;36mDEBUG[m] Importing foreign packages into class realm maven.api
[[1;36mDEBUG[m]   Imported: javax.annotation.* < plexus.core
[[1;36mDEBUG[m]   Imported: javax.annotation.security.* < plexus.core
[[1;36mDEBUG[m]   Imported: javax.enterprise.inject.* < plexus.core
[[1;36mDEBUG[m]   Imported: javax.enterprise.util.* < plexus.core
[[1;36mDEBUG[m]   Imported: javax.inject.* < plexus.core
[[1;36mDEBUG[m]   Imported: org.apache.maven.* < plexus.core
[[1;36mDEBUG[m]   Imported: org.apache.maven.artifact < plexus.core
[[1;36mDEBUG[m]   Imported: org.apache.maven.classrealm < plexus.core
[[1;36mDEBUG[m]   Imported: org.apache.maven.cli < plexus.core
[[1;36mDEBUG[m]   Imported: org.apache.maven.configuration < plexus.core
[[1;36mDEBUG[m]   Imported: org.apache.maven.exception < plexus.core
[[1;36mDEBUG[m]   Imported: org.apache.maven.execution < plexus.core
[[1;36mDEBUG[m]   Imported: org.apache.maven.execution.scope < plexus.core
[[1;36mDEBUG[m]   Imported: org.apache.maven.lifecycle < plexus.core
[[1;36mDEBUG[m]   Imported: org.apache.maven.model < plexus.core
[[1;36mDEBUG[m]   Imported: org.apache.maven.monitor < plexus.core
[[1;36mDEBUG[m]   Imported: org.apache.maven.plugin < plexus.core
[[1;36mDEBUG[m]   Imported: org.apache.maven.profiles < plexus.core
[[1;36mDEBUG[m]   Imported: org.apache.maven.project < plexus.core
[[1;36mDEBUG[m]   Imported: org.apache.maven.reporting < plexus.core
[[1;36mDEBUG[m]   Imported: org.apache.maven.repository < plexus.core
[[1;36mDEBUG[m]   Imported: org.apache.maven.rtinfo < plexus.core
[[1;36mDEBUG[m]   Imported: org.apache.maven.settings < plexus.core
[[1;36mDEBUG[m]   Imported: org.apache.maven.toolchain < plexus.core
[[1;36mDEBUG[m]   Imported: org.apache.maven.usability < plexus.core
[[1;36mDEBUG[m]   Imported: org.apache.maven.wagon.* < plexus.core
[[1;36mDEBUG[m]   Imported: org.apache.maven.wagon.authentication < plexus.core
[[1;36mDEBUG[m]   Imported: org.apache.maven.wagon.authorization < plexus.core
[[1;36mDEBUG[m]   Imported: org.apache.maven.wagon.events < plexus.core
[[1;36mDEBUG[m]   Imported: org.apache.maven.wagon.observers < plexus.core
[[1;36mDEBUG[m]   Imported: org.apache.maven.wagon.proxy < plexus.core
[[1;36mDEBUG[m]   Imported: org.apache.maven.wagon.repository < plexus.core
[[1;36mDEBUG[m]   Imported: org.apache.maven.wagon.resource < plexus.core
[[1;36mDEBUG[m]   Imported: org.codehaus.classworlds < plexus.core
[[1;36mDEBUG[m]   Imported: org.codehaus.plexus.* < plexus.core
[[1;36mDEBUG[m]   Imported: org.codehaus.plexus.classworlds < plexus.core
[[1;36mDEBUG[m]   Imported: org.codehaus.plexus.component < plexus.core
[[1;36mDEBUG[m]   Imported: org.codehaus.plexus.configuration < plexus.core
[[1;36mDEBUG[m]   Imported: org.codehaus.plexus.container < plexus.core
[[1;36mDEBUG[m]   Imported: org.codehaus.plexus.context < plexus.core
[[1;36mDEBUG[m]   Imported: org.codehaus.plexus.lifecycle < plexus.core
[[1;36mDEBUG[m]   Imported: org.codehaus.plexus.logging < plexus.core
[[1;36mDEBUG[m]   Imported: org.codehaus.plexus.personality < plexus.core
[[1;36mDEBUG[m]   Imported: org.codehaus.plexus.util.xml.Xpp3Dom < plexus.core
[[1;36mDEBUG[m]   Imported: org.codehaus.plexus.util.xml.pull.XmlPullParser < plexus.core
[[1;36mDEBUG[m]   Imported: org.codehaus.plexus.util.xml.pull.XmlPullParserException < plexus.core
[[1;36mDEBUG[m]   Imported: org.codehaus.plexus.util.xml.pull.XmlSerializer < plexus.core
[[1;36mDEBUG[m]   Imported: org.eclipse.aether.* < plexus.core
[[1;36mDEBUG[m]   Imported: org.eclipse.aether.artifact < plexus.core
[[1;36mDEBUG[m]   Imported: org.eclipse.aether.collection < plexus.core
[[1;36mDEBUG[m]   Imported: org.eclipse.aether.deployment < plexus.core
[[1;36mDEBUG[m]   Imported: org.eclipse.aether.graph < plexus.core
[[1;36mDEBUG[m]   Imported: org.eclipse.aether.impl < plexus.core
[[1;36mDEBUG[m]   Imported: org.eclipse.aether.installation < plexus.core
[[1;36mDEBUG[m]   Imported: org.eclipse.aether.internal.impl < plexus.core
[[1;36mDEBUG[m]   Imported: org.eclipse.aether.metadata < plexus.core
[[1;36mDEBUG[m]   Imported: org.eclipse.aether.repository < plexus.core
[[1;36mDEBUG[m]   Imported: org.eclipse.aether.resolution < plexus.core
[[1;36mDEBUG[m]   Imported: org.eclipse.aether.spi < plexus.core
[[1;36mDEBUG[m]   Imported: org.eclipse.aether.transfer < plexus.core
[[1;36mDEBUG[m]   Imported: org.eclipse.aether.version < plexus.core
[[1;36mDEBUG[m]   Imported: org.fusesource.jansi.* < plexus.core
[[1;36mDEBUG[m]   Imported: org.slf4j.* < plexus.core
[[1;36mDEBUG[m]   Imported: org.slf4j.event.* < plexus.core
[[1;36mDEBUG[m]   Imported: org.slf4j.helpers.* < plexus.core
[[1;36mDEBUG[m]   Imported: org.slf4j.spi.* < plexus.core
[[1;36mDEBUG[m] Populating class realm maven.api
[[1;34mINFO[m] Error stacktraces are turned on.
[[1;36mDEBUG[m] Message scheme: color
[[1;36mDEBUG[m] Message styles: [1;36mdebug[m [1;34minfo[m [1;33mwarning[m [1;31merror[m [1;32msuccess[m [1;31mfailure[m [1mstrong[m [32mmojo[m [36mproject[m
[[1;36mDEBUG[m] Reading global settings from /usr/share/maven/conf/settings.xml
[[1;36mDEBUG[m] Reading user settings from /home/skander26/.m2/settings.xml
[[1;36mDEBUG[m] Reading global toolchains from /usr/share/maven/conf/toolchains.xml
[[1;36mDEBUG[m] Reading user toolchains from /home/skander26/.m2/toolchains.xml
[[1;36mDEBUG[m] Using local repository at /home/skander26/.m2/repository
[[1;36mDEBUG[m] Using manager EnhancedLocalRepositoryManager with priority 10.0 for /home/skander26/.m2/repository
[[1;34mINFO[m] Scanning for projects...
[[1;36mDEBUG[m] Extension realms for project org.fairwater:fair-water-api:jar:0.0.1-SNAPSHOT: (none)
[[1;36mDEBUG[m] Looking up lifecycle mappings for packaging jar from ClassRealm[plexus.core, parent: null]
[[1;36mDEBUG[m] Extension realms for project org.springframework.boot:spring-boot-starter-parent:pom:3.4.5: (none)
[[1;36mDEBUG[m] Looking up lifecycle mappings for packaging pom from ClassRealm[plexus.core, parent: null]
[[1;36mDEBUG[m] Extension realms for project org.springframework.boot:spring-boot-dependencies:pom:3.4.5: (none)
[[1;36mDEBUG[m] Looking up lifecycle mappings for packaging pom from ClassRealm[plexus.core, parent: null]
[[1;36mDEBUG[m] === REACTOR BUILD PLAN ================================================
[[1;36mDEBUG[m] Project: org.fairwater:fair-water-api:jar:0.0.1-SNAPSHOT
[[1;36mDEBUG[m] Tasks:   [test]
[[1;36mDEBUG[m] Style:   Regular
[[1;36mDEBUG[m] =======================================================================
[[1;34mINFO[m] 
[[1;34mINFO[m] [1m--------------------< [0;36morg.fairwater:fair-water-api[0;1m >--------------------[m
[[1;34mINFO[m] [1mBuilding FAIR Water Data Interoperability Platform 0.0.1-SNAPSHOT[m
[[1;34mINFO[m] [1m--------------------------------[ jar ]---------------------------------[m
[[1;36mDEBUG[m] Lifecycle default -> [validate, initialize, generate-sources, process-sources, generate-resources, process-resources, compile, process-classes, generate-test-sources, process-test-sources, generate-test-resources, process-test-resources, test-compile, process-test-classes, test, prepare-package, package, pre-integration-test, integration-test, post-integration-test, verify, install, deploy]
[[1;36mDEBUG[m] Lifecycle clean -> [pre-clean, clean, post-clean]
[[1;36mDEBUG[m] Lifecycle site -> [pre-site, site, post-site, site-deploy]
[[1;36mDEBUG[m] Lifecycle default -> [validate, initialize, generate-sources, process-sources, generate-resources, process-resources, compile, process-classes, generate-test-sources, process-test-sources, generate-test-resources, process-test-resources, test-compile, process-test-classes, test, prepare-package, package, pre-integration-test, integration-test, post-integration-test, verify, install, deploy]
[[1;36mDEBUG[m] Lifecycle clean -> [pre-clean, clean, post-clean]
[[1;36mDEBUG[m] Lifecycle site -> [pre-site, site, post-site, site-deploy]
[[1;36mDEBUG[m] Lifecycle default -> [validate, initialize, generate-sources, process-sources, generate-resources, process-resources, compile, process-classes, generate-test-sources, process-test-sources, generate-test-resources, process-test-resources, test-compile, process-test-classes, test, prepare-package, package, pre-integration-test, integration-test, post-integration-test, verify, install, deploy]
[[1;36mDEBUG[m] Lifecycle clean -> [pre-clean, clean, post-clean]
[[1;36mDEBUG[m] Lifecycle site -> [pre-site, site, post-site, site-deploy]
[[1;36mDEBUG[m] Lifecycle default -> [validate, initialize, generate-sources, process-sources, generate-resources, process-resources, compile, process-classes, generate-test-sources, process-test-sources, generate-test-resources, process-test-resources, test-compile, process-test-classes, test, prepare-package, package, pre-integration-test, integration-test, post-integration-test, verify, install, deploy]
[[1;36mDEBUG[m] Lifecycle clean -> [pre-clean, clean, post-clean]
[[1;36mDEBUG[m] Lifecycle site -> [pre-site, site, post-site, site-deploy]
[[1;36mDEBUG[m] Lifecycle default -> [validate, initialize, generate-sources, process-sources, generate-resources, process-resources, compile, process-classes, generate-test-sources, process-test-sources, generate-test-resources, process-test-resources, test-compile, process-test-classes, test, prepare-package, package, pre-integration-test, integration-test, post-integration-test, verify, install, deploy]
[[1;36mDEBUG[m] Lifecycle clean -> [pre-clean, clean, post-clean]
[[1;36mDEBUG[m] Lifecycle site -> [pre-site, site, post-site, site-deploy]
[[1;36mDEBUG[m] Lifecycle default -> [validate, initialize, generate-sources, process-sources, generate-resources, process-resources, compile, process-classes, generate-test-sources, process-test-sources, generate-test-resources, process-test-resources, test-compile, process-test-classes, test, prepare-package, package, pre-integration-test, integration-test, post-integration-test, verify, install, deploy]
[[1;36mDEBUG[m] Lifecycle clean -> [pre-clean, clean, post-clean]
[[1;36mDEBUG[m] Lifecycle site -> [pre-site, site, post-site, site-deploy]
[[1;36mDEBUG[m] === PROJECT BUILD PLAN ================================================
[[1;36mDEBUG[m] Project:       org.fairwater:fair-water-api:0.0.1-SNAPSHOT
[[1;36mDEBUG[m] Dependencies (collect): []
[[1;36mDEBUG[m] Dependencies (resolve): [compile, test]
[[1;36mDEBUG[m] Repositories (dependencies): [fraunhofer-releases (https://nexus.iosb.fraunhofer.de/nexus/repository/maven-releases/, default, releases), maven-central (https://repo1.maven.org/maven2, default, releases+snapshots), central (https://repo.maven.apache.org/maven2, default, releases)]
[[1;36mDEBUG[m] Repositories (plugins)     : [central (https://repo.maven.apache.org/maven2, default, releases)]
[[1;36mDEBUG[m] -----------------------------------------------------------------------
[[1;36mDEBUG[m] Goal:          org.apache.maven.plugins:maven-resources-plugin:3.3.1:resources (default-resources)
[[1;36mDEBUG[m] Style:         Regular
[[1;36mDEBUG[m] Configuration: <?xml version="1.0" encoding="UTF-8"?>
<configuration>
  <addDefaultExcludes default-value="true"/>
  <buildFilters default-value="${project.build.filters}"/>
  <delimiters>
    <delimiter>@</delimiter>
  </delimiters>
  <encoding default-value="${project.build.sourceEncoding}"/>
  <escapeWindowsPaths default-value="true"/>
  <fileNameFiltering default-value="false"/>
  <includeEmptyDirs default-value="false"/>
  <outputDirectory default-value="${project.build.outputDirectory}"/>
  <overwrite default-value="false"/>
  <project default-value="${project}"/>
  <propertiesEncoding>UTF-8</propertiesEncoding>
  <resources default-value="${project.resources}"/>
  <session default-value="${session}"/>
  <skip default-value="false">${maven.resources.skip}</skip>
  <supportMultiLineFiltering default-value="false"/>
  <useBuildFilters default-value="true"/>
  <useDefaultDelimiters default-value="true">false</useDefaultDelimiters>
</configuration>
[[1;36mDEBUG[m] -----------------------------------------------------------------------
[[1;36mDEBUG[m] Goal:          org.apache.maven.plugins:maven-compiler-plugin:3.13.0:compile (default-compile)
[[1;36mDEBUG[m] Style:         Regular
[[1;36mDEBUG[m] Configuration: <?xml version="1.0" encoding="UTF-8"?>
<configuration>
  <annotationProcessorPathsUseDepMgmt default-value="false"/>
  <basedir default-value="${basedir}"/>
  <buildDirectory default-value="${project.build.directory}"/>
  <compilePath default-value="${project.compileClasspathElements}"/>
  <compileSourceRoots default-value="${project.compileSourceRoots}"/>
  <compilerId default-value="javac">${maven.compiler.compilerId}</compilerId>
  <compilerReuseStrategy default-value="${reuseCreated}">${maven.compiler.compilerReuseStrategy}</compilerReuseStrategy>
  <compilerVersion>${maven.compiler.compilerVersion}</compilerVersion>
  <createMissingPackageInfoClass default-value="true">${maven.compiler.createMissingPackageInfoClass}</createMissingPackageInfoClass>
  <debug default-value="true">${maven.compiler.debug}</debug>
  <debugFileName default-value="javac"/>
  <debuglevel>${maven.compiler.debuglevel}</debuglevel>
  <enablePreview default-value="false">${maven.compiler.enablePreview}</enablePreview>
  <encoding default-value="${project.build.sourceEncoding}">${encoding}</encoding>
  <executable>${maven.compiler.executable}</executable>
  <failOnError default-value="true">${maven.compiler.failOnError}</failOnError>
  <failOnWarning default-value="false">${maven.compiler.failOnWarning}</failOnWarning>
  <fileExtensions default-value="class,jar"/>
  <forceJavacCompilerUse default-value="false">${maven.compiler.forceJavacCompilerUse}</forceJavacCompilerUse>
  <forceLegacyJavacApi default-value="false">${maven.compiler.forceLegacyJavacApi}</forceLegacyJavacApi>
  <fork default-value="false">${maven.compiler.fork}</fork>
  <generatedSourcesDirectory default-value="${project.build.directory}/generated-sources/annotations"/>
  <implicit>${maven.compiler.implicit}</implicit>
  <maxmem>${maven.compiler.maxmem}</maxmem>
  <meminitial>${maven.compiler.meminitial}</meminitial>
  <mojoExecution default-value="${mojoExecution}"/>
  <optimize default-value="false">${maven.compiler.optimize}</optimize>
  <outputDirectory default-value="${project.build.outputDirectory}">${maven.compiler.outputDirectory}</outputDirectory>
  <outputTimestamp default-value="${project.build.outputTimestamp}"/>
  <parameters default-value="false">true</parameters>
  <proc>${maven.compiler.proc}</proc>
  <project default-value="${project}"/>
  <projectArtifact default-value="${project.artifact}"/>
  <release>${maven.compiler.release}</release>
  <session default-value="${session}"/>
  <showCompilationChanges default-value="false">${maven.compiler.showCompilationChanges}</showCompilationChanges>
  <showDeprecation default-value="false">${maven.compiler.showDeprecation}</showDeprecation>
  <showWarnings default-value="true">${maven.compiler.showWarnings}</showWarnings>
  <skipMain>${maven.main.skip}</skipMain>
  <skipMultiThreadWarning default-value="false">${maven.compiler.skipMultiThreadWarning}</skipMultiThreadWarning>
  <source default-value="1.8">${maven.compiler.source}</source>
  <staleMillis default-value="0">${lastModGranularityMs}</staleMillis>
  <target default-value="1.8">${maven.compiler.target}</target>
  <useIncrementalCompilation default-value="true">${maven.compiler.useIncrementalCompilation}</useIncrementalCompilation>
  <verbose default-value="false">${maven.compiler.verbose}</verbose>
</configuration>
[[1;36mDEBUG[m] -----------------------------------------------------------------------
[[1;36mDEBUG[m] Goal:          org.apache.maven.plugins:maven-resources-plugin:3.3.1:testResources (default-testResources)
[[1;36mDEBUG[m] Style:         Regular
[[1;36mDEBUG[m] Configuration: <?xml version="1.0" encoding="UTF-8"?>
<configuration>
  <addDefaultExcludes default-value="true"/>
  <buildFilters default-value="${project.build.filters}"/>
  <delimiters>
    <delimiter>@</delimiter>
  </delimiters>
  <encoding default-value="${project.build.sourceEncoding}"/>
  <escapeWindowsPaths default-value="true"/>
  <fileNameFiltering default-value="false"/>
  <includeEmptyDirs default-value="false"/>
  <outputDirectory default-value="${project.build.testOutputDirectory}"/>
  <overwrite default-value="false"/>
  <project default-value="${project}"/>
  <propertiesEncoding>UTF-8</propertiesEncoding>
  <resources default-value="${project.testResources}"/>
  <session default-value="${session}"/>
  <skip default-value="false">${maven.test.skip}</skip>
  <supportMultiLineFiltering default-value="false"/>
  <useBuildFilters default-value="true"/>
  <useDefaultDelimiters default-value="true">false</useDefaultDelimiters>
</configuration>
[[1;36mDEBUG[m] -----------------------------------------------------------------------
[[1;36mDEBUG[m] Goal:          org.apache.maven.plugins:maven-compiler-plugin:3.13.0:testCompile (default-testCompile)
[[1;36mDEBUG[m] Style:         Regular
[[1;36mDEBUG[m] Configuration: <?xml version="1.0" encoding="UTF-8"?>
<configuration>
  <annotationProcessorPathsUseDepMgmt default-value="false"/>
  <basedir default-value="${basedir}"/>
  <buildDirectory default-value="${project.build.directory}"/>
  <compileSourceRoots default-value="${project.testCompileSourceRoots}"/>
  <compilerId default-value="javac">${maven.compiler.compilerId}</compilerId>
  <compilerReuseStrategy default-value="${reuseCreated}">${maven.compiler.compilerReuseStrategy}</compilerReuseStrategy>
  <compilerVersion>${maven.compiler.compilerVersion}</compilerVersion>
  <createMissingPackageInfoClass default-value="true">${maven.compiler.createMissingPackageInfoClass}</createMissingPackageInfoClass>
  <debug default-value="true">${maven.compiler.debug}</debug>
  <debugFileName default-value="javac-test"/>
  <debuglevel>${maven.compiler.debuglevel}</debuglevel>
  <enablePreview default-value="false">${maven.compiler.enablePreview}</enablePreview>
  <encoding default-value="${project.build.sourceEncoding}">${encoding}</encoding>
  <executable>${maven.compiler.executable}</executable>
  <failOnError default-value="true">${maven.compiler.failOnError}</failOnError>
  <failOnWarning default-value="false">${maven.compiler.failOnWarning}</failOnWarning>
  <fileExtensions default-value="class,jar"/>
  <forceJavacCompilerUse default-value="false">${maven.compiler.forceJavacCompilerUse}</forceJavacCompilerUse>
  <forceLegacyJavacApi default-value="false">${maven.compiler.forceLegacyJavacApi}</forceLegacyJavacApi>
  <fork default-value="false">${maven.compiler.fork}</fork>
  <generatedTestSourcesDirectory default-value="${project.build.directory}/generated-test-sources/test-annotations"/>
  <implicit>${maven.compiler.implicit}</implicit>
  <maxmem>${maven.compiler.maxmem}</maxmem>
  <meminitial>${maven.compiler.meminitial}</meminitial>
  <mojoExecution default-value="${mojoExecution}"/>
  <optimize default-value="false">${maven.compiler.optimize}</optimize>
  <outputDirectory default-value="${project.build.testOutputDirectory}"/>
  <outputTimestamp default-value="${project.build.outputTimestamp}"/>
  <parameters default-value="false">true</parameters>
  <proc>${maven.compiler.proc}</proc>
  <project default-value="${project}"/>
  <release>${maven.compiler.release}</release>
  <session default-value="${session}"/>
  <showCompilationChanges default-value="false">${maven.compiler.showCompilationChanges}</showCompilationChanges>
  <showDeprecation default-value="false">${maven.compiler.showDeprecation}</showDeprecation>
  <showWarnings default-value="true">${maven.compiler.showWarnings}</showWarnings>
  <skip>${maven.test.skip}</skip>
  <skipMultiThreadWarning default-value="false">${maven.compiler.skipMultiThreadWarning}</skipMultiThreadWarning>
  <source default-value="1.8">${maven.compiler.source}</source>
  <staleMillis default-value="0">${lastModGranularityMs}</staleMillis>
  <target default-value="1.8">${maven.compiler.target}</target>
  <testPath default-value="${project.testClasspathElements}"/>
  <testRelease>${maven.compiler.testRelease}</testRelease>
  <testSource>${maven.compiler.testSource}</testSource>
  <testTarget>${maven.compiler.testTarget}</testTarget>
  <useIncrementalCompilation default-value="true">${maven.compiler.useIncrementalCompilation}</useIncrementalCompilation>
  <useModulePath default-value="true"/>
  <verbose default-value="false">${maven.compiler.verbose}</verbose>
</configuration>
[[1;36mDEBUG[m] -----------------------------------------------------------------------
[[1;36mDEBUG[m] Goal:          org.apache.maven.plugins:maven-surefire-plugin:3.5.3:test (default-test)
[[1;36mDEBUG[m] Style:         Regular
[[1;36mDEBUG[m] Configuration: <?xml version="1.0" encoding="UTF-8"?>
<configuration>
  <additionalClasspathDependencies>${maven.test.additionalClasspathDependencies}</additionalClasspathDependencies>
  <additionalClasspathElements>${maven.test.additionalClasspath}</additionalClasspathElements>
  <argLine>${argLine}</argLine>
  <basedir default-value="${basedir}"/>
  <childDelegation default-value="false">${childDelegation}</childDelegation>
  <classesDirectory default-value="${project.build.outputDirectory}"/>
  <classpathDependencyExcludes>${maven.test.dependency.excludes}</classpathDependencyExcludes>
  <debugForkedProcess>${maven.surefire.debug}</debugForkedProcess>
  <dependenciesToScan>${dependenciesToScan}</dependenciesToScan>
  <disableXmlReport>${disableXmlReport}</disableXmlReport>
  <enableAssertions default-value="true">${enableAssertions}</enableAssertions>
  <enableOutErrElements default-value="true">${enableOutErrElements}</enableOutErrElements>
  <enableProcessChecker>${surefire.enableProcessChecker}</enableProcessChecker>
  <enablePropertiesElement default-value="true">${enablePropertiesElement}</enablePropertiesElement>
  <encoding default-value="${project.reporting.outputEncoding}">${surefire.encoding}</encoding>
  <excludeJUnit5Engines>${surefire.excludeJUnit5Engines}</excludeJUnit5Engines>
  <excludedEnvironmentVariables>${surefire.excludedEnvironmentVariables}</excludedEnvironmentVariables>
  <excludedGroups>${excludedGroups}</excludedGroups>
  <excludes>${surefire.excludes}</excludes>
  <excludesFile>${surefire.excludesFile}</excludesFile>
  <failIfNoSpecifiedTests default-value="true">${surefire.failIfNoSpecifiedTests}</failIfNoSpecifiedTests>
  <failIfNoTests default-value="false">${failIfNoTests}</failIfNoTests>
  <failOnFlakeCount default-value="0">${surefire.failOnFlakeCount}</failOnFlakeCount>
  <forkCount default-value="1">${forkCount}</forkCount>
  <forkNode>${surefire.forkNode}</forkNode>
  <forkedProcessExitTimeoutInSeconds default-value="30">${surefire.exitTimeout}</forkedProcessExitTimeoutInSeconds>
  <forkedProcessTimeoutInSeconds>${surefire.timeout}</forkedProcessTimeoutInSeconds>
  <groups>${groups}</groups>
  <includeJUnit5Engines>${surefire.includeJUnit5Engines}</includeJUnit5Engines>
  <includes>${surefire.includes}</includes>
  <includesFile>${surefire.includesFile}</includesFile>
  <junitArtifactName default-value="junit:junit">${junitArtifactName}</junitArtifactName>
  <jvm>${jvm}</jvm>
  <objectFactory>${objectFactory}</objectFactory>
  <parallel>${parallel}</parallel>
  <parallelMavenExecution default-value="${session.parallel}"/>
  <parallelOptimized default-value="true">${parallelOptimized}</parallelOptimized>
  <parallelTestsTimeoutForcedInSeconds>${surefire.parallel.forcedTimeout}</parallelTestsTimeoutForcedInSeconds>
  <parallelTestsTimeoutInSeconds>${surefire.parallel.timeout}</parallelTestsTimeoutInSeconds>
  <perCoreThreadCount default-value="true">${perCoreThreadCount}</perCoreThreadCount>
  <pluginArtifactMap>${plugin.artifactMap}</pluginArtifactMap>
  <pluginDescriptor default-value="${plugin}"/>
  <printSummary default-value="true">${surefire.printSummary}</printSummary>
  <project default-value="${project}"/>
  <projectArtifactMap>${project.artifactMap}</projectArtifactMap>
  <projectBuildDirectory default-value="${project.build.directory}"/>
  <promoteUserPropertiesToSystemProperties default-value="true"/>
  <redirectTestOutputToFile default-value="false">${maven.test.redirectTestOutputToFile}</redirectTestOutputToFile>
  <reportFormat default-value="brief">${surefire.reportFormat}</reportFormat>
  <reportNameSuffix default-value="">${surefire.reportNameSuffix}</reportNameSuffix>
  <reportsDirectory default-value="${project.build.directory}/surefire-reports"/>
  <rerunFailingTestsCount default-value="0">${surefire.rerunFailingTestsCount}</rerunFailingTestsCount>
  <reuseForks default-value="true">${reuseForks}</reuseForks>
  <runOrder default-value="filesystem">${surefire.runOrder}</runOrder>
  <runOrderRandomSeed>${surefire.runOrder.random.seed}</runOrderRandomSeed>
  <session default-value="${session}"/>
  <shutdown default-value="exit">${surefire.shutdown}</shutdown>
  <skip default-value="false">${maven.test.skip}</skip>
  <skipAfterFailureCount default-value="0">${surefire.skipAfterFailureCount}</skipAfterFailureCount>
  <skipExec>${maven.test.skip.exec}</skipExec>
  <skipTests default-value="false">${skipTests}</skipTests>
  <suiteXmlFiles>${surefire.suiteXmlFiles}</suiteXmlFiles>
  <systemPropertiesFile>${surefire.systemPropertiesFile}</systemPropertiesFile>
  <tempDir default-value="surefire">${tempDir}</tempDir>
  <test>${test}</test>
  <testClassesDirectory default-value="${project.build.testOutputDirectory}"/>
  <testFailureIgnore default-value="false">${maven.test.failure.ignore}</testFailureIgnore>
  <testNGArtifactName default-value="org.testng:testng">${testNGArtifactName}</testNGArtifactName>
  <testSourceDirectory default-value="${project.build.testSourceDirectory}"/>
  <threadCount>${threadCount}</threadCount>
  <threadCountClasses default-value="0">${threadCountClasses}</threadCountClasses>
  <threadCountMethods default-value="0">${threadCountMethods}</threadCountMethods>
  <threadCountSuites default-value="0">${threadCountSuites}</threadCountSuites>
  <trimStackTrace default-value="false">${trimStackTrace}</trimStackTrace>
  <useFile default-value="true">${surefire.useFile}</useFile>
  <useManifestOnlyJar default-value="true">${surefire.useManifestOnlyJar}</useManifestOnlyJar>
  <useModulePath default-value="true">${surefire.useModulePath}</useModulePath>
  <useSystemClassLoader default-value="true">${surefire.useSystemClassLoader}</useSystemClassLoader>
  <useUnlimitedThreads default-value="false">${useUnlimitedThreads}</useUnlimitedThreads>
  <workingDirectory>${basedir}</workingDirectory>
</configuration>
[[1;36mDEBUG[m] =======================================================================
[[1;36mDEBUG[m] Dependency collection stats: {ConflictMarker.analyzeTime=1810900, ConflictMarker.markTime=649400, ConflictMarker.nodeCount=257, ConflictIdSorter.graphTime=1508900, ConflictIdSorter.topsortTime=998600, ConflictIdSorter.conflictIdCount=123, ConflictIdSorter.conflictIdCycleCount=0, ConflictResolver.totalTime=15311000, ConflictResolver.conflictItemCount=242, DefaultDependencyCollector.collectTime=562059500, DefaultDependencyCollector.transformTime=23032900}
[[1;36mDEBUG[m] org.fairwater:fair-water-api:jar:0.0.1-SNAPSHOT
[[1;36mDEBUG[m]    org.springframework.boot:spring-boot-starter-web:jar:3.4.5:compile
[[1;36mDEBUG[m]       org.springframework.boot:spring-boot-starter-json:jar:3.4.5:compile (version managed from 3.4.5)
[[1;36mDEBUG[m]          com.fasterxml.jackson.core:jackson-databind:jar:2.18.3:compile (version managed from 2.18.3)
[[1;36mDEBUG[m]          com.fasterxml.jackson.datatype:jackson-datatype-jdk8:jar:2.18.3:compile (version managed from 2.18.3)
[[1;36mDEBUG[m]          com.fasterxml.jackson.datatype:jackson-datatype-jsr310:jar:2.18.3:compile (version managed from 2.18.3)
[[1;36mDEBUG[m]          com.fasterxml.jackson.module:jackson-module-parameter-names:jar:2.18.3:compile (version managed from 2.18.3)
[[1;36mDEBUG[m]       org.springframework.boot:spring-boot-starter-tomcat:jar:3.4.5:compile (version managed from 3.4.5)
[[1;36mDEBUG[m]          org.apache.tomcat.embed:tomcat-embed-core:jar:10.1.40:compile (version managed from 10.1.40)
[[1;36mDEBUG[m]          org.apache.tomcat.embed:tomcat-embed-el:jar:10.1.40:compile (version managed from 10.1.40)
[[1;36mDEBUG[m]          org.apache.tomcat.embed:tomcat-embed-websocket:jar:10.1.40:compile (version managed from 10.1.40)
[[1;36mDEBUG[m]       org.springframework:spring-web:jar:6.2.6:compile (version managed from 6.2.6)
[[1;36mDEBUG[m]          io.micrometer:micrometer-observation:jar:1.14.6:compile (version managed from 1.14.5)
[[1;36mDEBUG[m]             io.micrometer:micrometer-commons:jar:1.14.6:compile (version managed from 1.14.6)
[[1;36mDEBUG[m]       org.springframework:spring-webmvc:jar:6.2.6:compile (version managed from 6.2.6)
[[1;36mDEBUG[m]          org.springframework:spring-aop:jar:6.2.6:compile (version managed from 6.2.6)
[[1;36mDEBUG[m]          org.springframework:spring-context:jar:6.2.6:compile (version managed from 6.2.6)
[[1;36mDEBUG[m]          org.springframework:spring-expression:jar:6.2.6:compile (version managed from 6.2.6)
[[1;36mDEBUG[m]    org.springframework.boot:spring-boot-starter-data-jpa:jar:3.4.5:compile
[[1;36mDEBUG[m]       org.springframework.boot:spring-boot-starter-jdbc:jar:3.4.5:compile (version managed from 3.4.5)
[[1;36mDEBUG[m]          com.zaxxer:HikariCP:jar:5.1.0:compile (version managed from 5.1.0)
[[1;36mDEBUG[m]          org.springframework:spring-jdbc:jar:6.2.6:compile (version managed from 6.2.6)
[[1;36mDEBUG[m]       org.hibernate.orm:hibernate-core:jar:6.6.13.Final:compile (version managed from 6.6.13.Final)
[[1;36mDEBUG[m]          jakarta.persistence:jakarta.persistence-api:jar:3.1.0:compile (version managed from 3.1.0)
[[1;36mDEBUG[m]          jakarta.transaction:jakarta.transaction-api:jar:2.0.1:compile (version managed from 2.0.1)
[[1;36mDEBUG[m]          org.hibernate.common:hibernate-commons-annotations:jar:7.0.3.Final:runtime
[[1;36mDEBUG[m]          io.smallrye:jandex:jar:3.2.0:runtime
[[1;36mDEBUG[m]          com.fasterxml:classmate:jar:1.7.0:runtime (version managed from 1.5.1)
[[1;36mDEBUG[m]          net.bytebuddy:byte-buddy:jar:1.15.11:runtime (version managed from 1.15.11)
[[1;36mDEBUG[m]          org.glassfish.jaxb:jaxb-runtime:jar:4.0.5:runtime (version managed from 4.0.2)
[[1;36mDEBUG[m]             org.glassfish.jaxb:jaxb-core:jar:4.0.5:runtime (version managed from 4.0.5)
[[1;36mDEBUG[m]                org.eclipse.angus:angus-activation:jar:2.0.2:runtime (version managed from 2.0.2)
[[1;36mDEBUG[m]                org.glassfish.jaxb:txw2:jar:4.0.5:runtime (version managed from 4.0.5)
[[1;36mDEBUG[m]                com.sun.istack:istack-commons-runtime:jar:4.1.2:runtime (version managed from 4.1.2)
[[1;36mDEBUG[m]          jakarta.inject:jakarta.inject-api:jar:2.0.1:runtime (version managed from 2.0.1)
[[1;36mDEBUG[m]          org.antlr:antlr4-runtime:jar:4.13.0:compile
[[1;36mDEBUG[m]       org.springframework.data:spring-data-jpa:jar:3.4.5:compile (version managed from 3.4.5)
[[1;36mDEBUG[m]          org.springframework.data:spring-data-commons:jar:3.4.5:compile (version managed from 3.4.5)
[[1;36mDEBUG[m]          org.springframework:spring-orm:jar:6.2.6:compile (version managed from 6.2.6)
[[1;36mDEBUG[m]          org.springframework:spring-tx:jar:6.2.6:compile (version managed from 6.2.6)
[[1;36mDEBUG[m]       org.springframework:spring-aspects:jar:6.2.6:compile (version managed from 6.2.6)
[[1;36mDEBUG[m]          org.aspectj:aspectjweaver:jar:1.9.24:compile (version managed from 1.9.22.1)
[[1;36mDEBUG[m]    org.springframework.boot:spring-boot-starter-test:jar:3.4.5:test
[[1;36mDEBUG[m]       org.springframework.boot:spring-boot-test:jar:3.4.5:test (version managed from 3.4.5)
[[1;36mDEBUG[m]       org.springframework.boot:spring-boot-test-autoconfigure:jar:3.4.5:test (version managed from 3.4.5)
[[1;36mDEBUG[m]       com.jayway.jsonpath:json-path:jar:2.9.0:test (version managed from 2.9.0)
[[1;36mDEBUG[m]       jakarta.xml.bind:jakarta.xml.bind-api:jar:4.0.2:runtime (version managed from 4.0.2)
[[1;36mDEBUG[m]          jakarta.activation:jakarta.activation-api:jar:2.1.3:runtime (version managed from 2.1.3)
[[1;36mDEBUG[m]       net.minidev:json-smart:jar:2.5.2:test (version managed from 2.5.2)
[[1;36mDEBUG[m]          net.minidev:accessors-smart:jar:2.5.2:test
[[1;36mDEBUG[m]             org.ow2.asm:asm:jar:9.7.1:test
[[1;36mDEBUG[m]       org.assertj:assertj-core:jar:3.26.3:test (version managed from 3.26.3)
[[1;36mDEBUG[m]       org.awaitility:awaitility:jar:4.2.2:test (version managed from 4.2.2)
[[1;36mDEBUG[m]       org.hamcrest:hamcrest:jar:2.2:test (version managed from 2.2)
[[1;36mDEBUG[m]       org.junit.jupiter:junit-jupiter:jar:5.11.4:test (version managed from 5.11.4)
[[1;36mDEBUG[m]          org.junit.jupiter:junit-jupiter-api:jar:5.11.4:test (version managed from 5.11.4)
[[1;36mDEBUG[m]             org.opentest4j:opentest4j:jar:1.3.0:test
[[1;36mDEBUG[m]             org.junit.platform:junit-platform-commons:jar:1.11.4:test (version managed from 1.11.4)
[[1;36mDEBUG[m]             org.apiguardian:apiguardian-api:jar:1.1.2:test
[[1;36mDEBUG[m]          org.junit.jupiter:junit-jupiter-params:jar:5.11.4:test (version managed from 5.11.4)
[[1;36mDEBUG[m]          org.junit.jupiter:junit-jupiter-engine:jar:5.11.4:test (version managed from 5.11.4)
[[1;36mDEBUG[m]             org.junit.platform:junit-platform-engine:jar:1.11.4:test (version managed from 1.11.4)
[[1;36mDEBUG[m]       org.mockito:mockito-core:jar:5.14.2:test (version managed from 5.14.2)
[[1;36mDEBUG[m]          net.bytebuddy:byte-buddy-agent:jar:1.15.11:test (version managed from 1.15.4)
[[1;36mDEBUG[m]          org.objenesis:objenesis:jar:3.3:test
[[1;36mDEBUG[m]       org.mockito:mockito-junit-jupiter:jar:5.14.2:test (version managed from 5.14.2)
[[1;36mDEBUG[m]       org.skyscreamer:jsonassert:jar:1.5.3:test (version managed from 1.5.3)
[[1;36mDEBUG[m]          com.vaadin.external.google:android-json:jar:0.0.20131108.vaadin1:test
[[1;36mDEBUG[m]       org.springframework:spring-test:jar:6.2.6:test (version managed from 6.2.6)
[[1;36mDEBUG[m]       org.xmlunit:xmlunit-core:jar:2.10.0:test (version managed from 2.10.0)
[[1;36mDEBUG[m]    org.postgresql:postgresql:jar:42.7.3:runtime
[[1;36mDEBUG[m]       org.checkerframework:checker-qual:jar:3.42.0:runtime
[[1;36mDEBUG[m]    org.hibernate.orm:hibernate-spatial:jar:6.6.13.Final:compile
[[1;36mDEBUG[m]       org.geolatte:geolatte-geom:jar:1.9.1:compile
[[1;36mDEBUG[m]       org.jboss.logging:jboss-logging:jar:3.6.1.Final:runtime (version managed from 3.5.0.Final)
[[1;36mDEBUG[m]    org.eclipse.rdf4j:rdf4j-model:jar:4.3.0:compile
[[1;36mDEBUG[m]       org.eclipse.rdf4j:rdf4j-model-api:jar:4.3.0:compile
[[1;36mDEBUG[m]          org.eclipse.rdf4j:rdf4j-common-annotation:jar:4.3.0:compile
[[1;36mDEBUG[m]       org.eclipse.rdf4j:rdf4j-model-vocabulary:jar:4.3.0:compile
[[1;36mDEBUG[m]       org.eclipse.rdf4j:rdf4j-common-exception:jar:4.3.0:compile
[[1;36mDEBUG[m]       org.eclipse.rdf4j:rdf4j-common-text:jar:4.3.0:compile
[[1;36mDEBUG[m]       org.eclipse.rdf4j:rdf4j-common-io:jar:4.3.0:compile
[[1;36mDEBUG[m]          org.eclipse.rdf4j:rdf4j-common-util:jar:4.3.0:compile
[[1;36mDEBUG[m]       org.eclipse.rdf4j:rdf4j-common-iterator:jar:4.3.0:compile
[[1;36mDEBUG[m]       com.google.guava:guava:jar:30.1.1-jre:compile
[[1;36mDEBUG[m]          com.google.guava:failureaccess:jar:1.0.1:compile
[[1;36mDEBUG[m]          com.google.guava:listenablefuture:jar:9999.0-empty-to-avoid-conflict-with-guava:compile
[[1;36mDEBUG[m]    org.locationtech.jts:jts-core:jar:1.19.0:compile
[[1;36mDEBUG[m]    org.springframework.boot:spring-boot-starter:jar:3.4.5:compile
[[1;36mDEBUG[m]       org.springframework.boot:spring-boot:jar:3.4.5:compile (version managed from 3.4.5)
[[1;36mDEBUG[m]       org.springframework.boot:spring-boot-autoconfigure:jar:3.4.5:compile (version managed from 3.4.5)
[[1;36mDEBUG[m]       org.springframework.boot:spring-boot-starter-logging:jar:3.4.5:compile (version managed from 3.4.5)
[[1;36mDEBUG[m]          ch.qos.logback:logback-classic:jar:1.5.18:compile (version managed from 1.5.18)
[[1;36mDEBUG[m]             ch.qos.logback:logback-core:jar:1.5.18:compile (version managed from 1.5.18)
[[1;36mDEBUG[m]          org.apache.logging.log4j:log4j-to-slf4j:jar:2.24.3:compile (version managed from 2.24.3)
[[1;36mDEBUG[m]             org.apache.logging.log4j:log4j-api:jar:2.24.3:compile (version managed from 2.24.3)
[[1;36mDEBUG[m]          org.slf4j:jul-to-slf4j:jar:2.0.17:compile (version managed from 2.0.17)
[[1;36mDEBUG[m]       jakarta.annotation:jakarta.annotation-api:jar:2.1.1:compile (version managed from 2.1.1)
[[1;36mDEBUG[m]       org.yaml:snakeyaml:jar:2.3:compile (version managed from 2.3)
[[1;36mDEBUG[m]    org.springframework:spring-beans:jar:6.2.6:compile
[[1;36mDEBUG[m]    org.eclipse.rdf4j:rdf4j-repository-api:jar:4.3.0:compile
[[1;36mDEBUG[m]       org.eclipse.rdf4j:rdf4j-query:jar:4.3.0:compile
[[1;36mDEBUG[m]          com.fasterxml.jackson.core:jackson-annotations:jar:2.18.3:compile (version managed from 2.13.4)
[[1;36mDEBUG[m]          com.fasterxml.jackson.core:jackson-core:jar:2.18.3:compile (version managed from 2.13.4)
[[1;36mDEBUG[m]          org.apache.commons:commons-text:jar:1.10.0:compile
[[1;36mDEBUG[m]             org.apache.commons:commons-lang3:jar:3.17.0:compile (version managed from 3.12.0)
[[1;36mDEBUG[m]       org.eclipse.rdf4j:rdf4j-rio-api:jar:4.3.0:compile
[[1;36mDEBUG[m]          org.eclipse.rdf4j:rdf4j-common-xml:jar:4.3.0:compile
[[1;36mDEBUG[m]          commons-codec:commons-codec:jar:1.17.2:compile (version managed from 1.15)
[[1;36mDEBUG[m]          com.github.jsonld-java:jsonld-java:jar:0.13.4:compile
[[1;36mDEBUG[m]             org.apache.httpcomponents:httpclient-osgi:jar:4.5.13:compile
[[1;36mDEBUG[m]                org.apache.httpcomponents:httpclient:jar:4.5.13:compile
[[1;36mDEBUG[m]                org.apache.httpcomponents:httpmime:jar:4.5.13:compile
[[1;36mDEBUG[m]                org.apache.httpcomponents:httpclient-cache:jar:4.5.13:compile
[[1;36mDEBUG[m]                org.apache.httpcomponents:fluent-hc:jar:4.5.13:compile
[[1;36mDEBUG[m]             org.apache.httpcomponents:httpcore-osgi:jar:4.4.14:compile
[[1;36mDEBUG[m]                org.apache.httpcomponents:httpcore:jar:4.4.16:compile (version managed from 4.4.14)
[[1;36mDEBUG[m]                org.apache.httpcomponents:httpcore-nio:jar:4.4.16:compile (version managed from 4.4.14)
[[1;36mDEBUG[m]             org.slf4j:jcl-over-slf4j:jar:2.0.17:runtime (version managed from 1.7.32)
[[1;36mDEBUG[m]             commons-io:commons-io:jar:2.8.0:compile
[[1;36mDEBUG[m]       org.eclipse.rdf4j:rdf4j-common-transaction:jar:4.3.0:compile
[[1;36mDEBUG[m]       org.slf4j:slf4j-api:jar:2.0.17:compile (version managed from 1.7.36)
[[1;36mDEBUG[m]    org.springframework:spring-core:jar:6.2.6:compile
[[1;36mDEBUG[m]       org.springframework:spring-jcl:jar:6.2.6:compile (version managed from 6.2.6)
[[1;34mINFO[m] 
[[1;34mINFO[m] [1m--- [0;32mmaven-resources-plugin:3.3.1:resources[m [1m(default-resources)[m @ [36mfair-water-api[0;1m ---[m
[[1;36mDEBUG[m] Dependency collection stats: {ConflictMarker.analyzeTime=170200, ConflictMarker.markTime=50800, ConflictMarker.nodeCount=13, ConflictIdSorter.graphTime=53500, ConflictIdSorter.topsortTime=14400, ConflictIdSorter.conflictIdCount=9, ConflictIdSorter.conflictIdCycleCount=0, ConflictResolver.totalTime=209000, ConflictResolver.conflictItemCount=13, DefaultDependencyCollector.collectTime=35096200, DefaultDependencyCollector.transformTime=582200}
[[1;36mDEBUG[m] org.apache.maven.plugins:maven-resources-plugin:jar:3.3.1
[[1;36mDEBUG[m]    org.codehaus.plexus:plexus-interpolation:jar:1.26:runtime
[[1;36mDEBUG[m]    org.codehaus.plexus:plexus-utils:jar:3.5.1:compile
[[1;36mDEBUG[m]    org.apache.maven.shared:maven-filtering:jar:3.3.1:compile
[[1;36mDEBUG[m]       javax.inject:javax.inject:jar:1:compile
[[1;36mDEBUG[m]       org.slf4j:slf4j-api:jar:1.7.36:compile
[[1;36mDEBUG[m]       org.sonatype.plexus:plexus-build-api:jar:0.0.7:compile
[[1;36mDEBUG[m]    commons-io:commons-io:jar:2.11.0:compile
[[1;36mDEBUG[m]    org.apache.commons:commons-lang3:jar:3.12.0:compile
[[1;36mDEBUG[m] Created new class realm plugin>org.apache.maven.plugins:maven-resources-plugin:3.3.1
[[1;36mDEBUG[m] Importing foreign packages into class realm plugin>org.apache.maven.plugins:maven-resources-plugin:3.3.1
[[1;36mDEBUG[m]   Imported:  < maven.api
[[1;36mDEBUG[m] Populating class realm plugin>org.apache.maven.plugins:maven-resources-plugin:3.3.1
[[1;36mDEBUG[m]   Included: org.apache.maven.plugins:maven-resources-plugin:jar:3.3.1
[[1;36mDEBUG[m]   Included: org.codehaus.plexus:plexus-interpolation:jar:1.26
[[1;36mDEBUG[m]   Included: org.codehaus.plexus:plexus-utils:jar:3.5.1
[[1;36mDEBUG[m]   Included: org.apache.maven.shared:maven-filtering:jar:3.3.1
[[1;36mDEBUG[m]   Included: org.sonatype.plexus:plexus-build-api:jar:0.0.7
[[1;36mDEBUG[m]   Included: commons-io:commons-io:jar:2.11.0
[[1;36mDEBUG[m]   Included: org.apache.commons:commons-lang3:jar:3.12.0
[[1;36mDEBUG[m] Configuring mojo org.apache.maven.plugins:maven-resources-plugin:3.3.1:resources from plugin realm ClassRealm[plugin>org.apache.maven.plugins:maven-resources-plugin:3.3.1, parent: jdk.internal.loader.ClassLoaders$AppClassLoader@1698c449]
[[1;36mDEBUG[m] Configuring mojo 'org.apache.maven.plugins:maven-resources-plugin:3.3.1:resources' with basic configurator -->
[[1;36mDEBUG[m]   (f) addDefaultExcludes = true
[[1;36mDEBUG[m]   (f) buildFilters = []
[[1;36mDEBUG[m]   (s) delimiters = [@]
[[1;36mDEBUG[m]   (f) encoding = UTF-8
[[1;36mDEBUG[m]   (f) escapeWindowsPaths = true
[[1;36mDEBUG[m]   (f) fileNameFiltering = false
[[1;36mDEBUG[m]   (s) includeEmptyDirs = false
[[1;36mDEBUG[m]   (s) outputDirectory = /mnt/c/Users/Malef/Desktop/Motivation_Préparation_Entretiens/fair-water-data/fair-water-api/target/classes
[[1;36mDEBUG[m]   (s) overwrite = false
[[1;36mDEBUG[m]   (f) project = MavenProject: org.fairwater:fair-water-api:0.0.1-SNAPSHOT @ /mnt/c/Users/Malef/Desktop/Motivation_Préparation_Entretiens/fair-water-data/fair-water-api/pom.xml
[[1;36mDEBUG[m]   (f) propertiesEncoding = UTF-8
[[1;36mDEBUG[m]   (s) resources = [Resource {targetPath: null, filtering: true, FileSet {directory: /mnt/c/Users/Malef/Desktop/Motivation_Préparation_Entretiens/fair-water-data/fair-water-api/src/main/resources, PatternSet [includes: {**/application*.yml, **/application*.yaml, **/application*.properties}, excludes: {}]}}, Resource {targetPath: null, filtering: false, FileSet {directory: /mnt/c/Users/Malef/Desktop/Motivation_Préparation_Entretiens/fair-water-data/fair-water-api/src/main/resources, PatternSet [includes: {}, excludes: {**/application*.yml, **/application*.yaml, **/application*.properties}]}}]
[[1;36mDEBUG[m]   (f) session = org.apache.maven.execution.MavenSession@385e36d4
[[1;36mDEBUG[m]   (f) skip = false
[[1;36mDEBUG[m]   (f) supportMultiLineFiltering = false
[[1;36mDEBUG[m]   (f) useBuildFilters = true
[[1;36mDEBUG[m]   (s) useDefaultDelimiters = false
[[1;36mDEBUG[m] -- end configuration --
[[1;36mDEBUG[m] properties used:
[[1;36mDEBUG[m] activemq.version: 6.1.6
[[1;36mDEBUG[m] angus-mail.version: 2.0.3
[[1;36mDEBUG[m] artemis.version: 2.37.0
[[1;36mDEBUG[m] aspectj.version: 1.9.24
[[1;36mDEBUG[m] assertj.version: 3.26.3
[[1;36mDEBUG[m] awaitility.version: 4.2.2
[[1;36mDEBUG[m] brave.version: 6.0.3
[[1;36mDEBUG[m] build-helper-maven-plugin.version: 3.6.0
[[1;36mDEBUG[m] byte-buddy.version: 1.15.11
[[1;36mDEBUG[m] cache2k.version: 2.6.1.Final
[[1;36mDEBUG[m] caffeine.version: 3.1.8
[[1;36mDEBUG[m] cassandra-driver.version: 4.18.1
[[1;36mDEBUG[m] classmate.version: 1.7.0
[[1;36mDEBUG[m] classworlds.conf: /usr/share/maven/bin/m2.conf
[[1;36mDEBUG[m] commons-codec.version: 1.17.2
[[1;36mDEBUG[m] commons-dbcp2.version: 2.12.0
[[1;36mDEBUG[m] commons-lang3.version: 3.17.0
[[1;36mDEBUG[m] commons-pool.version: 1.6
[[1;36mDEBUG[m] commons-pool2.version: 2.12.1
[[1;36mDEBUG[m] couchbase-client.version: 3.7.9
[[1;36mDEBUG[m] crac.version: 1.5.0
[[1;36mDEBUG[m] cyclonedx-maven-plugin.version: 2.9.1
[[1;36mDEBUG[m] db2-jdbc.version: 11.5.9.0
[[1;36mDEBUG[m] dependency-management-plugin.version: 1.1.7
[[1;36mDEBUG[m] derby.version: 10.16.1.1
[[1;36mDEBUG[m] ehcache3.version: 3.10.8
[[1;36mDEBUG[m] elasticsearch-client.version: 8.15.5
[[1;36mDEBUG[m] env.COLORTERM: truecolor
[[1;36mDEBUG[m] env.GIT_ASKPASS: /home/skander26/.vscode-server/bin/17baf841131aa23349f217ca7c570c76ee87b957/extensions/git/dist/askpass.sh
[[1;36mDEBUG[m] env.HOME: /home/skander26
[[1;36mDEBUG[m] env.HOSTTYPE: x86_64
[[1;36mDEBUG[m] env.LANG: C.UTF-8
[[1;36mDEBUG[m] env.LESSCLOSE: /usr/bin/lesspipe %s %s
[[1;36mDEBUG[m] env.LESSOPEN: | /usr/bin/lesspipe %s
[[1;36mDEBUG[m] env.LOGNAME: skander26
[[1;36mDEBUG[m] env.LS_COLORS: rs=0:di=01;34:ln=01;36:mh=00:pi=40;33:so=01;35:do=01;35:bd=40;33;01:cd=40;33;01:or=40;31;01:mi=00:su=37;41:sg=30;43:ca=30;41:tw=30;42:ow=34;42:st=37;44:ex=01;32:*.tar=01;31:*.tgz=01;31:*.arc=01;31:*.arj=01;31:*.taz=01;31:*.lha=01;31:*.lz4=01;31:*.lzh=01;31:*.lzma=01;31:*.tlz=01;31:*.txz=01;31:*.tzo=01;31:*.t7z=01;31:*.zip=01;31:*.z=01;31:*.dz=01;31:*.gz=01;31:*.lrz=01;31:*.lz=01;31:*.lzo=01;31:*.xz=01;31:*.zst=01;31:*.tzst=01;31:*.bz2=01;31:*.bz=01;31:*.tbz=01;31:*.tbz2=01;31:*.tz=01;31:*.deb=01;31:*.rpm=01;31:*.jar=01;31:*.war=01;31:*.ear=01;31:*.sar=01;31:*.rar=01;31:*.alz=01;31:*.ace=01;31:*.zoo=01;31:*.cpio=01;31:*.7z=01;31:*.rz=01;31:*.cab=01;31:*.wim=01;31:*.swm=01;31:*.dwm=01;31:*.esd=01;31:*.jpg=01;35:*.jpeg=01;35:*.mjpg=01;35:*.mjpeg=01;35:*.gif=01;35:*.bmp=01;35:*.pbm=01;35:*.pgm=01;35:*.ppm=01;35:*.tga=01;35:*.xbm=01;35:*.xpm=01;35:*.tif=01;35:*.tiff=01;35:*.png=01;35:*.svg=01;35:*.svgz=01;35:*.mng=01;35:*.pcx=01;35:*.mov=01;35:*.mpg=01;35:*.mpeg=01;35:*.m2v=01;35:*.mkv=01;35:*.webm=01;35:*.webp=01;35:*.ogm=01;35:*.mp4=01;35:*.m4v=01;35:*.mp4v=01;35:*.vob=01;35:*.qt=01;35:*.nuv=01;35:*.wmv=01;35:*.asf=01;35:*.rm=01;35:*.rmvb=01;35:*.flc=01;35:*.avi=01;35:*.fli=01;35:*.flv=01;35:*.gl=01;35:*.dl=01;35:*.xcf=01;35:*.xwd=01;35:*.yuv=01;35:*.cgm=01;35:*.emf=01;35:*.ogv=01;35:*.ogx=01;35:*.aac=00;36:*.au=00;36:*.flac=00;36:*.m4a=00;36:*.mid=00;36:*.midi=00;36:*.mka=00;36:*.mp3=00;36:*.mpc=00;36:*.ogg=00;36:*.ra=00;36:*.wav=00;36:*.oga=00;36:*.opus=00;36:*.spx=00;36:*.xspf=00;36:
[[1;36mDEBUG[m] env.MAVEN_CMD_LINE_ARGS:  test -e -X
[[1;36mDEBUG[m] env.MAVEN_OPTS:  -Xms256m -Xmx512m
[[1;36mDEBUG[m] env.MAVEN_PROJECTBASEDIR: /mnt/c/Users/Malef/Desktop/Motivation_Préparation_Entretiens/fair-water-data/fair-water-api
[[1;36mDEBUG[m] env.MOTD_SHOWN: update-motd
[[1;36mDEBUG[m] env.NAME: Code
[[1;36mDEBUG[m] env.OLDPWD: /mnt/c/Users/Malef/Desktop/Motivation_Préparation_Entretiens/fair-water-data/fair-water-api
[[1;36mDEBUG[m] env.PATH: /home/skander26/.vscode-server/bin/17baf841131aa23349f217ca7c570c76ee87b957/bin/remote-cli:/usr/local/sbin:/usr/local/bin:/usr/sbin:/usr/bin:/sbin:/bin:/usr/games:/usr/local/games:/mnt/c/Program Files/Eclipse Adoptium/jdk-11.0.14.9-hotspot/bin:/mnt/c/Program Files/Eclipse Adoptium/jdk-17.0.2.8-hotspot/bin:/mnt/c/windows/system32:/mnt/c/windows:/mnt/c/windows/System32/Wbem:/mnt/c/windows/System32/WindowsPowerShell/v1.0/:/mnt/c/windows/System32/OpenSSH/:/mnt/c/Program Files (x86)/NVIDIA Corporation/PhysX/Common:/mnt/c/Program Files/NVIDIA Corporation/NVIDIA NvDLISR:/mnt/c/WINDOWS/system32:/mnt/c/WINDOWS:/mnt/c/WINDOWS/System32/Wbem:/mnt/c/WINDOWS/System32/WindowsPowerShell/v1.0/:/mnt/c/WINDOWS/System32/OpenSSH/:/mnt/c/Program Files/dotnet/:/mnt/c/Anaconda3:/mnt/c/Anaconda3/Scripts:/mnt/c/Program Files/Microsoft/Web Platform Installer/:/mnt/c/Program Files (x86)/Microsoft ASP.NET/ASP.NET Web Pages/v1.0/:/mnt/c/Program Files/Microsoft SQL Server/110/Tools/Binn/:/mnt/c/Program Files/nodejs/:/mnt/c/Program Files (x86)/Windows Kits/10/Windows Performance Toolkit/:/mnt/c/Program Files (x86)/Microsoft SQL Server/160/Tools/Binn/:/mnt/c/Program Files/Microsoft SQL Server/160/Tools/Binn/:/mnt/c/Program Files/Microsoft SQL Server/Client SDK/ODBC/170/Tools/Binn/:/mnt/c/Program Files/Microsoft SQL Server/160/DTS/Binn/:/mnt/c/Program Files (x86)/Microsoft SQL Server/160/DTS/Binn/:/mnt/c/Python/Python310/Scripts/:/mnt/c/Python/Python310/:/mnt/c/Users/Malef/AppData/Local/Microsoft/WindowsApps:/mnt/c/Program Files/QGIS 3.22.4/apps/Python39Qgis:/mnt/c/Users/Malef/AppData/Local/Programs/Microsoft VS Code/bin:/mnt/c/MinGW/bin:/mnt/c/Users/Malef/AppData/Roaming/npm:/mnt/c/OSGeo4W/bin:/mnt/c/Program Files/QGIS 3.10/bin:/mnt/c/Python/Python310/Lib/site-packages/osgeo:/snap/bin
[[1;36mDEBUG[m] env.PWD: /mnt/c/Users/Malef/Desktop/Motivation_Préparation_Entretiens/fair-water-data/fair-water-api
[[1;36mDEBUG[m] env.SHELL: /bin/bash
[[1;36mDEBUG[m] env.SHLVL: 2
[[1;36mDEBUG[m] env.TERM: xterm-256color
[[1;36mDEBUG[m] env.TERM_PROGRAM: vscode
[[1;36mDEBUG[m] env.TERM_PROGRAM_VERSION: 1.99.3
[[1;36mDEBUG[m] env.USER: skander26
[[1;36mDEBUG[m] env.VSCODE_GIT_ASKPASS_EXTRA_ARGS: 
[[1;36mDEBUG[m] env.VSCODE_GIT_ASKPASS_MAIN: /home/skander26/.vscode-server/bin/17baf841131aa23349f217ca7c570c76ee87b957/extensions/git/dist/askpass-main.js
[[1;36mDEBUG[m] env.VSCODE_GIT_ASKPASS_NODE: /home/skander26/.vscode-server/bin/17baf841131aa23349f217ca7c570c76ee87b957/node
[[1;36mDEBUG[m] env.VSCODE_GIT_IPC_HANDLE: /tmp/vscode-git-d0eaed5e15.sock
[[1;36mDEBUG[m] env.VSCODE_IPC_HOOK_CLI: /tmp/vscode-ipc-ddc82875-9178-42aa-af57-8976baaacdfc.sock
[[1;36mDEBUG[m] env.WSLENV: ELECTRON_RUN_AS_NODE/w:
[[1;36mDEBUG[m] env.WSL_DISTRO_NAME: Ubuntu
[[1;36mDEBUG[m] env.XDG_DATA_DIRS: /usr/local/share:/usr/share:/var/lib/snapd/desktop
[[1;36mDEBUG[m] env._: /usr/bin/mvn
[[1;36mDEBUG[m] file.encoding: UTF-8
[[1;36mDEBUG[m] file.separator: /
[[1;36mDEBUG[m] flyway.version: 10.20.1
[[1;36mDEBUG[m] freemarker.version: 2.3.34
[[1;36mDEBUG[m] git-commit-id-maven-plugin.version: 9.0.1
[[1;36mDEBUG[m] glassfish-jaxb.version: 4.0.5
[[1;36mDEBUG[m] glassfish-jstl.version: 3.0.1
[[1;36mDEBUG[m] graphql-java.version: 22.3
[[1;36mDEBUG[m] groovy.version: 4.0.26
[[1;36mDEBUG[m] gson.version: 2.11.0
[[1;36mDEBUG[m] h2.version: 2.3.232
[[1;36mDEBUG[m] hamcrest.version: 2.2
[[1;36mDEBUG[m] hazelcast.version: 5.5.0
[[1;36mDEBUG[m] hibernate-validator.version: 8.0.2.Final
[[1;36mDEBUG[m] hibernate.version: 6.6.13.Final
[[1;36mDEBUG[m] hikaricp.version: 5.1.0
[[1;36mDEBUG[m] hsqldb.version: 2.7.3
[[1;36mDEBUG[m] htmlunit.version: 4.5.0
[[1;36mDEBUG[m] httpasyncclient.version: 4.1.5
[[1;36mDEBUG[m] httpclient5.version: 5.4.3
[[1;36mDEBUG[m] httpcore.version: 4.4.16
[[1;36mDEBUG[m] httpcore5.version: 5.3.4
[[1;36mDEBUG[m] infinispan.version: 15.0.14.Final
[[1;36mDEBUG[m] influxdb-java.version: 2.24
[[1;36mDEBUG[m] jackson-bom.version: 2.18.3
[[1;36mDEBUG[m] jakarta-activation.version: 2.1.3
[[1;36mDEBUG[m] jakarta-annotation.version: 2.1.1
[[1;36mDEBUG[m] jakarta-inject.version: 2.0.1
[[1;36mDEBUG[m] jakarta-jms.version: 3.1.0
[[1;36mDEBUG[m] jakarta-json-bind.version: 3.0.1
[[1;36mDEBUG[m] jakarta-json.version: 2.1.3
[[1;36mDEBUG[m] jakarta-mail.version: 2.1.3
[[1;36mDEBUG[m] jakarta-management.version: 1.1.4
[[1;36mDEBUG[m] jakarta-persistence.version: 3.1.0
[[1;36mDEBUG[m] jakarta-servlet-jsp-jstl.version: 3.0.2
[[1;36mDEBUG[m] jakarta-servlet.version: 6.0.0
[[1;36mDEBUG[m] jakarta-transaction.version: 2.0.1
[[1;36mDEBUG[m] jakarta-validation.version: 3.0.2
[[1;36mDEBUG[m] jakarta-websocket.version: 2.1.1
[[1;36mDEBUG[m] jakarta-ws-rs.version: 3.1.0
[[1;36mDEBUG[m] jakarta-xml-bind.version: 4.0.2
[[1;36mDEBUG[m] jakarta-xml-soap.version: 3.0.2
[[1;36mDEBUG[m] jakarta-xml-ws.version: 4.0.2
[[1;36mDEBUG[m] janino.version: 3.1.12
[[1;36mDEBUG[m] java.class.path: /usr/share/maven/boot/plexus-classworlds-2.x.jar
[[1;36mDEBUG[m] java.class.version: 62.0
[[1;36mDEBUG[m] java.home: /usr/lib/jvm/java-18-openjdk-amd64
[[1;36mDEBUG[m] java.io.tmpdir: /tmp
[[1;36mDEBUG[m] java.library.path: /usr/java/packages/lib:/usr/lib/x86_64-linux-gnu/jni:/lib/x86_64-linux-gnu:/usr/lib/x86_64-linux-gnu:/usr/lib/jni:/lib:/usr/lib
[[1;36mDEBUG[m] java.runtime.name: OpenJDK Runtime Environment
[[1;36mDEBUG[m] java.runtime.version: 18.0.2-ea+9-Ubuntu-222.04
[[1;36mDEBUG[m] java.specification.name: Java Platform API Specification
[[1;36mDEBUG[m] java.specification.vendor: Oracle Corporation
[[1;36mDEBUG[m] java.specification.version: 18
[[1;36mDEBUG[m] java.vendor: Private Build
[[1;36mDEBUG[m] java.vendor.url: Unknown
[[1;36mDEBUG[m] java.vendor.url.bug: Unknown
[[1;36mDEBUG[m] java.version: 18.0.2-ea
[[1;36mDEBUG[m] java.version.date: 2022-07-19
[[1;36mDEBUG[m] java.vm.compressedOopsMode: 32-bit
[[1;36mDEBUG[m] java.vm.info: mixed mode, sharing
[[1;36mDEBUG[m] java.vm.name: OpenJDK 64-Bit Server VM
[[1;36mDEBUG[m] java.vm.specification.name: Java Virtual Machine Specification
[[1;36mDEBUG[m] java.vm.specification.vendor: Oracle Corporation
[[1;36mDEBUG[m] java.vm.specification.version: 18
[[1;36mDEBUG[m] java.vm.vendor: Private Build
[[1;36mDEBUG[m] java.vm.version: 18.0.2-ea+9-Ubuntu-222.04
[[1;36mDEBUG[m] javax-cache.version: 1.1.1
[[1;36mDEBUG[m] javax-money.version: 1.1
[[1;36mDEBUG[m] jaxen.version: 2.0.0
[[1;36mDEBUG[m] jaybird.version: 5.0.7.java11
[[1;36mDEBUG[m] jboss-logging.version: 3.6.1.Final
[[1;36mDEBUG[m] jdk.debug: release
[[1;36mDEBUG[m] jdom2.version: 2.0.6.1
[[1;36mDEBUG[m] jedis.version: 5.2.0
[[1;36mDEBUG[m] jersey.version: 3.1.10
[[1;36mDEBUG[m] jetty-reactive-httpclient.version: 4.0.9
[[1;36mDEBUG[m] jetty.version: 12.0.19
[[1;36mDEBUG[m] jmustache.version: 1.16
[[1;36mDEBUG[m] jooq.version: 3.19.22
[[1;36mDEBUG[m] json-path.version: 2.9.0
[[1;36mDEBUG[m] json-smart.version: 2.5.2
[[1;36mDEBUG[m] jsonassert.version: 1.5.3
[[1;36mDEBUG[m] jtds.version: 1.3.1
[[1;36mDEBUG[m] jts.version: 1.19.0
[[1;36mDEBUG[m] junit-jupiter.version: 5.11.4
[[1;36mDEBUG[m] junit.version: 4.13.2
[[1;36mDEBUG[m] kafka.version: 3.8.1
[[1;36mDEBUG[m] kotlin-coroutines.version: 1.8.1
[[1;36mDEBUG[m] kotlin-serialization.version: 1.6.3
[[1;36mDEBUG[m] kotlin.version: 1.9.25
[[1;36mDEBUG[m] lettuce.version: 6.4.2.RELEASE
[[1;36mDEBUG[m] library.jansi.path: /usr/share/maven/lib/jansi-native
[[1;36mDEBUG[m] line.separator: 

[[1;36mDEBUG[m] liquibase.version: 4.29.2
[[1;36mDEBUG[m] log4j2.version: 2.24.3
[[1;36mDEBUG[m] logback.version: 1.5.18
[[1;36mDEBUG[m] lombok.version: 1.18.38
[[1;36mDEBUG[m] mariadb.version: 3.4.2
[[1;36mDEBUG[m] maven-antrun-plugin.version: 3.1.0
[[1;36mDEBUG[m] maven-assembly-plugin.version: 3.7.1
[[1;36mDEBUG[m] maven-clean-plugin.version: 3.4.1
[[1;36mDEBUG[m] maven-compiler-plugin.version: 3.13.0
[[1;36mDEBUG[m] maven-dependency-plugin.version: 3.8.1
[[1;36mDEBUG[m] maven-deploy-plugin.version: 3.1.4
[[1;36mDEBUG[m] maven-enforcer-plugin.version: 3.5.0
[[1;36mDEBUG[m] maven-failsafe-plugin.version: 3.5.3
[[1;36mDEBUG[m] maven-help-plugin.version: 3.5.1
[[1;36mDEBUG[m] maven-install-plugin.version: 3.1.4
[[1;36mDEBUG[m] maven-invoker-plugin.version: 3.8.1
[[1;36mDEBUG[m] maven-jar-plugin.version: 3.4.2
[[1;36mDEBUG[m] maven-javadoc-plugin.version: 3.10.1
[[1;36mDEBUG[m] maven-resources-plugin.version: 3.3.1
[[1;36mDEBUG[m] maven-shade-plugin.version: 3.6.0
[[1;36mDEBUG[m] maven-source-plugin.version: 3.3.1
[[1;36mDEBUG[m] maven-surefire-plugin.version: 3.5.3
[[1;36mDEBUG[m] maven-war-plugin.version: 3.4.0
[[1;36mDEBUG[m] maven.build.timestamp: 2025-04-27T14:24:58Z
[[1;36mDEBUG[m] maven.build.version: Apache Maven 3.6.3
[[1;36mDEBUG[m] maven.compiler.release: 17
[[1;36mDEBUG[m] maven.conf: /usr/share/maven/conf
[[1;36mDEBUG[m] maven.home: /usr/share/maven
[[1;36mDEBUG[m] maven.multiModuleProjectDirectory: /mnt/c/Users/Malef/Desktop/Motivation_Préparation_Entretiens/fair-water-data/fair-water-api
[[1;36mDEBUG[m] maven.version: 3.6.3
[[1;36mDEBUG[m] micrometer-tracing.version: 1.4.5
[[1;36mDEBUG[m] micrometer.version: 1.14.6
[[1;36mDEBUG[m] mockito.version: 5.14.2
[[1;36mDEBUG[m] mongodb.version: 5.2.1
[[1;36mDEBUG[m] mssql-jdbc.version: 12.8.1.jre11
[[1;36mDEBUG[m] mysql.version: 9.1.0
[[1;36mDEBUG[m] native-build-tools-plugin.version: 0.10.6
[[1;36mDEBUG[m] native.encoding: UTF-8
[[1;36mDEBUG[m] nekohtml.version: 1.9.22
[[1;36mDEBUG[m] neo4j-java-driver.version: 5.28.4
[[1;36mDEBUG[m] netty.version: 4.1.119.Final
[[1;36mDEBUG[m] opentelemetry.version: 1.43.0
[[1;36mDEBUG[m] oracle-database.version: 23.5.0.24.07
[[1;36mDEBUG[m] oracle-r2dbc.version: 1.2.0
[[1;36mDEBUG[m] os.arch: amd64
[[1;36mDEBUG[m] os.name: Linux
[[1;36mDEBUG[m] os.version: 4.4.0-22621-Microsoft
[[1;36mDEBUG[m] path.separator: :
[[1;36mDEBUG[m] pooled-jms.version: 3.1.7
[[1;36mDEBUG[m] postgis.version: 42.6.0
[[1;36mDEBUG[m] postgresql.version: 42.7.3
[[1;36mDEBUG[m] project.baseUri: file:/mnt/c/Users/Malef/Desktop/Motivation_Préparation_Entretiens/fair-water-data/fair-water-api/
[[1;36mDEBUG[m] project.build.sourceEncoding: UTF-8
[[1;36mDEBUG[m] project.reporting.outputEncoding: UTF-8
[[1;36mDEBUG[m] prometheus-client.version: 1.3.6
[[1;36mDEBUG[m] prometheus-simpleclient.version: 0.16.0
[[1;36mDEBUG[m] pulsar-reactive.version: 0.5.10
[[1;36mDEBUG[m] pulsar.version: 3.3.6
[[1;36mDEBUG[m] quartz.version: 2.3.2
[[1;36mDEBUG[m] querydsl.version: 5.1.0
[[1;36mDEBUG[m] r2dbc-h2.version: 1.0.0.RELEASE
[[1;36mDEBUG[m] r2dbc-mariadb.version: 1.2.2
[[1;36mDEBUG[m] r2dbc-mssql.version: 1.0.2.RELEASE
[[1;36mDEBUG[m] r2dbc-mysql.version: 1.3.2
[[1;36mDEBUG[m] r2dbc-pool.version: 1.0.2.RELEASE
[[1;36mDEBUG[m] r2dbc-postgresql.version: 1.0.7.RELEASE
[[1;36mDEBUG[m] r2dbc-proxy.version: 1.1.5.RELEASE
[[1;36mDEBUG[m] r2dbc-spi.version: 1.0.0.RELEASE
[[1;36mDEBUG[m] rabbit-amqp-client.version: 5.22.0
[[1;36mDEBUG[m] rabbit-stream-client.version: 0.18.0
[[1;36mDEBUG[m] rdf4j.version: 4.3.0
[[1;36mDEBUG[m] reactive-streams.version: 1.0.4
[[1;36mDEBUG[m] reactor-bom.version: 2024.0.5
[[1;36mDEBUG[m] resource.delimiter: @
[[1;36mDEBUG[m] rest-assured.version: 5.5.1
[[1;36mDEBUG[m] rsocket.version: 1.1.5
[[1;36mDEBUG[m] rxjava3.version: 3.1.10
[[1;36mDEBUG[m] saaj-impl.version: 3.0.4
[[1;36mDEBUG[m] selenium-htmlunit.version: 4.25.0
[[1;36mDEBUG[m] selenium.version: 4.25.0
[[1;36mDEBUG[m] sendgrid.version: 4.10.3
[[1;36mDEBUG[m] slf4j.version: 2.0.17
[[1;36mDEBUG[m] snakeyaml.version: 2.3
[[1;36mDEBUG[m] spring-amqp.version: 3.2.5
[[1;36mDEBUG[m] spring-authorization-server.version: 1.4.3
[[1;36mDEBUG[m] spring-batch.version: 5.2.2
[[1;36mDEBUG[m] spring-boot.run.main-class: ${start-class}
[[1;36mDEBUG[m] spring-data-bom.version: 2024.1.5
[[1;36mDEBUG[m] spring-framework.version: 6.2.6
[[1;36mDEBUG[m] spring-graphql.version: 1.3.5
[[1;36mDEBUG[m] spring-hateoas.version: 2.4.1
[[1;36mDEBUG[m] spring-integration.version: 6.4.4
[[1;36mDEBUG[m] spring-kafka.version: 3.3.5
[[1;36mDEBUG[m] spring-ldap.version: 3.2.12
[[1;36mDEBUG[m] spring-pulsar.version: 1.2.5
[[1;36mDEBUG[m] spring-restdocs.version: 3.0.3
[[1;36mDEBUG[m] spring-retry.version: 2.0.11
[[1;36mDEBUG[m] spring-security.version: 6.4.5
[[1;36mDEBUG[m] spring-session.version: 3.4.3
[[1;36mDEBUG[m] spring-ws.version: 4.0.13
[[1;36mDEBUG[m] sqlite-jdbc.version: 3.47.2.0
[[1;36mDEBUG[m] sun.arch.data.model: 64
[[1;36mDEBUG[m] sun.boot.library.path: /usr/lib/jvm/java-18-openjdk-amd64/lib
[[1;36mDEBUG[m] sun.cpu.endian: little
[[1;36mDEBUG[m] sun.io.unicode.encoding: UnicodeLittle
[[1;36mDEBUG[m] sun.java.command: org.codehaus.plexus.classworlds.launcher.Launcher test -e -X
[[1;36mDEBUG[m] sun.java.launcher: SUN_STANDARD
[[1;36mDEBUG[m] sun.jnu.encoding: UTF-8
[[1;36mDEBUG[m] sun.management.compiler: HotSpot 64-Bit Tiered Compilers
[[1;36mDEBUG[m] testcontainers-redis-module.version: 2.2.4
[[1;36mDEBUG[m] testcontainers.version: 1.20.6
[[1;36mDEBUG[m] thymeleaf-extras-data-attribute.version: 2.0.1
[[1;36mDEBUG[m] thymeleaf-extras-springsecurity.version: 3.1.3.RELEASE
[[1;36mDEBUG[m] thymeleaf-layout-dialect.version: 3.3.0
[[1;36mDEBUG[m] thymeleaf.version: 3.1.3.RELEASE
[[1;36mDEBUG[m] tomcat.version: 10.1.40
[[1;36mDEBUG[m] unboundid-ldapsdk.version: 6.0.11
[[1;36mDEBUG[m] undertow.version: 2.3.18.Final
[[1;36mDEBUG[m] user.dir: /mnt/c/Users/Malef/Desktop/Motivation_Préparation_Entretiens/fair-water-data/fair-water-api
[[1;36mDEBUG[m] user.home: /home/skander26
[[1;36mDEBUG[m] user.language: en
[[1;36mDEBUG[m] user.name: skander26
[[1;36mDEBUG[m] versions-maven-plugin.version: 2.17.1
[[1;36mDEBUG[m] webjars-locator-core.version: 0.59
[[1;36mDEBUG[m] webjars-locator-lite.version: 1.0.1
[[1;36mDEBUG[m] wsdl4j.version: 1.6.3
[[1;36mDEBUG[m] xml-maven-plugin.version: 1.1.0
[[1;36mDEBUG[m] xmlunit2.version: 2.10.0
[[1;36mDEBUG[m] yasson.version: 3.0.4
[[1;36mDEBUG[m] zipkin-reporter.version: 3.4.3
[[1;36mDEBUG[m] Using 'UTF-8' encoding to copy filtered resources.
[[1;36mDEBUG[m] Using 'UTF-8' encoding to copy filtered properties files.
[[1;36mDEBUG[m] resource with targetPath null
directory /mnt/c/Users/Malef/Desktop/Motivation_Préparation_Entretiens/fair-water-data/fair-water-api/src/main/resources
excludes []
includes [**/application*.yml, **/application*.yaml, **/application*.properties]
[[1;36mDEBUG[m] ignoreDelta true
[[1;34mINFO[m] Copying 3 resources from src/main/resources to target/classes
[[1;36mDEBUG[m] Copying file application-dev.yml
[[1;36mDEBUG[m] file application-dev.yml has a filtered file extension
[[1;36mDEBUG[m] Using 'UTF-8' encoding to copy filtered resource 'application-dev.yml'.
[[1;36mDEBUG[m] filtering /mnt/c/Users/Malef/Desktop/Motivation_Préparation_Entretiens/fair-water-data/fair-water-api/src/main/resources/application-dev.yml to /mnt/c/Users/Malef/Desktop/Motivation_Préparation_Entretiens/fair-water-data/fair-water-api/target/classes/application-dev.yml
[[1;36mDEBUG[m] Copying file application.properties
[[1;36mDEBUG[m] file application.properties has a filtered file extension
[[1;36mDEBUG[m] Using 'UTF-8' encoding to copy filtered resource 'application.properties'.
[[1;36mDEBUG[m] filtering /mnt/c/Users/Malef/Desktop/Motivation_Préparation_Entretiens/fair-water-data/fair-water-api/src/main/resources/application.properties to /mnt/c/Users/Malef/Desktop/Motivation_Préparation_Entretiens/fair-water-data/fair-water-api/target/classes/application.properties
[[1;36mDEBUG[m] Copying file application.yml
[[1;36mDEBUG[m] file application.yml has a filtered file extension
[[1;36mDEBUG[m] Using 'UTF-8' encoding to copy filtered resource 'application.yml'.
[[1;36mDEBUG[m] filtering /mnt/c/Users/Malef/Desktop/Motivation_Préparation_Entretiens/fair-water-data/fair-water-api/src/main/resources/application.yml to /mnt/c/Users/Malef/Desktop/Motivation_Préparation_Entretiens/fair-water-data/fair-water-api/target/classes/application.yml
[[1;36mDEBUG[m] resource with targetPath null
directory /mnt/c/Users/Malef/Desktop/Motivation_Préparation_Entretiens/fair-water-data/fair-water-api/src/main/resources
excludes [**/application*.yml, **/application*.yaml, **/application*.properties]
includes []
[[1;36mDEBUG[m] ignoreDelta true
[[1;34mINFO[m] Copying 1 resource from src/main/resources to target/classes
[[1;36mDEBUG[m] Copying file META-INF/additional-spring-configuration-metadata.json
[[1;36mDEBUG[m] file additional-spring-configuration-metadata.json has a filtered file extension
[[1;36mDEBUG[m] Using 'UTF-8' encoding to copy filtered resource 'additional-spring-configuration-metadata.json'.
[[1;36mDEBUG[m] copy /mnt/c/Users/Malef/Desktop/Motivation_Préparation_Entretiens/fair-water-data/fair-water-api/src/main/resources/META-INF/additional-spring-configuration-metadata.json to /mnt/c/Users/Malef/Desktop/Motivation_Préparation_Entretiens/fair-water-data/fair-water-api/target/classes/META-INF/additional-spring-configuration-metadata.json
[[1;36mDEBUG[m] no user filter components
[[1;34mINFO[m] 
[[1;34mINFO[m] [1m--- [0;32mmaven-compiler-plugin:3.13.0:compile[m [1m(default-compile)[m @ [36mfair-water-api[0;1m ---[m
[[1;36mDEBUG[m] Dependency collection stats: {ConflictMarker.analyzeTime=48700, ConflictMarker.markTime=22800, ConflictMarker.nodeCount=22, ConflictIdSorter.graphTime=13400, ConflictIdSorter.topsortTime=13000, ConflictIdSorter.conflictIdCount=14, ConflictIdSorter.conflictIdCycleCount=0, ConflictResolver.totalTime=223900, ConflictResolver.conflictItemCount=22, DefaultDependencyCollector.collectTime=34199700, DefaultDependencyCollector.transformTime=346500}
[[1;36mDEBUG[m] org.apache.maven.plugins:maven-compiler-plugin:jar:3.13.0
[[1;36mDEBUG[m]    org.apache.maven.shared:maven-shared-utils:jar:3.4.2:compile
[[1;36mDEBUG[m]       org.slf4j:slf4j-api:jar:1.7.36:compile
[[1;36mDEBUG[m]       commons-io:commons-io:jar:2.11.0:compile
[[1;36mDEBUG[m]    org.apache.maven.shared:maven-shared-incremental:jar:1.1:compile
[[1;36mDEBUG[m]    org.codehaus.plexus:plexus-java:jar:1.2.0:compile
[[1;36mDEBUG[m]       org.ow2.asm:asm:jar:9.6:compile
[[1;36mDEBUG[m]       com.thoughtworks.qdox:qdox:jar:2.0.3:compile
[[1;36mDEBUG[m]    org.codehaus.plexus:plexus-compiler-api:jar:2.15.0:compile
[[1;36mDEBUG[m]    org.codehaus.plexus:plexus-compiler-manager:jar:2.15.0:compile
[[1;36mDEBUG[m]       javax.inject:javax.inject:jar:1:compile
[[1;36mDEBUG[m]       org.codehaus.plexus:plexus-xml:jar:3.0.0:compile (version managed from default)
[[1;36mDEBUG[m]    org.codehaus.plexus:plexus-compiler-javac:jar:2.15.0:runtime
[[1;36mDEBUG[m]    org.codehaus.plexus:plexus-utils:jar:4.0.0:compile
[[1;36mDEBUG[m] Created new class realm plugin>org.apache.maven.plugins:maven-compiler-plugin:3.13.0
[[1;36mDEBUG[m] Importing foreign packages into class realm plugin>org.apache.maven.plugins:maven-compiler-plugin:3.13.0
[[1;36mDEBUG[m]   Imported:  < maven.api
[[1;36mDEBUG[m] Populating class realm plugin>org.apache.maven.plugins:maven-compiler-plugin:3.13.0
[[1;36mDEBUG[m]   Included: org.apache.maven.plugins:maven-compiler-plugin:jar:3.13.0
[[1;36mDEBUG[m]   Included: org.apache.maven.shared:maven-shared-utils:jar:3.4.2
[[1;36mDEBUG[m]   Included: commons-io:commons-io:jar:2.11.0
[[1;36mDEBUG[m]   Included: org.apache.maven.shared:maven-shared-incremental:jar:1.1
[[1;36mDEBUG[m]   Included: org.codehaus.plexus:plexus-java:jar:1.2.0
[[1;36mDEBUG[m]   Included: org.ow2.asm:asm:jar:9.6
[[1;36mDEBUG[m]   Included: com.thoughtworks.qdox:qdox:jar:2.0.3
[[1;36mDEBUG[m]   Included: org.codehaus.plexus:plexus-compiler-api:jar:2.15.0
[[1;36mDEBUG[m]   Included: org.codehaus.plexus:plexus-compiler-manager:jar:2.15.0
[[1;36mDEBUG[m]   Included: org.codehaus.plexus:plexus-xml:jar:3.0.0
[[1;36mDEBUG[m]   Included: org.codehaus.plexus:plexus-compiler-javac:jar:2.15.0
[[1;36mDEBUG[m]   Included: org.codehaus.plexus:plexus-utils:jar:4.0.0
[[1;36mDEBUG[m] Configuring mojo org.apache.maven.plugins:maven-compiler-plugin:3.13.0:compile from plugin realm ClassRealm[plugin>org.apache.maven.plugins:maven-compiler-plugin:3.13.0, parent: jdk.internal.loader.ClassLoaders$AppClassLoader@1698c449]
[[1;36mDEBUG[m] Configuring mojo 'org.apache.maven.plugins:maven-compiler-plugin:3.13.0:compile' with basic configurator -->
[[1;36mDEBUG[m]   (f) annotationProcessorPathsUseDepMgmt = false
[[1;36mDEBUG[m]   (f) basedir = /mnt/c/Users/Malef/Desktop/Motivation_Préparation_Entretiens/fair-water-data/fair-water-api
[[1;36mDEBUG[m]   (f) buildDirectory = /mnt/c/Users/Malef/Desktop/Motivation_Préparation_Entretiens/fair-water-data/fair-water-api/target
[[1;36mDEBUG[m]   (f) compilePath = [/mnt/c/Users/Malef/Desktop/Motivation_Préparation_Entretiens/fair-water-data/fair-water-api/target/classes, /home/skander26/.m2/repository/org/springframework/boot/spring-boot-starter-web/3.4.5/spring-boot-starter-web-3.4.5.jar, /home/skander26/.m2/repository/org/springframework/boot/spring-boot-starter-json/3.4.5/spring-boot-starter-json-3.4.5.jar, /home/skander26/.m2/repository/com/fasterxml/jackson/core/jackson-databind/2.18.3/jackson-databind-2.18.3.jar, /home/skander26/.m2/repository/com/fasterxml/jackson/datatype/jackson-datatype-jdk8/2.18.3/jackson-datatype-jdk8-2.18.3.jar, /home/skander26/.m2/repository/com/fasterxml/jackson/datatype/jackson-datatype-jsr310/2.18.3/jackson-datatype-jsr310-2.18.3.jar, /home/skander26/.m2/repository/com/fasterxml/jackson/module/jackson-module-parameter-names/2.18.3/jackson-module-parameter-names-2.18.3.jar, /home/skander26/.m2/repository/org/springframework/boot/spring-boot-starter-tomcat/3.4.5/spring-boot-starter-tomcat-3.4.5.jar, /home/skander26/.m2/repository/org/apache/tomcat/embed/tomcat-embed-core/10.1.40/tomcat-embed-core-10.1.40.jar, /home/skander26/.m2/repository/org/apache/tomcat/embed/tomcat-embed-el/10.1.40/tomcat-embed-el-10.1.40.jar, /home/skander26/.m2/repository/org/apache/tomcat/embed/tomcat-embed-websocket/10.1.40/tomcat-embed-websocket-10.1.40.jar, /home/skander26/.m2/repository/org/springframework/spring-web/6.2.6/spring-web-6.2.6.jar, /home/skander26/.m2/repository/io/micrometer/micrometer-observation/1.14.6/micrometer-observation-1.14.6.jar, /home/skander26/.m2/repository/io/micrometer/micrometer-commons/1.14.6/micrometer-commons-1.14.6.jar, /home/skander26/.m2/repository/org/springframework/spring-webmvc/6.2.6/spring-webmvc-6.2.6.jar, /home/skander26/.m2/repository/org/springframework/spring-aop/6.2.6/spring-aop-6.2.6.jar, /home/skander26/.m2/repository/org/springframework/spring-context/6.2.6/spring-context-6.2.6.jar, /home/skander26/.m2/repository/org/springframework/spring-expression/6.2.6/spring-expression-6.2.6.jar, /home/skander26/.m2/repository/org/springframework/boot/spring-boot-starter-data-jpa/3.4.5/spring-boot-starter-data-jpa-3.4.5.jar, /home/skander26/.m2/repository/org/springframework/boot/spring-boot-starter-jdbc/3.4.5/spring-boot-starter-jdbc-3.4.5.jar, /home/skander26/.m2/repository/com/zaxxer/HikariCP/5.1.0/HikariCP-5.1.0.jar, /home/skander26/.m2/repository/org/springframework/spring-jdbc/6.2.6/spring-jdbc-6.2.6.jar, /home/skander26/.m2/repository/org/hibernate/orm/hibernate-core/6.6.13.Final/hibernate-core-6.6.13.Final.jar, /home/skander26/.m2/repository/jakarta/persistence/jakarta.persistence-api/3.1.0/jakarta.persistence-api-3.1.0.jar, /home/skander26/.m2/repository/jakarta/transaction/jakarta.transaction-api/2.0.1/jakarta.transaction-api-2.0.1.jar, /home/skander26/.m2/repository/org/antlr/antlr4-runtime/4.13.0/antlr4-runtime-4.13.0.jar, /home/skander26/.m2/repository/org/springframework/data/spring-data-jpa/3.4.5/spring-data-jpa-3.4.5.jar, /home/skander26/.m2/repository/org/springframework/data/spring-data-commons/3.4.5/spring-data-commons-3.4.5.jar, /home/skander26/.m2/repository/org/springframework/spring-orm/6.2.6/spring-orm-6.2.6.jar, /home/skander26/.m2/repository/org/springframework/spring-tx/6.2.6/spring-tx-6.2.6.jar, /home/skander26/.m2/repository/org/springframework/spring-aspects/6.2.6/spring-aspects-6.2.6.jar, /home/skander26/.m2/repository/org/aspectj/aspectjweaver/1.9.24/aspectjweaver-1.9.24.jar, /home/skander26/.m2/repository/org/hibernate/orm/hibernate-spatial/6.6.13.Final/hibernate-spatial-6.6.13.Final.jar, /home/skander26/.m2/repository/org/geolatte/geolatte-geom/1.9.1/geolatte-geom-1.9.1.jar, /home/skander26/.m2/repository/org/eclipse/rdf4j/rdf4j-model/4.3.0/rdf4j-model-4.3.0.jar, /home/skander26/.m2/repository/org/eclipse/rdf4j/rdf4j-model-api/4.3.0/rdf4j-model-api-4.3.0.jar, /home/skander26/.m2/repository/org/eclipse/rdf4j/rdf4j-common-annotation/4.3.0/rdf4j-common-annotation-4.3.0.jar, /home/skander26/.m2/repository/org/eclipse/rdf4j/rdf4j-model-vocabulary/4.3.0/rdf4j-model-vocabulary-4.3.0.jar, /home/skander26/.m2/repository/org/eclipse/rdf4j/rdf4j-common-exception/4.3.0/rdf4j-common-exception-4.3.0.jar, /home/skander26/.m2/repository/org/eclipse/rdf4j/rdf4j-common-text/4.3.0/rdf4j-common-text-4.3.0.jar, /home/skander26/.m2/repository/org/eclipse/rdf4j/rdf4j-common-io/4.3.0/rdf4j-common-io-4.3.0.jar, /home/skander26/.m2/repository/org/eclipse/rdf4j/rdf4j-common-util/4.3.0/rdf4j-common-util-4.3.0.jar, /home/skander26/.m2/repository/org/eclipse/rdf4j/rdf4j-common-iterator/4.3.0/rdf4j-common-iterator-4.3.0.jar, /home/skander26/.m2/repository/com/google/guava/guava/30.1.1-jre/guava-30.1.1-jre.jar, /home/skander26/.m2/repository/com/google/guava/failureaccess/1.0.1/failureaccess-1.0.1.jar, /home/skander26/.m2/repository/com/google/guava/listenablefuture/9999.0-empty-to-avoid-conflict-with-guava/listenablefuture-9999.0-empty-to-avoid-conflict-with-guava.jar, /home/skander26/.m2/repository/org/locationtech/jts/jts-core/1.19.0/jts-core-1.19.0.jar, /home/skander26/.m2/repository/org/springframework/boot/spring-boot-starter/3.4.5/spring-boot-starter-3.4.5.jar, /home/skander26/.m2/repository/org/springframework/boot/spring-boot/3.4.5/spring-boot-3.4.5.jar, /home/skander26/.m2/repository/org/springframework/boot/spring-boot-autoconfigure/3.4.5/spring-boot-autoconfigure-3.4.5.jar, /home/skander26/.m2/repository/org/springframework/boot/spring-boot-starter-logging/3.4.5/spring-boot-starter-logging-3.4.5.jar, /home/skander26/.m2/repository/ch/qos/logback/logback-classic/1.5.18/logback-classic-1.5.18.jar, /home/skander26/.m2/repository/ch/qos/logback/logback-core/1.5.18/logback-core-1.5.18.jar, /home/skander26/.m2/repository/org/apache/logging/log4j/log4j-to-slf4j/2.24.3/log4j-to-slf4j-2.24.3.jar, /home/skander26/.m2/repository/org/apache/logging/log4j/log4j-api/2.24.3/log4j-api-2.24.3.jar, /home/skander26/.m2/repository/org/slf4j/jul-to-slf4j/2.0.17/jul-to-slf4j-2.0.17.jar, /home/skander26/.m2/repository/jakarta/annotation/jakarta.annotation-api/2.1.1/jakarta.annotation-api-2.1.1.jar, /home/skander26/.m2/repository/org/yaml/snakeyaml/2.3/snakeyaml-2.3.jar, /home/skander26/.m2/repository/org/springframework/spring-beans/6.2.6/spring-beans-6.2.6.jar, /home/skander26/.m2/repository/org/eclipse/rdf4j/rdf4j-repository-api/4.3.0/rdf4j-repository-api-4.3.0.jar, /home/skander26/.m2/repository/org/eclipse/rdf4j/rdf4j-query/4.3.0/rdf4j-query-4.3.0.jar, /home/skander26/.m2/repository/com/fasterxml/jackson/core/jackson-annotations/2.18.3/jackson-annotations-2.18.3.jar, /home/skander26/.m2/repository/com/fasterxml/jackson/core/jackson-core/2.18.3/jackson-core-2.18.3.jar, /home/skander26/.m2/repository/org/apache/commons/commons-text/1.10.0/commons-text-1.10.0.jar, /home/skander26/.m2/repository/org/apache/commons/commons-lang3/3.17.0/commons-lang3-3.17.0.jar, /home/skander26/.m2/repository/org/eclipse/rdf4j/rdf4j-rio-api/4.3.0/rdf4j-rio-api-4.3.0.jar, /home/skander26/.m2/repository/org/eclipse/rdf4j/rdf4j-common-xml/4.3.0/rdf4j-common-xml-4.3.0.jar, /home/skander26/.m2/repository/commons-codec/commons-codec/1.17.2/commons-codec-1.17.2.jar, /home/skander26/.m2/repository/com/github/jsonld-java/jsonld-java/0.13.4/jsonld-java-0.13.4.jar, /home/skander26/.m2/repository/org/apache/httpcomponents/httpclient-osgi/4.5.13/httpclient-osgi-4.5.13.jar, /home/skander26/.m2/repository/org/apache/httpcomponents/httpclient/4.5.13/httpclient-4.5.13.jar, /home/skander26/.m2/repository/org/apache/httpcomponents/httpmime/4.5.13/httpmime-4.5.13.jar, /home/skander26/.m2/repository/org/apache/httpcomponents/httpclient-cache/4.5.13/httpclient-cache-4.5.13.jar, /home/skander26/.m2/repository/org/apache/httpcomponents/fluent-hc/4.5.13/fluent-hc-4.5.13.jar, /home/skander26/.m2/repository/org/apache/httpcomponents/httpcore-osgi/4.4.14/httpcore-osgi-4.4.14.jar, /home/skander26/.m2/repository/org/apache/httpcomponents/httpcore/4.4.16/httpcore-4.4.16.jar, /home/skander26/.m2/repository/org/apache/httpcomponents/httpcore-nio/4.4.16/httpcore-nio-4.4.16.jar, /home/skander26/.m2/repository/commons-io/commons-io/2.8.0/commons-io-2.8.0.jar, /home/skander26/.m2/repository/org/eclipse/rdf4j/rdf4j-common-transaction/4.3.0/rdf4j-common-transaction-4.3.0.jar, /home/skander26/.m2/repository/org/slf4j/slf4j-api/2.0.17/slf4j-api-2.0.17.jar, /home/skander26/.m2/repository/org/springframework/spring-core/6.2.6/spring-core-6.2.6.jar, /home/skander26/.m2/repository/org/springframework/spring-jcl/6.2.6/spring-jcl-6.2.6.jar]
[[1;36mDEBUG[m]   (f) compileSourceRoots = [/mnt/c/Users/Malef/Desktop/Motivation_Préparation_Entretiens/fair-water-data/fair-water-api/src/main/java]
[[1;36mDEBUG[m]   (f) compilerId = javac
[[1;36mDEBUG[m]   (f) createMissingPackageInfoClass = true
[[1;36mDEBUG[m]   (f) debug = true
[[1;36mDEBUG[m]   (f) debugFileName = javac
[[1;36mDEBUG[m]   (f) enablePreview = false
[[1;36mDEBUG[m]   (f) encoding = UTF-8
[[1;36mDEBUG[m]   (f) failOnError = true
[[1;36mDEBUG[m]   (f) failOnWarning = false
[[1;36mDEBUG[m]   (f) fileExtensions = [jar, class]
[[1;36mDEBUG[m]   (f) forceJavacCompilerUse = false
[[1;36mDEBUG[m]   (f) forceLegacyJavacApi = false
[[1;36mDEBUG[m]   (f) fork = false
[[1;36mDEBUG[m]   (f) generatedSourcesDirectory = /mnt/c/Users/Malef/Desktop/Motivation_Préparation_Entretiens/fair-water-data/fair-water-api/target/generated-sources/annotations
[[1;36mDEBUG[m]   (f) mojoExecution = org.apache.maven.plugins:maven-compiler-plugin:3.13.0:compile {execution: default-compile}
[[1;36mDEBUG[m]   (f) optimize = false
[[1;36mDEBUG[m]   (f) outputDirectory = /mnt/c/Users/Malef/Desktop/Motivation_Préparation_Entretiens/fair-water-data/fair-water-api/target/classes
[[1;36mDEBUG[m]   (f) parameters = true
[[1;36mDEBUG[m]   (f) project = MavenProject: org.fairwater:fair-water-api:0.0.1-SNAPSHOT @ /mnt/c/Users/Malef/Desktop/Motivation_Préparation_Entretiens/fair-water-data/fair-water-api/pom.xml
[[1;36mDEBUG[m]   (f) projectArtifact = org.fairwater:fair-water-api:jar:0.0.1-SNAPSHOT
[[1;36mDEBUG[m]   (s) release = 17
[[1;36mDEBUG[m]   (f) session = org.apache.maven.execution.MavenSession@385e36d4
[[1;36mDEBUG[m]   (f) showCompilationChanges = false
[[1;36mDEBUG[m]   (f) showDeprecation = false
[[1;36mDEBUG[m]   (f) showWarnings = true
[[1;36mDEBUG[m]   (f) skipMultiThreadWarning = false
[[1;36mDEBUG[m]   (f) source = 1.8
[[1;36mDEBUG[m]   (f) staleMillis = 0
[[1;36mDEBUG[m]   (s) target = 1.8
[[1;36mDEBUG[m]   (f) useIncrementalCompilation = true
[[1;36mDEBUG[m]   (f) verbose = false
[[1;36mDEBUG[m] -- end configuration --
[[1;36mDEBUG[m] Using compiler 'javac'.
[[1;36mDEBUG[m] Adding /mnt/c/Users/Malef/Desktop/Motivation_Préparation_Entretiens/fair-water-data/fair-water-api/target/generated-sources/annotations to compile source roots:
  /mnt/c/Users/Malef/Desktop/Motivation_Préparation_Entretiens/fair-water-data/fair-water-api/src/main/java
[[1;36mDEBUG[m] New compile source roots:
  /mnt/c/Users/Malef/Desktop/Motivation_Préparation_Entretiens/fair-water-data/fair-water-api/src/main/java
  /mnt/c/Users/Malef/Desktop/Motivation_Préparation_Entretiens/fair-water-data/fair-water-api/target/generated-sources/annotations
[[1;36mDEBUG[m] CompilerReuseStrategy: reuseCreated
[[1;36mDEBUG[m] useIncrementalCompilation enabled
[[1;34mINFO[m] Nothing to compile - all classes are up to date.
[[1;34mINFO[m] 
[[1;34mINFO[m] [1m--- [0;32mmaven-resources-plugin:3.3.1:testResources[m [1m(default-testResources)[m @ [36mfair-water-api[0;1m ---[m
[[1;36mDEBUG[m] Configuring mojo org.apache.maven.plugins:maven-resources-plugin:3.3.1:testResources from plugin realm ClassRealm[plugin>org.apache.maven.plugins:maven-resources-plugin:3.3.1, parent: jdk.internal.loader.ClassLoaders$AppClassLoader@1698c449]
[[1;36mDEBUG[m] Configuring mojo 'org.apache.maven.plugins:maven-resources-plugin:3.3.1:testResources' with basic configurator -->
[[1;36mDEBUG[m]   (f) addDefaultExcludes = true
[[1;36mDEBUG[m]   (f) buildFilters = []
[[1;36mDEBUG[m]   (s) delimiters = [@]
[[1;36mDEBUG[m]   (f) encoding = UTF-8
[[1;36mDEBUG[m]   (f) escapeWindowsPaths = true
[[1;36mDEBUG[m]   (f) fileNameFiltering = false
[[1;36mDEBUG[m]   (s) includeEmptyDirs = false
[[1;36mDEBUG[m]   (s) outputDirectory = /mnt/c/Users/Malef/Desktop/Motivation_Préparation_Entretiens/fair-water-data/fair-water-api/target/test-classes
[[1;36mDEBUG[m]   (s) overwrite = false
[[1;36mDEBUG[m]   (f) project = MavenProject: org.fairwater:fair-water-api:0.0.1-SNAPSHOT @ /mnt/c/Users/Malef/Desktop/Motivation_Préparation_Entretiens/fair-water-data/fair-water-api/pom.xml
[[1;36mDEBUG[m]   (f) propertiesEncoding = UTF-8
[[1;36mDEBUG[m]   (s) resources = [Resource {targetPath: null, filtering: false, FileSet {directory: /mnt/c/Users/Malef/Desktop/Motivation_Préparation_Entretiens/fair-water-data/fair-water-api/src/test/resources, PatternSet [includes: {}, excludes: {}]}}]
[[1;36mDEBUG[m]   (f) session = org.apache.maven.execution.MavenSession@385e36d4
[[1;36mDEBUG[m]   (f) skip = false
[[1;36mDEBUG[m]   (f) supportMultiLineFiltering = false
[[1;36mDEBUG[m]   (f) useBuildFilters = true
[[1;36mDEBUG[m]   (s) useDefaultDelimiters = false
[[1;36mDEBUG[m] -- end configuration --
[[1;36mDEBUG[m] properties used:
[[1;36mDEBUG[m] activemq.version: 6.1.6
[[1;36mDEBUG[m] angus-mail.version: 2.0.3
[[1;36mDEBUG[m] artemis.version: 2.37.0
[[1;36mDEBUG[m] aspectj.version: 1.9.24
[[1;36mDEBUG[m] assertj.version: 3.26.3
[[1;36mDEBUG[m] awaitility.version: 4.2.2
[[1;36mDEBUG[m] brave.version: 6.0.3
[[1;36mDEBUG[m] build-helper-maven-plugin.version: 3.6.0
[[1;36mDEBUG[m] byte-buddy.version: 1.15.11
[[1;36mDEBUG[m] cache2k.version: 2.6.1.Final
[[1;36mDEBUG[m] caffeine.version: 3.1.8
[[1;36mDEBUG[m] cassandra-driver.version: 4.18.1
[[1;36mDEBUG[m] classmate.version: 1.7.0
[[1;36mDEBUG[m] classworlds.conf: /usr/share/maven/bin/m2.conf
[[1;36mDEBUG[m] commons-codec.version: 1.17.2
[[1;36mDEBUG[m] commons-dbcp2.version: 2.12.0
[[1;36mDEBUG[m] commons-lang3.version: 3.17.0
[[1;36mDEBUG[m] commons-pool.version: 1.6
[[1;36mDEBUG[m] commons-pool2.version: 2.12.1
[[1;36mDEBUG[m] couchbase-client.version: 3.7.9
[[1;36mDEBUG[m] crac.version: 1.5.0
[[1;36mDEBUG[m] cyclonedx-maven-plugin.version: 2.9.1
[[1;36mDEBUG[m] db2-jdbc.version: 11.5.9.0
[[1;36mDEBUG[m] dependency-management-plugin.version: 1.1.7
[[1;36mDEBUG[m] derby.version: 10.16.1.1
[[1;36mDEBUG[m] ehcache3.version: 3.10.8
[[1;36mDEBUG[m] elasticsearch-client.version: 8.15.5
[[1;36mDEBUG[m] env.COLORTERM: truecolor
[[1;36mDEBUG[m] env.GIT_ASKPASS: /home/skander26/.vscode-server/bin/17baf841131aa23349f217ca7c570c76ee87b957/extensions/git/dist/askpass.sh
[[1;36mDEBUG[m] env.HOME: /home/skander26
[[1;36mDEBUG[m] env.HOSTTYPE: x86_64
[[1;36mDEBUG[m] env.LANG: C.UTF-8
[[1;36mDEBUG[m] env.LESSCLOSE: /usr/bin/lesspipe %s %s
[[1;36mDEBUG[m] env.LESSOPEN: | /usr/bin/lesspipe %s
[[1;36mDEBUG[m] env.LOGNAME: skander26
[[1;36mDEBUG[m] env.LS_COLORS: rs=0:di=01;34:ln=01;36:mh=00:pi=40;33:so=01;35:do=01;35:bd=40;33;01:cd=40;33;01:or=40;31;01:mi=00:su=37;41:sg=30;43:ca=30;41:tw=30;42:ow=34;42:st=37;44:ex=01;32:*.tar=01;31:*.tgz=01;31:*.arc=01;31:*.arj=01;31:*.taz=01;31:*.lha=01;31:*.lz4=01;31:*.lzh=01;31:*.lzma=01;31:*.tlz=01;31:*.txz=01;31:*.tzo=01;31:*.t7z=01;31:*.zip=01;31:*.z=01;31:*.dz=01;31:*.gz=01;31:*.lrz=01;31:*.lz=01;31:*.lzo=01;31:*.xz=01;31:*.zst=01;31:*.tzst=01;31:*.bz2=01;31:*.bz=01;31:*.tbz=01;31:*.tbz2=01;31:*.tz=01;31:*.deb=01;31:*.rpm=01;31:*.jar=01;31:*.war=01;31:*.ear=01;31:*.sar=01;31:*.rar=01;31:*.alz=01;31:*.ace=01;31:*.zoo=01;31:*.cpio=01;31:*.7z=01;31:*.rz=01;31:*.cab=01;31:*.wim=01;31:*.swm=01;31:*.dwm=01;31:*.esd=01;31:*.jpg=01;35:*.jpeg=01;35:*.mjpg=01;35:*.mjpeg=01;35:*.gif=01;35:*.bmp=01;35:*.pbm=01;35:*.pgm=01;35:*.ppm=01;35:*.tga=01;35:*.xbm=01;35:*.xpm=01;35:*.tif=01;35:*.tiff=01;35:*.png=01;35:*.svg=01;35:*.svgz=01;35:*.mng=01;35:*.pcx=01;35:*.mov=01;35:*.mpg=01;35:*.mpeg=01;35:*.m2v=01;35:*.mkv=01;35:*.webm=01;35:*.webp=01;35:*.ogm=01;35:*.mp4=01;35:*.m4v=01;35:*.mp4v=01;35:*.vob=01;35:*.qt=01;35:*.nuv=01;35:*.wmv=01;35:*.asf=01;35:*.rm=01;35:*.rmvb=01;35:*.flc=01;35:*.avi=01;35:*.fli=01;35:*.flv=01;35:*.gl=01;35:*.dl=01;35:*.xcf=01;35:*.xwd=01;35:*.yuv=01;35:*.cgm=01;35:*.emf=01;35:*.ogv=01;35:*.ogx=01;35:*.aac=00;36:*.au=00;36:*.flac=00;36:*.m4a=00;36:*.mid=00;36:*.midi=00;36:*.mka=00;36:*.mp3=00;36:*.mpc=00;36:*.ogg=00;36:*.ra=00;36:*.wav=00;36:*.oga=00;36:*.opus=00;36:*.spx=00;36:*.xspf=00;36:
[[1;36mDEBUG[m] env.MAVEN_CMD_LINE_ARGS:  test -e -X
[[1;36mDEBUG[m] env.MAVEN_OPTS:  -Xms256m -Xmx512m
[[1;36mDEBUG[m] env.MAVEN_PROJECTBASEDIR: /mnt/c/Users/Malef/Desktop/Motivation_Préparation_Entretiens/fair-water-data/fair-water-api
[[1;36mDEBUG[m] env.MOTD_SHOWN: update-motd
[[1;36mDEBUG[m] env.NAME: Code
[[1;36mDEBUG[m] env.OLDPWD: /mnt/c/Users/Malef/Desktop/Motivation_Préparation_Entretiens/fair-water-data/fair-water-api
[[1;36mDEBUG[m] env.PATH: /home/skander26/.vscode-server/bin/17baf841131aa23349f217ca7c570c76ee87b957/bin/remote-cli:/usr/local/sbin:/usr/local/bin:/usr/sbin:/usr/bin:/sbin:/bin:/usr/games:/usr/local/games:/mnt/c/Program Files/Eclipse Adoptium/jdk-11.0.14.9-hotspot/bin:/mnt/c/Program Files/Eclipse Adoptium/jdk-17.0.2.8-hotspot/bin:/mnt/c/windows/system32:/mnt/c/windows:/mnt/c/windows/System32/Wbem:/mnt/c/windows/System32/WindowsPowerShell/v1.0/:/mnt/c/windows/System32/OpenSSH/:/mnt/c/Program Files (x86)/NVIDIA Corporation/PhysX/Common:/mnt/c/Program Files/NVIDIA Corporation/NVIDIA NvDLISR:/mnt/c/WINDOWS/system32:/mnt/c/WINDOWS:/mnt/c/WINDOWS/System32/Wbem:/mnt/c/WINDOWS/System32/WindowsPowerShell/v1.0/:/mnt/c/WINDOWS/System32/OpenSSH/:/mnt/c/Program Files/dotnet/:/mnt/c/Anaconda3:/mnt/c/Anaconda3/Scripts:/mnt/c/Program Files/Microsoft/Web Platform Installer/:/mnt/c/Program Files (x86)/Microsoft ASP.NET/ASP.NET Web Pages/v1.0/:/mnt/c/Program Files/Microsoft SQL Server/110/Tools/Binn/:/mnt/c/Program Files/nodejs/:/mnt/c/Program Files (x86)/Windows Kits/10/Windows Performance Toolkit/:/mnt/c/Program Files (x86)/Microsoft SQL Server/160/Tools/Binn/:/mnt/c/Program Files/Microsoft SQL Server/160/Tools/Binn/:/mnt/c/Program Files/Microsoft SQL Server/Client SDK/ODBC/170/Tools/Binn/:/mnt/c/Program Files/Microsoft SQL Server/160/DTS/Binn/:/mnt/c/Program Files (x86)/Microsoft SQL Server/160/DTS/Binn/:/mnt/c/Python/Python310/Scripts/:/mnt/c/Python/Python310/:/mnt/c/Users/Malef/AppData/Local/Microsoft/WindowsApps:/mnt/c/Program Files/QGIS 3.22.4/apps/Python39Qgis:/mnt/c/Users/Malef/AppData/Local/Programs/Microsoft VS Code/bin:/mnt/c/MinGW/bin:/mnt/c/Users/Malef/AppData/Roaming/npm:/mnt/c/OSGeo4W/bin:/mnt/c/Program Files/QGIS 3.10/bin:/mnt/c/Python/Python310/Lib/site-packages/osgeo:/snap/bin
[[1;36mDEBUG[m] env.PWD: /mnt/c/Users/Malef/Desktop/Motivation_Préparation_Entretiens/fair-water-data/fair-water-api
[[1;36mDEBUG[m] env.SHELL: /bin/bash
[[1;36mDEBUG[m] env.SHLVL: 2
[[1;36mDEBUG[m] env.TERM: xterm-256color
[[1;36mDEBUG[m] env.TERM_PROGRAM: vscode
[[1;36mDEBUG[m] env.TERM_PROGRAM_VERSION: 1.99.3
[[1;36mDEBUG[m] env.USER: skander26
[[1;36mDEBUG[m] env.VSCODE_GIT_ASKPASS_EXTRA_ARGS: 
[[1;36mDEBUG[m] env.VSCODE_GIT_ASKPASS_MAIN: /home/skander26/.vscode-server/bin/17baf841131aa23349f217ca7c570c76ee87b957/extensions/git/dist/askpass-main.js
[[1;36mDEBUG[m] env.VSCODE_GIT_ASKPASS_NODE: /home/skander26/.vscode-server/bin/17baf841131aa23349f217ca7c570c76ee87b957/node
[[1;36mDEBUG[m] env.VSCODE_GIT_IPC_HANDLE: /tmp/vscode-git-d0eaed5e15.sock
[[1;36mDEBUG[m] env.VSCODE_IPC_HOOK_CLI: /tmp/vscode-ipc-ddc82875-9178-42aa-af57-8976baaacdfc.sock
[[1;36mDEBUG[m] env.WSLENV: ELECTRON_RUN_AS_NODE/w:
[[1;36mDEBUG[m] env.WSL_DISTRO_NAME: Ubuntu
[[1;36mDEBUG[m] env.XDG_DATA_DIRS: /usr/local/share:/usr/share:/var/lib/snapd/desktop
[[1;36mDEBUG[m] env._: /usr/bin/mvn
[[1;36mDEBUG[m] file.encoding: UTF-8
[[1;36mDEBUG[m] file.separator: /
[[1;36mDEBUG[m] flyway.version: 10.20.1
[[1;36mDEBUG[m] freemarker.version: 2.3.34
[[1;36mDEBUG[m] git-commit-id-maven-plugin.version: 9.0.1
[[1;36mDEBUG[m] glassfish-jaxb.version: 4.0.5
[[1;36mDEBUG[m] glassfish-jstl.version: 3.0.1
[[1;36mDEBUG[m] graphql-java.version: 22.3
[[1;36mDEBUG[m] groovy.version: 4.0.26
[[1;36mDEBUG[m] gson.version: 2.11.0
[[1;36mDEBUG[m] h2.version: 2.3.232
[[1;36mDEBUG[m] hamcrest.version: 2.2
[[1;36mDEBUG[m] hazelcast.version: 5.5.0
[[1;36mDEBUG[m] hibernate-validator.version: 8.0.2.Final
[[1;36mDEBUG[m] hibernate.version: 6.6.13.Final
[[1;36mDEBUG[m] hikaricp.version: 5.1.0
[[1;36mDEBUG[m] hsqldb.version: 2.7.3
[[1;36mDEBUG[m] htmlunit.version: 4.5.0
[[1;36mDEBUG[m] httpasyncclient.version: 4.1.5
[[1;36mDEBUG[m] httpclient5.version: 5.4.3
[[1;36mDEBUG[m] httpcore.version: 4.4.16
[[1;36mDEBUG[m] httpcore5.version: 5.3.4
[[1;36mDEBUG[m] infinispan.version: 15.0.14.Final
[[1;36mDEBUG[m] influxdb-java.version: 2.24
[[1;36mDEBUG[m] jackson-bom.version: 2.18.3
[[1;36mDEBUG[m] jakarta-activation.version: 2.1.3
[[1;36mDEBUG[m] jakarta-annotation.version: 2.1.1
[[1;36mDEBUG[m] jakarta-inject.version: 2.0.1
[[1;36mDEBUG[m] jakarta-jms.version: 3.1.0
[[1;36mDEBUG[m] jakarta-json-bind.version: 3.0.1
[[1;36mDEBUG[m] jakarta-json.version: 2.1.3
[[1;36mDEBUG[m] jakarta-mail.version: 2.1.3
[[1;36mDEBUG[m] jakarta-management.version: 1.1.4
[[1;36mDEBUG[m] jakarta-persistence.version: 3.1.0
[[1;36mDEBUG[m] jakarta-servlet-jsp-jstl.version: 3.0.2
[[1;36mDEBUG[m] jakarta-servlet.version: 6.0.0
[[1;36mDEBUG[m] jakarta-transaction.version: 2.0.1
[[1;36mDEBUG[m] jakarta-validation.version: 3.0.2
[[1;36mDEBUG[m] jakarta-websocket.version: 2.1.1
[[1;36mDEBUG[m] jakarta-ws-rs.version: 3.1.0
[[1;36mDEBUG[m] jakarta-xml-bind.version: 4.0.2
[[1;36mDEBUG[m] jakarta-xml-soap.version: 3.0.2
[[1;36mDEBUG[m] jakarta-xml-ws.version: 4.0.2
[[1;36mDEBUG[m] janino.version: 3.1.12
[[1;36mDEBUG[m] java.class.path: /usr/share/maven/boot/plexus-classworlds-2.x.jar
[[1;36mDEBUG[m] java.class.version: 62.0
[[1;36mDEBUG[m] java.home: /usr/lib/jvm/java-18-openjdk-amd64
[[1;36mDEBUG[m] java.io.tmpdir: /tmp
[[1;36mDEBUG[m] java.library.path: /usr/java/packages/lib:/usr/lib/x86_64-linux-gnu/jni:/lib/x86_64-linux-gnu:/usr/lib/x86_64-linux-gnu:/usr/lib/jni:/lib:/usr/lib
[[1;36mDEBUG[m] java.runtime.name: OpenJDK Runtime Environment
[[1;36mDEBUG[m] java.runtime.version: 18.0.2-ea+9-Ubuntu-222.04
[[1;36mDEBUG[m] java.specification.name: Java Platform API Specification
[[1;36mDEBUG[m] java.specification.vendor: Oracle Corporation
[[1;36mDEBUG[m] java.specification.version: 18
[[1;36mDEBUG[m] java.vendor: Private Build
[[1;36mDEBUG[m] java.vendor.url: Unknown
[[1;36mDEBUG[m] java.vendor.url.bug: Unknown
[[1;36mDEBUG[m] java.version: 18.0.2-ea
[[1;36mDEBUG[m] java.version.date: 2022-07-19
[[1;36mDEBUG[m] java.vm.compressedOopsMode: 32-bit
[[1;36mDEBUG[m] java.vm.info: mixed mode, sharing
[[1;36mDEBUG[m] java.vm.name: OpenJDK 64-Bit Server VM
[[1;36mDEBUG[m] java.vm.specification.name: Java Virtual Machine Specification
[[1;36mDEBUG[m] java.vm.specification.vendor: Oracle Corporation
[[1;36mDEBUG[m] java.vm.specification.version: 18
[[1;36mDEBUG[m] java.vm.vendor: Private Build
[[1;36mDEBUG[m] java.vm.version: 18.0.2-ea+9-Ubuntu-222.04
[[1;36mDEBUG[m] javax-cache.version: 1.1.1
[[1;36mDEBUG[m] javax-money.version: 1.1
[[1;36mDEBUG[m] jaxen.version: 2.0.0
[[1;36mDEBUG[m] jaybird.version: 5.0.7.java11
[[1;36mDEBUG[m] jboss-logging.version: 3.6.1.Final
[[1;36mDEBUG[m] jdk.debug: release
[[1;36mDEBUG[m] jdom2.version: 2.0.6.1
[[1;36mDEBUG[m] jedis.version: 5.2.0
[[1;36mDEBUG[m] jersey.version: 3.1.10
[[1;36mDEBUG[m] jetty-reactive-httpclient.version: 4.0.9
[[1;36mDEBUG[m] jetty.version: 12.0.19
[[1;36mDEBUG[m] jmustache.version: 1.16
[[1;36mDEBUG[m] jooq.version: 3.19.22
[[1;36mDEBUG[m] json-path.version: 2.9.0
[[1;36mDEBUG[m] json-smart.version: 2.5.2
[[1;36mDEBUG[m] jsonassert.version: 1.5.3
[[1;36mDEBUG[m] jtds.version: 1.3.1
[[1;36mDEBUG[m] jts.version: 1.19.0
[[1;36mDEBUG[m] junit-jupiter.version: 5.11.4
[[1;36mDEBUG[m] junit.version: 4.13.2
[[1;36mDEBUG[m] kafka.version: 3.8.1
[[1;36mDEBUG[m] kotlin-coroutines.version: 1.8.1
[[1;36mDEBUG[m] kotlin-serialization.version: 1.6.3
[[1;36mDEBUG[m] kotlin.version: 1.9.25
[[1;36mDEBUG[m] lettuce.version: 6.4.2.RELEASE
[[1;36mDEBUG[m] library.jansi.path: /usr/share/maven/lib/jansi-native
[[1;36mDEBUG[m] line.separator: 

[[1;36mDEBUG[m] liquibase.version: 4.29.2
[[1;36mDEBUG[m] log4j2.version: 2.24.3
[[1;36mDEBUG[m] logback.version: 1.5.18
[[1;36mDEBUG[m] lombok.version: 1.18.38
[[1;36mDEBUG[m] mariadb.version: 3.4.2
[[1;36mDEBUG[m] maven-antrun-plugin.version: 3.1.0
[[1;36mDEBUG[m] maven-assembly-plugin.version: 3.7.1
[[1;36mDEBUG[m] maven-clean-plugin.version: 3.4.1
[[1;36mDEBUG[m] maven-compiler-plugin.version: 3.13.0
[[1;36mDEBUG[m] maven-dependency-plugin.version: 3.8.1
[[1;36mDEBUG[m] maven-deploy-plugin.version: 3.1.4
[[1;36mDEBUG[m] maven-enforcer-plugin.version: 3.5.0
[[1;36mDEBUG[m] maven-failsafe-plugin.version: 3.5.3
[[1;36mDEBUG[m] maven-help-plugin.version: 3.5.1
[[1;36mDEBUG[m] maven-install-plugin.version: 3.1.4
[[1;36mDEBUG[m] maven-invoker-plugin.version: 3.8.1
[[1;36mDEBUG[m] maven-jar-plugin.version: 3.4.2
[[1;36mDEBUG[m] maven-javadoc-plugin.version: 3.10.1
[[1;36mDEBUG[m] maven-resources-plugin.version: 3.3.1
[[1;36mDEBUG[m] maven-shade-plugin.version: 3.6.0
[[1;36mDEBUG[m] maven-source-plugin.version: 3.3.1
[[1;36mDEBUG[m] maven-surefire-plugin.version: 3.5.3
[[1;36mDEBUG[m] maven-war-plugin.version: 3.4.0
[[1;36mDEBUG[m] maven.build.timestamp: 2025-04-27T14:24:59Z
[[1;36mDEBUG[m] maven.build.version: Apache Maven 3.6.3
[[1;36mDEBUG[m] maven.compiler.release: 17
[[1;36mDEBUG[m] maven.conf: /usr/share/maven/conf
[[1;36mDEBUG[m] maven.home: /usr/share/maven
[[1;36mDEBUG[m] maven.multiModuleProjectDirectory: /mnt/c/Users/Malef/Desktop/Motivation_Préparation_Entretiens/fair-water-data/fair-water-api
[[1;36mDEBUG[m] maven.version: 3.6.3
[[1;36mDEBUG[m] micrometer-tracing.version: 1.4.5
[[1;36mDEBUG[m] micrometer.version: 1.14.6
[[1;36mDEBUG[m] mockito.version: 5.14.2
[[1;36mDEBUG[m] mongodb.version: 5.2.1
[[1;36mDEBUG[m] mssql-jdbc.version: 12.8.1.jre11
[[1;36mDEBUG[m] mysql.version: 9.1.0
[[1;36mDEBUG[m] native-build-tools-plugin.version: 0.10.6
[[1;36mDEBUG[m] native.encoding: UTF-8
[[1;36mDEBUG[m] nekohtml.version: 1.9.22
[[1;36mDEBUG[m] neo4j-java-driver.version: 5.28.4
[[1;36mDEBUG[m] netty.version: 4.1.119.Final
[[1;36mDEBUG[m] opentelemetry.version: 1.43.0
[[1;36mDEBUG[m] oracle-database.version: 23.5.0.24.07
[[1;36mDEBUG[m] oracle-r2dbc.version: 1.2.0
[[1;36mDEBUG[m] os.arch: amd64
[[1;36mDEBUG[m] os.name: Linux
[[1;36mDEBUG[m] os.version: 4.4.0-22621-Microsoft
[[1;36mDEBUG[m] path.separator: :
[[1;36mDEBUG[m] pooled-jms.version: 3.1.7
[[1;36mDEBUG[m] postgis.version: 42.6.0
[[1;36mDEBUG[m] postgresql.version: 42.7.3
[[1;36mDEBUG[m] project.baseUri: file:/mnt/c/Users/Malef/Desktop/Motivation_Préparation_Entretiens/fair-water-data/fair-water-api/
[[1;36mDEBUG[m] project.build.sourceEncoding: UTF-8
[[1;36mDEBUG[m] project.reporting.outputEncoding: UTF-8
[[1;36mDEBUG[m] prometheus-client.version: 1.3.6
[[1;36mDEBUG[m] prometheus-simpleclient.version: 0.16.0
[[1;36mDEBUG[m] pulsar-reactive.version: 0.5.10
[[1;36mDEBUG[m] pulsar.version: 3.3.6
[[1;36mDEBUG[m] quartz.version: 2.3.2
[[1;36mDEBUG[m] querydsl.version: 5.1.0
[[1;36mDEBUG[m] r2dbc-h2.version: 1.0.0.RELEASE
[[1;36mDEBUG[m] r2dbc-mariadb.version: 1.2.2
[[1;36mDEBUG[m] r2dbc-mssql.version: 1.0.2.RELEASE
[[1;36mDEBUG[m] r2dbc-mysql.version: 1.3.2
[[1;36mDEBUG[m] r2dbc-pool.version: 1.0.2.RELEASE
[[1;36mDEBUG[m] r2dbc-postgresql.version: 1.0.7.RELEASE
[[1;36mDEBUG[m] r2dbc-proxy.version: 1.1.5.RELEASE
[[1;36mDEBUG[m] r2dbc-spi.version: 1.0.0.RELEASE
[[1;36mDEBUG[m] rabbit-amqp-client.version: 5.22.0
[[1;36mDEBUG[m] rabbit-stream-client.version: 0.18.0
[[1;36mDEBUG[m] rdf4j.version: 4.3.0
[[1;36mDEBUG[m] reactive-streams.version: 1.0.4
[[1;36mDEBUG[m] reactor-bom.version: 2024.0.5
[[1;36mDEBUG[m] resource.delimiter: @
[[1;36mDEBUG[m] rest-assured.version: 5.5.1
[[1;36mDEBUG[m] rsocket.version: 1.1.5
[[1;36mDEBUG[m] rxjava3.version: 3.1.10
[[1;36mDEBUG[m] saaj-impl.version: 3.0.4
[[1;36mDEBUG[m] selenium-htmlunit.version: 4.25.0
[[1;36mDEBUG[m] selenium.version: 4.25.0
[[1;36mDEBUG[m] sendgrid.version: 4.10.3
[[1;36mDEBUG[m] slf4j.version: 2.0.17
[[1;36mDEBUG[m] snakeyaml.version: 2.3
[[1;36mDEBUG[m] spring-amqp.version: 3.2.5
[[1;36mDEBUG[m] spring-authorization-server.version: 1.4.3
[[1;36mDEBUG[m] spring-batch.version: 5.2.2
[[1;36mDEBUG[m] spring-boot.run.main-class: ${start-class}
[[1;36mDEBUG[m] spring-data-bom.version: 2024.1.5
[[1;36mDEBUG[m] spring-framework.version: 6.2.6
[[1;36mDEBUG[m] spring-graphql.version: 1.3.5
[[1;36mDEBUG[m] spring-hateoas.version: 2.4.1
[[1;36mDEBUG[m] spring-integration.version: 6.4.4
[[1;36mDEBUG[m] spring-kafka.version: 3.3.5
[[1;36mDEBUG[m] spring-ldap.version: 3.2.12
[[1;36mDEBUG[m] spring-pulsar.version: 1.2.5
[[1;36mDEBUG[m] spring-restdocs.version: 3.0.3
[[1;36mDEBUG[m] spring-retry.version: 2.0.11
[[1;36mDEBUG[m] spring-security.version: 6.4.5
[[1;36mDEBUG[m] spring-session.version: 3.4.3
[[1;36mDEBUG[m] spring-ws.version: 4.0.13
[[1;36mDEBUG[m] sqlite-jdbc.version: 3.47.2.0
[[1;36mDEBUG[m] sun.arch.data.model: 64
[[1;36mDEBUG[m] sun.boot.library.path: /usr/lib/jvm/java-18-openjdk-amd64/lib
[[1;36mDEBUG[m] sun.cpu.endian: little
[[1;36mDEBUG[m] sun.io.unicode.encoding: UnicodeLittle
[[1;36mDEBUG[m] sun.java.command: org.codehaus.plexus.classworlds.launcher.Launcher test -e -X
[[1;36mDEBUG[m] sun.java.launcher: SUN_STANDARD
[[1;36mDEBUG[m] sun.jnu.encoding: UTF-8
[[1;36mDEBUG[m] sun.management.compiler: HotSpot 64-Bit Tiered Compilers
[[1;36mDEBUG[m] testcontainers-redis-module.version: 2.2.4
[[1;36mDEBUG[m] testcontainers.version: 1.20.6
[[1;36mDEBUG[m] thymeleaf-extras-data-attribute.version: 2.0.1
[[1;36mDEBUG[m] thymeleaf-extras-springsecurity.version: 3.1.3.RELEASE
[[1;36mDEBUG[m] thymeleaf-layout-dialect.version: 3.3.0
[[1;36mDEBUG[m] thymeleaf.version: 3.1.3.RELEASE
[[1;36mDEBUG[m] tomcat.version: 10.1.40
[[1;36mDEBUG[m] unboundid-ldapsdk.version: 6.0.11
[[1;36mDEBUG[m] undertow.version: 2.3.18.Final
[[1;36mDEBUG[m] user.dir: /mnt/c/Users/Malef/Desktop/Motivation_Préparation_Entretiens/fair-water-data/fair-water-api
[[1;36mDEBUG[m] user.home: /home/skander26
[[1;36mDEBUG[m] user.language: en
[[1;36mDEBUG[m] user.name: skander26
[[1;36mDEBUG[m] versions-maven-plugin.version: 2.17.1
[[1;36mDEBUG[m] webjars-locator-core.version: 0.59
[[1;36mDEBUG[m] webjars-locator-lite.version: 1.0.1
[[1;36mDEBUG[m] wsdl4j.version: 1.6.3
[[1;36mDEBUG[m] xml-maven-plugin.version: 1.1.0
[[1;36mDEBUG[m] xmlunit2.version: 2.10.0
[[1;36mDEBUG[m] yasson.version: 3.0.4
[[1;36mDEBUG[m] zipkin-reporter.version: 3.4.3
[[1;36mDEBUG[m] Using 'UTF-8' encoding to copy filtered resources.
[[1;36mDEBUG[m] Using 'UTF-8' encoding to copy filtered properties files.
[[1;36mDEBUG[m] resource with targetPath null
directory /mnt/c/Users/Malef/Desktop/Motivation_Préparation_Entretiens/fair-water-data/fair-water-api/src/test/resources
excludes []
includes []
[[1;34mINFO[m] skip non existing resourceDirectory /mnt/c/Users/Malef/Desktop/Motivation_Préparation_Entretiens/fair-water-data/fair-water-api/src/test/resources
[[1;36mDEBUG[m] no user filter components
[[1;34mINFO[m] 
[[1;34mINFO[m] [1m--- [0;32mmaven-compiler-plugin:3.13.0:testCompile[m [1m(default-testCompile)[m @ [36mfair-water-api[0;1m ---[m
[[1;36mDEBUG[m] Configuring mojo org.apache.maven.plugins:maven-compiler-plugin:3.13.0:testCompile from plugin realm ClassRealm[plugin>org.apache.maven.plugins:maven-compiler-plugin:3.13.0, parent: jdk.internal.loader.ClassLoaders$AppClassLoader@1698c449]
[[1;36mDEBUG[m] Configuring mojo 'org.apache.maven.plugins:maven-compiler-plugin:3.13.0:testCompile' with basic configurator -->
[[1;36mDEBUG[m]   (f) annotationProcessorPathsUseDepMgmt = false
[[1;36mDEBUG[m]   (f) basedir = /mnt/c/Users/Malef/Desktop/Motivation_Préparation_Entretiens/fair-water-data/fair-water-api
[[1;36mDEBUG[m]   (f) buildDirectory = /mnt/c/Users/Malef/Desktop/Motivation_Préparation_Entretiens/fair-water-data/fair-water-api/target
[[1;36mDEBUG[m]   (f) compileSourceRoots = [/mnt/c/Users/Malef/Desktop/Motivation_Préparation_Entretiens/fair-water-data/fair-water-api/src/test/java]
[[1;36mDEBUG[m]   (f) compilerId = javac
[[1;36mDEBUG[m]   (f) createMissingPackageInfoClass = true
[[1;36mDEBUG[m]   (f) debug = true
[[1;36mDEBUG[m]   (f) debugFileName = javac-test
[[1;36mDEBUG[m]   (f) enablePreview = false
[[1;36mDEBUG[m]   (f) encoding = UTF-8
[[1;36mDEBUG[m]   (f) failOnError = true
[[1;36mDEBUG[m]   (f) failOnWarning = false
[[1;36mDEBUG[m]   (f) fileExtensions = [jar, class]
[[1;36mDEBUG[m]   (f) forceJavacCompilerUse = false
[[1;36mDEBUG[m]   (f) forceLegacyJavacApi = false
[[1;36mDEBUG[m]   (f) fork = false
[[1;36mDEBUG[m]   (f) generatedTestSourcesDirectory = /mnt/c/Users/Malef/Desktop/Motivation_Préparation_Entretiens/fair-water-data/fair-water-api/target/generated-test-sources/test-annotations
[[1;36mDEBUG[m]   (f) mojoExecution = org.apache.maven.plugins:maven-compiler-plugin:3.13.0:testCompile {execution: default-testCompile}
[[1;36mDEBUG[m]   (f) optimize = false
[[1;36mDEBUG[m]   (f) outputDirectory = /mnt/c/Users/Malef/Desktop/Motivation_Préparation_Entretiens/fair-water-data/fair-water-api/target/test-classes
[[1;36mDEBUG[m]   (f) parameters = true
[[1;36mDEBUG[m]   (f) project = MavenProject: org.fairwater:fair-water-api:0.0.1-SNAPSHOT @ /mnt/c/Users/Malef/Desktop/Motivation_Préparation_Entretiens/fair-water-data/fair-water-api/pom.xml
[[1;36mDEBUG[m]   (s) release = 17
[[1;36mDEBUG[m]   (f) session = org.apache.maven.execution.MavenSession@385e36d4
[[1;36mDEBUG[m]   (f) showCompilationChanges = false
[[1;36mDEBUG[m]   (f) showDeprecation = false
[[1;36mDEBUG[m]   (f) showWarnings = true
[[1;36mDEBUG[m]   (f) skipMultiThreadWarning = false
[[1;36mDEBUG[m]   (f) source = 1.8
[[1;36mDEBUG[m]   (f) staleMillis = 0
[[1;36mDEBUG[m]   (s) target = 1.8
[[1;36mDEBUG[m]   (f) testPath = [/mnt/c/Users/Malef/Desktop/Motivation_Préparation_Entretiens/fair-water-data/fair-water-api/target/test-classes, /mnt/c/Users/Malef/Desktop/Motivation_Préparation_Entretiens/fair-water-data/fair-water-api/target/classes, /home/skander26/.m2/repository/org/springframework/boot/spring-boot-starter-web/3.4.5/spring-boot-starter-web-3.4.5.jar, /home/skander26/.m2/repository/org/springframework/boot/spring-boot-starter-json/3.4.5/spring-boot-starter-json-3.4.5.jar, /home/skander26/.m2/repository/com/fasterxml/jackson/core/jackson-databind/2.18.3/jackson-databind-2.18.3.jar, /home/skander26/.m2/repository/com/fasterxml/jackson/datatype/jackson-datatype-jdk8/2.18.3/jackson-datatype-jdk8-2.18.3.jar, /home/skander26/.m2/repository/com/fasterxml/jackson/datatype/jackson-datatype-jsr310/2.18.3/jackson-datatype-jsr310-2.18.3.jar, /home/skander26/.m2/repository/com/fasterxml/jackson/module/jackson-module-parameter-names/2.18.3/jackson-module-parameter-names-2.18.3.jar, /home/skander26/.m2/repository/org/springframework/boot/spring-boot-starter-tomcat/3.4.5/spring-boot-starter-tomcat-3.4.5.jar, /home/skander26/.m2/repository/org/apache/tomcat/embed/tomcat-embed-core/10.1.40/tomcat-embed-core-10.1.40.jar, /home/skander26/.m2/repository/org/apache/tomcat/embed/tomcat-embed-el/10.1.40/tomcat-embed-el-10.1.40.jar, /home/skander26/.m2/repository/org/apache/tomcat/embed/tomcat-embed-websocket/10.1.40/tomcat-embed-websocket-10.1.40.jar, /home/skander26/.m2/repository/org/springframework/spring-web/6.2.6/spring-web-6.2.6.jar, /home/skander26/.m2/repository/io/micrometer/micrometer-observation/1.14.6/micrometer-observation-1.14.6.jar, /home/skander26/.m2/repository/io/micrometer/micrometer-commons/1.14.6/micrometer-commons-1.14.6.jar, /home/skander26/.m2/repository/org/springframework/spring-webmvc/6.2.6/spring-webmvc-6.2.6.jar, /home/skander26/.m2/repository/org/springframework/spring-aop/6.2.6/spring-aop-6.2.6.jar, /home/skander26/.m2/repository/org/springframework/spring-context/6.2.6/spring-context-6.2.6.jar, /home/skander26/.m2/repository/org/springframework/spring-expression/6.2.6/spring-expression-6.2.6.jar, /home/skander26/.m2/repository/org/springframework/boot/spring-boot-starter-data-jpa/3.4.5/spring-boot-starter-data-jpa-3.4.5.jar, /home/skander26/.m2/repository/org/springframework/boot/spring-boot-starter-jdbc/3.4.5/spring-boot-starter-jdbc-3.4.5.jar, /home/skander26/.m2/repository/com/zaxxer/HikariCP/5.1.0/HikariCP-5.1.0.jar, /home/skander26/.m2/repository/org/springframework/spring-jdbc/6.2.6/spring-jdbc-6.2.6.jar, /home/skander26/.m2/repository/org/hibernate/orm/hibernate-core/6.6.13.Final/hibernate-core-6.6.13.Final.jar, /home/skander26/.m2/repository/jakarta/persistence/jakarta.persistence-api/3.1.0/jakarta.persistence-api-3.1.0.jar, /home/skander26/.m2/repository/jakarta/transaction/jakarta.transaction-api/2.0.1/jakarta.transaction-api-2.0.1.jar, /home/skander26/.m2/repository/org/hibernate/common/hibernate-commons-annotations/7.0.3.Final/hibernate-commons-annotations-7.0.3.Final.jar, /home/skander26/.m2/repository/io/smallrye/jandex/3.2.0/jandex-3.2.0.jar, /home/skander26/.m2/repository/com/fasterxml/classmate/1.7.0/classmate-1.7.0.jar, /home/skander26/.m2/repository/net/bytebuddy/byte-buddy/1.15.11/byte-buddy-1.15.11.jar, /home/skander26/.m2/repository/org/glassfish/jaxb/jaxb-runtime/4.0.5/jaxb-runtime-4.0.5.jar, /home/skander26/.m2/repository/org/glassfish/jaxb/jaxb-core/4.0.5/jaxb-core-4.0.5.jar, /home/skander26/.m2/repository/org/eclipse/angus/angus-activation/2.0.2/angus-activation-2.0.2.jar, /home/skander26/.m2/repository/org/glassfish/jaxb/txw2/4.0.5/txw2-4.0.5.jar, /home/skander26/.m2/repository/com/sun/istack/istack-commons-runtime/4.1.2/istack-commons-runtime-4.1.2.jar, /home/skander26/.m2/repository/jakarta/inject/jakarta.inject-api/2.0.1/jakarta.inject-api-2.0.1.jar, /home/skander26/.m2/repository/org/antlr/antlr4-runtime/4.13.0/antlr4-runtime-4.13.0.jar, /home/skander26/.m2/repository/org/springframework/data/spring-data-jpa/3.4.5/spring-data-jpa-3.4.5.jar, /home/skander26/.m2/repository/org/springframework/data/spring-data-commons/3.4.5/spring-data-commons-3.4.5.jar, /home/skander26/.m2/repository/org/springframework/spring-orm/6.2.6/spring-orm-6.2.6.jar, /home/skander26/.m2/repository/org/springframework/spring-tx/6.2.6/spring-tx-6.2.6.jar, /home/skander26/.m2/repository/org/springframework/spring-aspects/6.2.6/spring-aspects-6.2.6.jar, /home/skander26/.m2/repository/org/aspectj/aspectjweaver/1.9.24/aspectjweaver-1.9.24.jar, /home/skander26/.m2/repository/org/springframework/boot/spring-boot-starter-test/3.4.5/spring-boot-starter-test-3.4.5.jar, /home/skander26/.m2/repository/org/springframework/boot/spring-boot-test/3.4.5/spring-boot-test-3.4.5.jar, /home/skander26/.m2/repository/org/springframework/boot/spring-boot-test-autoconfigure/3.4.5/spring-boot-test-autoconfigure-3.4.5.jar, /home/skander26/.m2/repository/com/jayway/jsonpath/json-path/2.9.0/json-path-2.9.0.jar, /home/skander26/.m2/repository/jakarta/xml/bind/jakarta.xml.bind-api/4.0.2/jakarta.xml.bind-api-4.0.2.jar, /home/skander26/.m2/repository/jakarta/activation/jakarta.activation-api/2.1.3/jakarta.activation-api-2.1.3.jar, /home/skander26/.m2/repository/net/minidev/json-smart/2.5.2/json-smart-2.5.2.jar, /home/skander26/.m2/repository/net/minidev/accessors-smart/2.5.2/accessors-smart-2.5.2.jar, /home/skander26/.m2/repository/org/ow2/asm/asm/9.7.1/asm-9.7.1.jar, /home/skander26/.m2/repository/org/assertj/assertj-core/3.26.3/assertj-core-3.26.3.jar, /home/skander26/.m2/repository/org/awaitility/awaitility/4.2.2/awaitility-4.2.2.jar, /home/skander26/.m2/repository/org/hamcrest/hamcrest/2.2/hamcrest-2.2.jar, /home/skander26/.m2/repository/org/junit/jupiter/junit-jupiter/5.11.4/junit-jupiter-5.11.4.jar, /home/skander26/.m2/repository/org/junit/jupiter/junit-jupiter-api/5.11.4/junit-jupiter-api-5.11.4.jar, /home/skander26/.m2/repository/org/opentest4j/opentest4j/1.3.0/opentest4j-1.3.0.jar, /home/skander26/.m2/repository/org/junit/platform/junit-platform-commons/1.11.4/junit-platform-commons-1.11.4.jar, /home/skander26/.m2/repository/org/apiguardian/apiguardian-api/1.1.2/apiguardian-api-1.1.2.jar, /home/skander26/.m2/repository/org/junit/jupiter/junit-jupiter-params/5.11.4/junit-jupiter-params-5.11.4.jar, /home/skander26/.m2/repository/org/junit/jupiter/junit-jupiter-engine/5.11.4/junit-jupiter-engine-5.11.4.jar, /home/skander26/.m2/repository/org/junit/platform/junit-platform-engine/1.11.4/junit-platform-engine-1.11.4.jar, /home/skander26/.m2/repository/org/mockito/mockito-core/5.14.2/mockito-core-5.14.2.jar, /home/skander26/.m2/repository/net/bytebuddy/byte-buddy-agent/1.15.11/byte-buddy-agent-1.15.11.jar, /home/skander26/.m2/repository/org/objenesis/objenesis/3.3/objenesis-3.3.jar, /home/skander26/.m2/repository/org/mockito/mockito-junit-jupiter/5.14.2/mockito-junit-jupiter-5.14.2.jar, /home/skander26/.m2/repository/org/skyscreamer/jsonassert/1.5.3/jsonassert-1.5.3.jar, /home/skander26/.m2/repository/com/vaadin/external/google/android-json/0.0.20131108.vaadin1/android-json-0.0.20131108.vaadin1.jar, /home/skander26/.m2/repository/org/springframework/spring-test/6.2.6/spring-test-6.2.6.jar, /home/skander26/.m2/repository/org/xmlunit/xmlunit-core/2.10.0/xmlunit-core-2.10.0.jar, /home/skander26/.m2/repository/org/postgresql/postgresql/42.7.3/postgresql-42.7.3.jar, /home/skander26/.m2/repository/org/checkerframework/checker-qual/3.42.0/checker-qual-3.42.0.jar, /home/skander26/.m2/repository/org/hibernate/orm/hibernate-spatial/6.6.13.Final/hibernate-spatial-6.6.13.Final.jar, /home/skander26/.m2/repository/org/geolatte/geolatte-geom/1.9.1/geolatte-geom-1.9.1.jar, /home/skander26/.m2/repository/org/jboss/logging/jboss-logging/3.6.1.Final/jboss-logging-3.6.1.Final.jar, /home/skander26/.m2/repository/org/eclipse/rdf4j/rdf4j-model/4.3.0/rdf4j-model-4.3.0.jar, /home/skander26/.m2/repository/org/eclipse/rdf4j/rdf4j-model-api/4.3.0/rdf4j-model-api-4.3.0.jar, /home/skander26/.m2/repository/org/eclipse/rdf4j/rdf4j-common-annotation/4.3.0/rdf4j-common-annotation-4.3.0.jar, /home/skander26/.m2/repository/org/eclipse/rdf4j/rdf4j-model-vocabulary/4.3.0/rdf4j-model-vocabulary-4.3.0.jar, /home/skander26/.m2/repository/org/eclipse/rdf4j/rdf4j-common-exception/4.3.0/rdf4j-common-exception-4.3.0.jar, /home/skander26/.m2/repository/org/eclipse/rdf4j/rdf4j-common-text/4.3.0/rdf4j-common-text-4.3.0.jar, /home/skander26/.m2/repository/org/eclipse/rdf4j/rdf4j-common-io/4.3.0/rdf4j-common-io-4.3.0.jar, /home/skander26/.m2/repository/org/eclipse/rdf4j/rdf4j-common-util/4.3.0/rdf4j-common-util-4.3.0.jar, /home/skander26/.m2/repository/org/eclipse/rdf4j/rdf4j-common-iterator/4.3.0/rdf4j-common-iterator-4.3.0.jar, /home/skander26/.m2/repository/com/google/guava/guava/30.1.1-jre/guava-30.1.1-jre.jar, /home/skander26/.m2/repository/com/google/guava/failureaccess/1.0.1/failureaccess-1.0.1.jar, /home/skander26/.m2/repository/com/google/guava/listenablefuture/9999.0-empty-to-avoid-conflict-with-guava/listenablefuture-9999.0-empty-to-avoid-conflict-with-guava.jar, /home/skander26/.m2/repository/org/locationtech/jts/jts-core/1.19.0/jts-core-1.19.0.jar, /home/skander26/.m2/repository/org/springframework/boot/spring-boot-starter/3.4.5/spring-boot-starter-3.4.5.jar, /home/skander26/.m2/repository/org/springframework/boot/spring-boot/3.4.5/spring-boot-3.4.5.jar, /home/skander26/.m2/repository/org/springframework/boot/spring-boot-autoconfigure/3.4.5/spring-boot-autoconfigure-3.4.5.jar, /home/skander26/.m2/repository/org/springframework/boot/spring-boot-starter-logging/3.4.5/spring-boot-starter-logging-3.4.5.jar, /home/skander26/.m2/repository/ch/qos/logback/logback-classic/1.5.18/logback-classic-1.5.18.jar, /home/skander26/.m2/repository/ch/qos/logback/logback-core/1.5.18/logback-core-1.5.18.jar, /home/skander26/.m2/repository/org/apache/logging/log4j/log4j-to-slf4j/2.24.3/log4j-to-slf4j-2.24.3.jar, /home/skander26/.m2/repository/org/apache/logging/log4j/log4j-api/2.24.3/log4j-api-2.24.3.jar, /home/skander26/.m2/repository/org/slf4j/jul-to-slf4j/2.0.17/jul-to-slf4j-2.0.17.jar, /home/skander26/.m2/repository/jakarta/annotation/jakarta.annotation-api/2.1.1/jakarta.annotation-api-2.1.1.jar, /home/skander26/.m2/repository/org/yaml/snakeyaml/2.3/snakeyaml-2.3.jar, /home/skander26/.m2/repository/org/springframework/spring-beans/6.2.6/spring-beans-6.2.6.jar, /home/skander26/.m2/repository/org/eclipse/rdf4j/rdf4j-repository-api/4.3.0/rdf4j-repository-api-4.3.0.jar, /home/skander26/.m2/repository/org/eclipse/rdf4j/rdf4j-query/4.3.0/rdf4j-query-4.3.0.jar, /home/skander26/.m2/repository/com/fasterxml/jackson/core/jackson-annotations/2.18.3/jackson-annotations-2.18.3.jar, /home/skander26/.m2/repository/com/fasterxml/jackson/core/jackson-core/2.18.3/jackson-core-2.18.3.jar, /home/skander26/.m2/repository/org/apache/commons/commons-text/1.10.0/commons-text-1.10.0.jar, /home/skander26/.m2/repository/org/apache/commons/commons-lang3/3.17.0/commons-lang3-3.17.0.jar, /home/skander26/.m2/repository/org/eclipse/rdf4j/rdf4j-rio-api/4.3.0/rdf4j-rio-api-4.3.0.jar, /home/skander26/.m2/repository/org/eclipse/rdf4j/rdf4j-common-xml/4.3.0/rdf4j-common-xml-4.3.0.jar, /home/skander26/.m2/repository/commons-codec/commons-codec/1.17.2/commons-codec-1.17.2.jar, /home/skander26/.m2/repository/com/github/jsonld-java/jsonld-java/0.13.4/jsonld-java-0.13.4.jar, /home/skander26/.m2/repository/org/apache/httpcomponents/httpclient-osgi/4.5.13/httpclient-osgi-4.5.13.jar, /home/skander26/.m2/repository/org/apache/httpcomponents/httpclient/4.5.13/httpclient-4.5.13.jar, /home/skander26/.m2/repository/org/apache/httpcomponents/httpmime/4.5.13/httpmime-4.5.13.jar, /home/skander26/.m2/repository/org/apache/httpcomponents/httpclient-cache/4.5.13/httpclient-cache-4.5.13.jar, /home/skander26/.m2/repository/org/apache/httpcomponents/fluent-hc/4.5.13/fluent-hc-4.5.13.jar, /home/skander26/.m2/repository/org/apache/httpcomponents/httpcore-osgi/4.4.14/httpcore-osgi-4.4.14.jar, /home/skander26/.m2/repository/org/apache/httpcomponents/httpcore/4.4.16/httpcore-4.4.16.jar, /home/skander26/.m2/repository/org/apache/httpcomponents/httpcore-nio/4.4.16/httpcore-nio-4.4.16.jar, /home/skander26/.m2/repository/org/slf4j/jcl-over-slf4j/2.0.17/jcl-over-slf4j-2.0.17.jar, /home/skander26/.m2/repository/commons-io/commons-io/2.8.0/commons-io-2.8.0.jar, /home/skander26/.m2/repository/org/eclipse/rdf4j/rdf4j-common-transaction/4.3.0/rdf4j-common-transaction-4.3.0.jar, /home/skander26/.m2/repository/org/slf4j/slf4j-api/2.0.17/slf4j-api-2.0.17.jar, /home/skander26/.m2/repository/org/springframework/spring-core/6.2.6/spring-core-6.2.6.jar, /home/skander26/.m2/repository/org/springframework/spring-jcl/6.2.6/spring-jcl-6.2.6.jar]
[[1;36mDEBUG[m]   (f) useIncrementalCompilation = true
[[1;36mDEBUG[m]   (f) useModulePath = true
[[1;36mDEBUG[m]   (f) verbose = false
[[1;36mDEBUG[m] -- end configuration --
[[1;36mDEBUG[m] Using compiler 'javac'.
[[1;36mDEBUG[m] Adding /mnt/c/Users/Malef/Desktop/Motivation_Préparation_Entretiens/fair-water-data/fair-water-api/target/generated-test-sources/test-annotations to test-compile source roots:
  /mnt/c/Users/Malef/Desktop/Motivation_Préparation_Entretiens/fair-water-data/fair-water-api/src/test/java
[[1;36mDEBUG[m] New test-compile source roots:
  /mnt/c/Users/Malef/Desktop/Motivation_Préparation_Entretiens/fair-water-data/fair-water-api/src/test/java
  /mnt/c/Users/Malef/Desktop/Motivation_Préparation_Entretiens/fair-water-data/fair-water-api/target/generated-test-sources/test-annotations
[[1;36mDEBUG[m] CompilerReuseStrategy: reuseCreated
[[1;36mDEBUG[m] useIncrementalCompilation enabled
[[1;34mINFO[m] Nothing to compile - all classes are up to date.
[[1;34mINFO[m] 
[[1;34mINFO[m] [1m--- [0;32mmaven-surefire-plugin:3.5.3:test[m [1m(default-test)[m @ [36mfair-water-api[0;1m ---[m
[[1;36mDEBUG[m] Dependency collection stats: {ConflictMarker.analyzeTime=82000, ConflictMarker.markTime=48700, ConflictMarker.nodeCount=25, ConflictIdSorter.graphTime=16600, ConflictIdSorter.topsortTime=20900, ConflictIdSorter.conflictIdCount=15, ConflictIdSorter.conflictIdCycleCount=0, ConflictResolver.totalTime=213500, ConflictResolver.conflictItemCount=25, DefaultDependencyCollector.collectTime=42032900, DefaultDependencyCollector.transformTime=436600}
[[1;36mDEBUG[m] org.apache.maven.plugins:maven-surefire-plugin:jar:3.5.3
[[1;36mDEBUG[m]    org.apache.maven.surefire:surefire-api:jar:3.5.3:compile
[[1;36mDEBUG[m]       org.apache.maven.surefire:surefire-logger-api:jar:3.5.3:compile
[[1;36mDEBUG[m]       org.apache.maven.surefire:surefire-shared-utils:jar:3.5.3:compile (version managed from default)
[[1;36mDEBUG[m]    org.apache.maven.surefire:surefire-extensions-api:jar:3.5.3:compile
[[1;36mDEBUG[m]    org.apache.maven.surefire:maven-surefire-common:jar:3.5.3:compile
[[1;36mDEBUG[m]       org.apache.maven.surefire:surefire-booter:jar:3.5.3:compile
[[1;36mDEBUG[m]          org.apache.maven.surefire:surefire-extensions-spi:jar:3.5.3:compile
[[1;36mDEBUG[m]       org.apache.maven.resolver:maven-resolver-util:jar:1.4.1:compile
[[1;36mDEBUG[m]          org.apache.maven.resolver:maven-resolver-api:jar:1.4.1:compile
[[1;36mDEBUG[m]       org.apache.maven.shared:maven-common-artifact-filters:jar:3.4.0:compile (version managed from default)
[[1;36mDEBUG[m]          org.slf4j:slf4j-api:jar:1.7.36:compile (version managed from default)
[[1;36mDEBUG[m]       org.codehaus.plexus:plexus-java:jar:1.4.0:compile (version managed from default)
[[1;36mDEBUG[m]          org.ow2.asm:asm:jar:9.7.1:compile
[[1;36mDEBUG[m]          com.thoughtworks.qdox:qdox:jar:2.2.0:compile
[[1;36mDEBUG[m]    org.codehaus.plexus:plexus-utils:jar:1.1:runtime
[[1;36mDEBUG[m] Created new class realm plugin>org.apache.maven.plugins:maven-surefire-plugin:3.5.3
[[1;36mDEBUG[m] Importing foreign packages into class realm plugin>org.apache.maven.plugins:maven-surefire-plugin:3.5.3
[[1;36mDEBUG[m]   Imported:  < maven.api
[[1;36mDEBUG[m] Populating class realm plugin>org.apache.maven.plugins:maven-surefire-plugin:3.5.3
[[1;36mDEBUG[m]   Included: org.apache.maven.plugins:maven-surefire-plugin:jar:3.5.3
[[1;36mDEBUG[m]   Included: org.apache.maven.surefire:surefire-api:jar:3.5.3
[[1;36mDEBUG[m]   Included: org.apache.maven.surefire:surefire-logger-api:jar:3.5.3
[[1;36mDEBUG[m]   Included: org.apache.maven.surefire:surefire-shared-utils:jar:3.5.3
[[1;36mDEBUG[m]   Included: org.apache.maven.surefire:surefire-extensions-api:jar:3.5.3
[[1;36mDEBUG[m]   Included: org.apache.maven.surefire:maven-surefire-common:jar:3.5.3
[[1;36mDEBUG[m]   Included: org.apache.maven.surefire:surefire-booter:jar:3.5.3
[[1;36mDEBUG[m]   Included: org.apache.maven.surefire:surefire-extensions-spi:jar:3.5.3
[[1;36mDEBUG[m]   Included: org.apache.maven.resolver:maven-resolver-util:jar:1.4.1
[[1;36mDEBUG[m]   Included: org.apache.maven.shared:maven-common-artifact-filters:jar:3.4.0
[[1;36mDEBUG[m]   Included: org.codehaus.plexus:plexus-java:jar:1.4.0
[[1;36mDEBUG[m]   Included: org.ow2.asm:asm:jar:9.7.1
[[1;36mDEBUG[m]   Included: com.thoughtworks.qdox:qdox:jar:2.2.0
[[1;36mDEBUG[m]   Included: org.codehaus.plexus:plexus-utils:jar:1.1
[[1;36mDEBUG[m] Configuring mojo org.apache.maven.plugins:maven-surefire-plugin:3.5.3:test from plugin realm ClassRealm[plugin>org.apache.maven.plugins:maven-surefire-plugin:3.5.3, parent: jdk.internal.loader.ClassLoaders$AppClassLoader@1698c449]
[[1;36mDEBUG[m] Configuring mojo 'org.apache.maven.plugins:maven-surefire-plugin:3.5.3:test' with basic configurator -->
[[1;36mDEBUG[m]   (f) additionalClasspathDependencies = []
[[1;36mDEBUG[m]   (s) additionalClasspathElements = []
[[1;36mDEBUG[m]   (s) basedir = /mnt/c/Users/Malef/Desktop/Motivation_Préparation_Entretiens/fair-water-data/fair-water-api
[[1;36mDEBUG[m]   (s) childDelegation = false
[[1;36mDEBUG[m]   (f) classesDirectory = /mnt/c/Users/Malef/Desktop/Motivation_Préparation_Entretiens/fair-water-data/fair-water-api/target/classes
[[1;36mDEBUG[m]   (s) classpathDependencyExcludes = []
[[1;36mDEBUG[m]   (s) dependenciesToScan = []
[[1;36mDEBUG[m]   (s) enableAssertions = true
[[1;36mDEBUG[m]   (s) enableOutErrElements = true
[[1;36mDEBUG[m]   (s) enablePropertiesElement = true
[[1;36mDEBUG[m]   (s) encoding = UTF-8
[[1;36mDEBUG[m]   (s) excludeJUnit5Engines = []
[[1;36mDEBUG[m]   (f) excludedEnvironmentVariables = []
[[1;36mDEBUG[m]   (s) excludes = []
[[1;36mDEBUG[m]   (s) failIfNoSpecifiedTests = true
[[1;36mDEBUG[m]   (s) failIfNoTests = false
[[1;36mDEBUG[m]   (s) failOnFlakeCount = 0
[[1;36mDEBUG[m]   (f) forkCount = 1
[[1;36mDEBUG[m]   (s) forkedProcessExitTimeoutInSeconds = 30
[[1;36mDEBUG[m]   (s) includeJUnit5Engines = []
[[1;36mDEBUG[m]   (s) includes = []
[[1;36mDEBUG[m]   (s) junitArtifactName = junit:junit
[[1;36mDEBUG[m]   (f) parallelMavenExecution = false
[[1;36mDEBUG[m]   (s) parallelOptimized = true
[[1;36mDEBUG[m]   (s) perCoreThreadCount = true
[[1;36mDEBUG[m]   (s) pluginArtifactMap = {org.apache.maven.plugins:maven-surefire-plugin=org.apache.maven.plugins:maven-surefire-plugin:maven-plugin:3.5.3:, org.apache.maven.surefire:surefire-api=org.apache.maven.surefire:surefire-api:jar:3.5.3:compile, org.apache.maven.surefire:surefire-logger-api=org.apache.maven.surefire:surefire-logger-api:jar:3.5.3:compile, org.apache.maven.surefire:surefire-shared-utils=org.apache.maven.surefire:surefire-shared-utils:jar:3.5.3:compile, org.apache.maven.surefire:surefire-extensions-api=org.apache.maven.surefire:surefire-extensions-api:jar:3.5.3:compile, org.apache.maven.surefire:maven-surefire-common=org.apache.maven.surefire:maven-surefire-common:jar:3.5.3:compile, org.apache.maven.surefire:surefire-booter=org.apache.maven.surefire:surefire-booter:jar:3.5.3:compile, org.apache.maven.surefire:surefire-extensions-spi=org.apache.maven.surefire:surefire-extensions-spi:jar:3.5.3:compile, org.apache.maven.resolver:maven-resolver-util=org.apache.maven.resolver:maven-resolver-util:jar:1.4.1:compile, org.apache.maven.resolver:maven-resolver-api=org.apache.maven.resolver:maven-resolver-api:jar:1.4.1:compile, org.apache.maven.shared:maven-common-artifact-filters=org.apache.maven.shared:maven-common-artifact-filters:jar:3.4.0:compile, org.slf4j:slf4j-api=org.slf4j:slf4j-api:jar:1.7.36:compile, org.codehaus.plexus:plexus-java=org.codehaus.plexus:plexus-java:jar:1.4.0:compile, org.ow2.asm:asm=org.ow2.asm:asm:jar:9.7.1:compile, com.thoughtworks.qdox:qdox=com.thoughtworks.qdox:qdox:jar:2.2.0:compile, org.codehaus.plexus:plexus-utils=org.codehaus.plexus:plexus-utils:jar:1.1:runtime}
[[1;36mDEBUG[m]   (f) pluginDescriptor = Component Descriptor: role: 'org.apache.maven.plugin.Mojo', implementation: 'org.apache.maven.plugins.maven_surefire_plugin.HelpMojo', role hint: 'org.apache.maven.plugins:maven-surefire-plugin:3.5.3:help'
role: 'org.apache.maven.plugin.Mojo', implementation: 'org.apache.maven.plugin.surefire.SurefireMojo', role hint: 'org.apache.maven.plugins:maven-surefire-plugin:3.5.3:test'
---
[[1;36mDEBUG[m]   (s) printSummary = true
[[1;36mDEBUG[m]   (s) project = MavenProject: org.fairwater:fair-water-api:0.0.1-SNAPSHOT @ /mnt/c/Users/Malef/Desktop/Motivation_Préparation_Entretiens/fair-water-data/fair-water-api/pom.xml
[[1;36mDEBUG[m]   (s) projectArtifactMap = {org.springframework.boot:spring-boot-starter-web=org.springframework.boot:spring-boot-starter-web:jar:3.4.5:compile, org.springframework.boot:spring-boot-starter-json=org.springframework.boot:spring-boot-starter-json:jar:3.4.5:compile, com.fasterxml.jackson.core:jackson-databind=com.fasterxml.jackson.core:jackson-databind:jar:2.18.3:compile, com.fasterxml.jackson.datatype:jackson-datatype-jdk8=com.fasterxml.jackson.datatype:jackson-datatype-jdk8:jar:2.18.3:compile, com.fasterxml.jackson.datatype:jackson-datatype-jsr310=com.fasterxml.jackson.datatype:jackson-datatype-jsr310:jar:2.18.3:compile, com.fasterxml.jackson.module:jackson-module-parameter-names=com.fasterxml.jackson.module:jackson-module-parameter-names:jar:2.18.3:compile, org.springframework.boot:spring-boot-starter-tomcat=org.springframework.boot:spring-boot-starter-tomcat:jar:3.4.5:compile, org.apache.tomcat.embed:tomcat-embed-core=org.apache.tomcat.embed:tomcat-embed-core:jar:10.1.40:compile, org.apache.tomcat.embed:tomcat-embed-el=org.apache.tomcat.embed:tomcat-embed-el:jar:10.1.40:compile, org.apache.tomcat.embed:tomcat-embed-websocket=org.apache.tomcat.embed:tomcat-embed-websocket:jar:10.1.40:compile, org.springframework:spring-web=org.springframework:spring-web:jar:6.2.6:compile, io.micrometer:micrometer-observation=io.micrometer:micrometer-observation:jar:1.14.6:compile, io.micrometer:micrometer-commons=io.micrometer:micrometer-commons:jar:1.14.6:compile, org.springframework:spring-webmvc=org.springframework:spring-webmvc:jar:6.2.6:compile, org.springframework:spring-aop=org.springframework:spring-aop:jar:6.2.6:compile, org.springframework:spring-context=org.springframework:spring-context:jar:6.2.6:compile, org.springframework:spring-expression=org.springframework:spring-expression:jar:6.2.6:compile, org.springframework.boot:spring-boot-starter-data-jpa=org.springframework.boot:spring-boot-starter-data-jpa:jar:3.4.5:compile, org.springframework.boot:spring-boot-starter-jdbc=org.springframework.boot:spring-boot-starter-jdbc:jar:3.4.5:compile, com.zaxxer:HikariCP=com.zaxxer:HikariCP:jar:5.1.0:compile, org.springframework:spring-jdbc=org.springframework:spring-jdbc:jar:6.2.6:compile, org.hibernate.orm:hibernate-core=org.hibernate.orm:hibernate-core:jar:6.6.13.Final:compile, jakarta.persistence:jakarta.persistence-api=jakarta.persistence:jakarta.persistence-api:jar:3.1.0:compile, jakarta.transaction:jakarta.transaction-api=jakarta.transaction:jakarta.transaction-api:jar:2.0.1:compile, org.hibernate.common:hibernate-commons-annotations=org.hibernate.common:hibernate-commons-annotations:jar:7.0.3.Final:runtime, io.smallrye:jandex=io.smallrye:jandex:jar:3.2.0:runtime, com.fasterxml:classmate=com.fasterxml:classmate:jar:1.7.0:runtime, net.bytebuddy:byte-buddy=net.bytebuddy:byte-buddy:jar:1.15.11:runtime, org.glassfish.jaxb:jaxb-runtime=org.glassfish.jaxb:jaxb-runtime:jar:4.0.5:runtime, org.glassfish.jaxb:jaxb-core=org.glassfish.jaxb:jaxb-core:jar:4.0.5:runtime, org.eclipse.angus:angus-activation=org.eclipse.angus:angus-activation:jar:2.0.2:runtime, org.glassfish.jaxb:txw2=org.glassfish.jaxb:txw2:jar:4.0.5:runtime, com.sun.istack:istack-commons-runtime=com.sun.istack:istack-commons-runtime:jar:4.1.2:runtime, jakarta.inject:jakarta.inject-api=jakarta.inject:jakarta.inject-api:jar:2.0.1:runtime, org.antlr:antlr4-runtime=org.antlr:antlr4-runtime:jar:4.13.0:compile, org.springframework.data:spring-data-jpa=org.springframework.data:spring-data-jpa:jar:3.4.5:compile, org.springframework.data:spring-data-commons=org.springframework.data:spring-data-commons:jar:3.4.5:compile, org.springframework:spring-orm=org.springframework:spring-orm:jar:6.2.6:compile, org.springframework:spring-tx=org.springframework:spring-tx:jar:6.2.6:compile, org.springframework:spring-aspects=org.springframework:spring-aspects:jar:6.2.6:compile, org.aspectj:aspectjweaver=org.aspectj:aspectjweaver:jar:1.9.24:compile, org.springframework.boot:spring-boot-starter-test=org.springframework.boot:spring-boot-starter-test:jar:3.4.5:test, org.springframework.boot:spring-boot-test=org.springframework.boot:spring-boot-test:jar:3.4.5:test, org.springframework.boot:spring-boot-test-autoconfigure=org.springframework.boot:spring-boot-test-autoconfigure:jar:3.4.5:test, com.jayway.jsonpath:json-path=com.jayway.jsonpath:json-path:jar:2.9.0:test, jakarta.xml.bind:jakarta.xml.bind-api=jakarta.xml.bind:jakarta.xml.bind-api:jar:4.0.2:runtime, jakarta.activation:jakarta.activation-api=jakarta.activation:jakarta.activation-api:jar:2.1.3:runtime, net.minidev:json-smart=net.minidev:json-smart:jar:2.5.2:test, net.minidev:accessors-smart=net.minidev:accessors-smart:jar:2.5.2:test, org.ow2.asm:asm=org.ow2.asm:asm:jar:9.7.1:test, org.assertj:assertj-core=org.assertj:assertj-core:jar:3.26.3:test, org.awaitility:awaitility=org.awaitility:awaitility:jar:4.2.2:test, org.hamcrest:hamcrest=org.hamcrest:hamcrest:jar:2.2:test, org.junit.jupiter:junit-jupiter=org.junit.jupiter:junit-jupiter:jar:5.11.4:test, org.junit.jupiter:junit-jupiter-api=org.junit.jupiter:junit-jupiter-api:jar:5.11.4:test, org.opentest4j:opentest4j=org.opentest4j:opentest4j:jar:1.3.0:test, org.junit.platform:junit-platform-commons=org.junit.platform:junit-platform-commons:jar:1.11.4:test, org.apiguardian:apiguardian-api=org.apiguardian:apiguardian-api:jar:1.1.2:test, org.junit.jupiter:junit-jupiter-params=org.junit.jupiter:junit-jupiter-params:jar:5.11.4:test, org.junit.jupiter:junit-jupiter-engine=org.junit.jupiter:junit-jupiter-engine:jar:5.11.4:test, org.junit.platform:junit-platform-engine=org.junit.platform:junit-platform-engine:jar:1.11.4:test, org.mockito:mockito-core=org.mockito:mockito-core:jar:5.14.2:test, net.bytebuddy:byte-buddy-agent=net.bytebuddy:byte-buddy-agent:jar:1.15.11:test, org.objenesis:objenesis=org.objenesis:objenesis:jar:3.3:test, org.mockito:mockito-junit-jupiter=org.mockito:mockito-junit-jupiter:jar:5.14.2:test, org.skyscreamer:jsonassert=org.skyscreamer:jsonassert:jar:1.5.3:test, com.vaadin.external.google:android-json=com.vaadin.external.google:android-json:jar:0.0.20131108.vaadin1:test, org.springframework:spring-test=org.springframework:spring-test:jar:6.2.6:test, org.xmlunit:xmlunit-core=org.xmlunit:xmlunit-core:jar:2.10.0:test, org.postgresql:postgresql=org.postgresql:postgresql:jar:42.7.3:runtime, org.checkerframework:checker-qual=org.checkerframework:checker-qual:jar:3.42.0:runtime, org.hibernate.orm:hibernate-spatial=org.hibernate.orm:hibernate-spatial:jar:6.6.13.Final:compile, org.geolatte:geolatte-geom=org.geolatte:geolatte-geom:jar:1.9.1:compile, org.jboss.logging:jboss-logging=org.jboss.logging:jboss-logging:jar:3.6.1.Final:runtime, org.eclipse.rdf4j:rdf4j-model=org.eclipse.rdf4j:rdf4j-model:jar:4.3.0:compile, org.eclipse.rdf4j:rdf4j-model-api=org.eclipse.rdf4j:rdf4j-model-api:jar:4.3.0:compile, org.eclipse.rdf4j:rdf4j-common-annotation=org.eclipse.rdf4j:rdf4j-common-annotation:jar:4.3.0:compile, org.eclipse.rdf4j:rdf4j-model-vocabulary=org.eclipse.rdf4j:rdf4j-model-vocabulary:jar:4.3.0:compile, org.eclipse.rdf4j:rdf4j-common-exception=org.eclipse.rdf4j:rdf4j-common-exception:jar:4.3.0:compile, org.eclipse.rdf4j:rdf4j-common-text=org.eclipse.rdf4j:rdf4j-common-text:jar:4.3.0:compile, org.eclipse.rdf4j:rdf4j-common-io=org.eclipse.rdf4j:rdf4j-common-io:jar:4.3.0:compile, org.eclipse.rdf4j:rdf4j-common-util=org.eclipse.rdf4j:rdf4j-common-util:jar:4.3.0:compile, org.eclipse.rdf4j:rdf4j-common-iterator=org.eclipse.rdf4j:rdf4j-common-iterator:jar:4.3.0:compile, com.google.guava:guava=com.google.guava:guava:jar:30.1.1-jre:compile, com.google.guava:failureaccess=com.google.guava:failureaccess:jar:1.0.1:compile, com.google.guava:listenablefuture=com.google.guava:listenablefuture:jar:9999.0-empty-to-avoid-conflict-with-guava:compile, org.locationtech.jts:jts-core=org.locationtech.jts:jts-core:jar:1.19.0:compile, org.springframework.boot:spring-boot-starter=org.springframework.boot:spring-boot-starter:jar:3.4.5:compile, org.springframework.boot:spring-boot=org.springframework.boot:spring-boot:jar:3.4.5:compile, org.springframework.boot:spring-boot-autoconfigure=org.springframework.boot:spring-boot-autoconfigure:jar:3.4.5:compile, org.springframework.boot:spring-boot-starter-logging=org.springframework.boot:spring-boot-starter-logging:jar:3.4.5:compile, ch.qos.logback:logback-classic=ch.qos.logback:logback-classic:jar:1.5.18:compile, ch.qos.logback:logback-core=ch.qos.logback:logback-core:jar:1.5.18:compile, org.apache.logging.log4j:log4j-to-slf4j=org.apache.logging.log4j:log4j-to-slf4j:jar:2.24.3:compile, org.apache.logging.log4j:log4j-api=org.apache.logging.log4j:log4j-api:jar:2.24.3:compile, org.slf4j:jul-to-slf4j=org.slf4j:jul-to-slf4j:jar:2.0.17:compile, jakarta.annotation:jakarta.annotation-api=jakarta.annotation:jakarta.annotation-api:jar:2.1.1:compile, org.yaml:snakeyaml=org.yaml:snakeyaml:jar:2.3:compile, org.springframework:spring-beans=org.springframework:spring-beans:jar:6.2.6:compile, org.eclipse.rdf4j:rdf4j-repository-api=org.eclipse.rdf4j:rdf4j-repository-api:jar:4.3.0:compile, org.eclipse.rdf4j:rdf4j-query=org.eclipse.rdf4j:rdf4j-query:jar:4.3.0:compile, com.fasterxml.jackson.core:jackson-annotations=com.fasterxml.jackson.core:jackson-annotations:jar:2.18.3:compile, com.fasterxml.jackson.core:jackson-core=com.fasterxml.jackson.core:jackson-core:jar:2.18.3:compile, org.apache.commons:commons-text=org.apache.commons:commons-text:jar:1.10.0:compile, org.apache.commons:commons-lang3=org.apache.commons:commons-lang3:jar:3.17.0:compile, org.eclipse.rdf4j:rdf4j-rio-api=org.eclipse.rdf4j:rdf4j-rio-api:jar:4.3.0:compile, org.eclipse.rdf4j:rdf4j-common-xml=org.eclipse.rdf4j:rdf4j-common-xml:jar:4.3.0:compile, commons-codec:commons-codec=commons-codec:commons-codec:jar:1.17.2:compile, com.github.jsonld-java:jsonld-java=com.github.jsonld-java:jsonld-java:jar:0.13.4:compile, org.apache.httpcomponents:httpclient-osgi=org.apache.httpcomponents:httpclient-osgi:jar:4.5.13:compile, org.apache.httpcomponents:httpclient=org.apache.httpcomponents:httpclient:jar:4.5.13:compile, org.apache.httpcomponents:httpmime=org.apache.httpcomponents:httpmime:jar:4.5.13:compile, org.apache.httpcomponents:httpclient-cache=org.apache.httpcomponents:httpclient-cache:jar:4.5.13:compile, org.apache.httpcomponents:fluent-hc=org.apache.httpcomponents:fluent-hc:jar:4.5.13:compile, org.apache.httpcomponents:httpcore-osgi=org.apache.httpcomponents:httpcore-osgi:jar:4.4.14:compile, org.apache.httpcomponents:httpcore=org.apache.httpcomponents:httpcore:jar:4.4.16:compile, org.apache.httpcomponents:httpcore-nio=org.apache.httpcomponents:httpcore-nio:jar:4.4.16:compile, org.slf4j:jcl-over-slf4j=org.slf4j:jcl-over-slf4j:jar:2.0.17:runtime, commons-io:commons-io=commons-io:commons-io:jar:2.8.0:compile, org.eclipse.rdf4j:rdf4j-common-transaction=org.eclipse.rdf4j:rdf4j-common-transaction:jar:4.3.0:compile, org.slf4j:slf4j-api=org.slf4j:slf4j-api:jar:2.0.17:compile, org.springframework:spring-core=org.springframework:spring-core:jar:6.2.6:compile, org.springframework:spring-jcl=org.springframework:spring-jcl:jar:6.2.6:compile}
[[1;36mDEBUG[m]   (s) projectBuildDirectory = /mnt/c/Users/Malef/Desktop/Motivation_Préparation_Entretiens/fair-water-data/fair-water-api/target
[[1;36mDEBUG[m]   (f) promoteUserPropertiesToSystemProperties = true
[[1;36mDEBUG[m]   (s) redirectTestOutputToFile = false
[[1;36mDEBUG[m]   (s) reportFormat = brief
[[1;36mDEBUG[m]   (s) reportsDirectory = /mnt/c/Users/Malef/Desktop/Motivation_Préparation_Entretiens/fair-water-data/fair-water-api/target/surefire-reports
[[1;36mDEBUG[m]   (f) rerunFailingTestsCount = 0
[[1;36mDEBUG[m]   (f) reuseForks = true
[[1;36mDEBUG[m]   (s) runOrder = filesystem
[[1;36mDEBUG[m]   (s) session = org.apache.maven.execution.MavenSession@385e36d4
[[1;36mDEBUG[m]   (f) shutdown = exit
[[1;36mDEBUG[m]   (s) skip = false
[[1;36mDEBUG[m]   (f) skipAfterFailureCount = 0
[[1;36mDEBUG[m]   (s) skipTests = false
[[1;36mDEBUG[m]   (s) suiteXmlFiles = []
[[1;36mDEBUG[m]   (s) tempDir = surefire
[[1;36mDEBUG[m]   (s) testClassesDirectory = /mnt/c/Users/Malef/Desktop/Motivation_Préparation_Entretiens/fair-water-data/fair-water-api/target/test-classes
[[1;36mDEBUG[m]   (s) testFailureIgnore = false
[[1;36mDEBUG[m]   (s) testNGArtifactName = org.testng:testng
[[1;36mDEBUG[m]   (s) testSourceDirectory = /mnt/c/Users/Malef/Desktop/Motivation_Préparation_Entretiens/fair-water-data/fair-water-api/src/test/java
[[1;36mDEBUG[m]   (s) threadCountClasses = 0
[[1;36mDEBUG[m]   (s) threadCountMethods = 0
[[1;36mDEBUG[m]   (s) threadCountSuites = 0
[[1;36mDEBUG[m]   (s) trimStackTrace = false
[[1;36mDEBUG[m]   (s) useFile = true
[[1;36mDEBUG[m]   (s) useManifestOnlyJar = true
[[1;36mDEBUG[m]   (f) useModulePath = true
[[1;36mDEBUG[m]   (s) useSystemClassLoader = true
[[1;36mDEBUG[m]   (s) useUnlimitedThreads = false
[[1;36mDEBUG[m]   (s) workingDirectory = /mnt/c/Users/Malef/Desktop/Motivation_Préparation_Entretiens/fair-water-data/fair-water-api
[[1;36mDEBUG[m] -- end configuration --
[[1;36mDEBUG[m] Using JVM: /usr/lib/jvm/java-18-openjdk-amd64/bin/java with Java version 18.0
[[1;36mDEBUG[m] Resolved included and excluded patterns: **/Test*.java, **/*Test.java, **/*Tests.java, **/*TestCase.java, !**/*$*
[[1;36mDEBUG[m] Surefire report directory: /mnt/c/Users/Malef/Desktop/Motivation_Préparation_Entretiens/fair-water-data/fair-water-api/target/surefire-reports
[[1;34mINFO[m] Using auto detected provider org.apache.maven.surefire.junitplatform.JUnitPlatformProvider
[[1;36mDEBUG[m] Using the provider org.apache.maven.surefire.junitplatform.JUnitPlatformProvider
[[1;36mDEBUG[m] Setting system property [basedir]=[/mnt/c/Users/Malef/Desktop/Motivation_Préparation_Entretiens/fair-water-data/fair-water-api]
[[1;36mDEBUG[m] Setting system property [localRepository]=[/home/skander26/.m2/repository]
[[1;36mDEBUG[m] Dependency collection stats: {ConflictMarker.analyzeTime=58800, ConflictMarker.markTime=16000, ConflictMarker.nodeCount=9, ConflictIdSorter.graphTime=9700, ConflictIdSorter.topsortTime=13600, ConflictIdSorter.conflictIdCount=5, ConflictIdSorter.conflictIdCycleCount=0, ConflictResolver.totalTime=86500, ConflictResolver.conflictItemCount=8, DefaultDependencyCollector.collectTime=3435100, DefaultDependencyCollector.transformTime=203700}
[[1;36mDEBUG[m] Found implementation of fork node factory: org.apache.maven.plugin.surefire.extensions.LegacyForkNodeFactory
[[1;36mDEBUG[m] Using fork starter with configuration implementation org.apache.maven.plugin.surefire.booterclient.JarManifestForkConfiguration
[[1;36mDEBUG[m] Dependency collection stats: {ConflictMarker.analyzeTime=23400, ConflictMarker.markTime=18400, ConflictMarker.nodeCount=17, ConflictIdSorter.graphTime=13800, ConflictIdSorter.topsortTime=11800, ConflictIdSorter.conflictIdCount=10, ConflictIdSorter.conflictIdCycleCount=0, ConflictResolver.totalTime=119600, ConflictResolver.conflictItemCount=16, DefaultDependencyCollector.collectTime=8007900, DefaultDependencyCollector.transformTime=203200}
[[1;36mDEBUG[m] Resolving artifact org.junit.platform:junit-platform-launcher:1.11.4
[[1;36mDEBUG[m] Dependency collection stats: {ConflictMarker.analyzeTime=14800, ConflictMarker.markTime=14800, ConflictMarker.nodeCount=8, ConflictIdSorter.graphTime=11800, ConflictIdSorter.topsortTime=9800, ConflictIdSorter.conflictIdCount=5, ConflictIdSorter.conflictIdCycleCount=0, ConflictResolver.totalTime=75100, ConflictResolver.conflictItemCount=7, DefaultDependencyCollector.collectTime=926200, DefaultDependencyCollector.transformTime=140000}
[[1;36mDEBUG[m] Resolved artifact org.junit.platform:junit-platform-launcher:1.11.4 to [org.junit.platform:junit-platform-launcher:jar:1.11.4, org.junit.platform:junit-platform-engine:jar:1.11.4, org.opentest4j:opentest4j:jar:1.3.0, org.junit.platform:junit-platform-commons:jar:1.11.4, org.apiguardian:apiguardian-api:jar:1.1.2]
[[1;36mDEBUG[m] test classpath:  /mnt/c/Users/Malef/Desktop/Motivation_Préparation_Entretiens/fair-water-data/fair-water-api/target/test-classes  /mnt/c/Users/Malef/Desktop/Motivation_Préparation_Entretiens/fair-water-data/fair-water-api/target/classes  /home/skander26/.m2/repository/org/springframework/boot/spring-boot-starter-web/3.4.5/spring-boot-starter-web-3.4.5.jar  /home/skander26/.m2/repository/org/springframework/boot/spring-boot-starter-json/3.4.5/spring-boot-starter-json-3.4.5.jar  /home/skander26/.m2/repository/com/fasterxml/jackson/core/jackson-databind/2.18.3/jackson-databind-2.18.3.jar  /home/skander26/.m2/repository/com/fasterxml/jackson/datatype/jackson-datatype-jdk8/2.18.3/jackson-datatype-jdk8-2.18.3.jar  /home/skander26/.m2/repository/com/fasterxml/jackson/datatype/jackson-datatype-jsr310/2.18.3/jackson-datatype-jsr310-2.18.3.jar  /home/skander26/.m2/repository/com/fasterxml/jackson/module/jackson-module-parameter-names/2.18.3/jackson-module-parameter-names-2.18.3.jar  /home/skander26/.m2/repository/org/springframework/boot/spring-boot-starter-tomcat/3.4.5/spring-boot-starter-tomcat-3.4.5.jar  /home/skander26/.m2/repository/org/apache/tomcat/embed/tomcat-embed-core/10.1.40/tomcat-embed-core-10.1.40.jar  /home/skander26/.m2/repository/org/apache/tomcat/embed/tomcat-embed-el/10.1.40/tomcat-embed-el-10.1.40.jar  /home/skander26/.m2/repository/org/apache/tomcat/embed/tomcat-embed-websocket/10.1.40/tomcat-embed-websocket-10.1.40.jar  /home/skander26/.m2/repository/org/springframework/spring-web/6.2.6/spring-web-6.2.6.jar  /home/skander26/.m2/repository/io/micrometer/micrometer-observation/1.14.6/micrometer-observation-1.14.6.jar  /home/skander26/.m2/repository/io/micrometer/micrometer-commons/1.14.6/micrometer-commons-1.14.6.jar  /home/skander26/.m2/repository/org/springframework/spring-webmvc/6.2.6/spring-webmvc-6.2.6.jar  /home/skander26/.m2/repository/org/springframework/spring-aop/6.2.6/spring-aop-6.2.6.jar  /home/skander26/.m2/repository/org/springframework/spring-context/6.2.6/spring-context-6.2.6.jar  /home/skander26/.m2/repository/org/springframework/spring-expression/6.2.6/spring-expression-6.2.6.jar  /home/skander26/.m2/repository/org/springframework/boot/spring-boot-starter-data-jpa/3.4.5/spring-boot-starter-data-jpa-3.4.5.jar  /home/skander26/.m2/repository/org/springframework/boot/spring-boot-starter-jdbc/3.4.5/spring-boot-starter-jdbc-3.4.5.jar  /home/skander26/.m2/repository/com/zaxxer/HikariCP/5.1.0/HikariCP-5.1.0.jar  /home/skander26/.m2/repository/org/springframework/spring-jdbc/6.2.6/spring-jdbc-6.2.6.jar  /home/skander26/.m2/repository/org/hibernate/orm/hibernate-core/6.6.13.Final/hibernate-core-6.6.13.Final.jar  /home/skander26/.m2/repository/jakarta/persistence/jakarta.persistence-api/3.1.0/jakarta.persistence-api-3.1.0.jar  /home/skander26/.m2/repository/jakarta/transaction/jakarta.transaction-api/2.0.1/jakarta.transaction-api-2.0.1.jar  /home/skander26/.m2/repository/org/hibernate/common/hibernate-commons-annotations/7.0.3.Final/hibernate-commons-annotations-7.0.3.Final.jar  /home/skander26/.m2/repository/io/smallrye/jandex/3.2.0/jandex-3.2.0.jar  /home/skander26/.m2/repository/com/fasterxml/classmate/1.7.0/classmate-1.7.0.jar  /home/skander26/.m2/repository/net/bytebuddy/byte-buddy/1.15.11/byte-buddy-1.15.11.jar  /home/skander26/.m2/repository/org/glassfish/jaxb/jaxb-runtime/4.0.5/jaxb-runtime-4.0.5.jar  /home/skander26/.m2/repository/org/glassfish/jaxb/jaxb-core/4.0.5/jaxb-core-4.0.5.jar  /home/skander26/.m2/repository/org/eclipse/angus/angus-activation/2.0.2/angus-activation-2.0.2.jar  /home/skander26/.m2/repository/org/glassfish/jaxb/txw2/4.0.5/txw2-4.0.5.jar  /home/skander26/.m2/repository/com/sun/istack/istack-commons-runtime/4.1.2/istack-commons-runtime-4.1.2.jar  /home/skander26/.m2/repository/jakarta/inject/jakarta.inject-api/2.0.1/jakarta.inject-api-2.0.1.jar  /home/skander26/.m2/repository/org/antlr/antlr4-runtime/4.13.0/antlr4-runtime-4.13.0.jar  /home/skander26/.m2/repository/org/springframework/data/spring-data-jpa/3.4.5/spring-data-jpa-3.4.5.jar  /home/skander26/.m2/repository/org/springframework/data/spring-data-commons/3.4.5/spring-data-commons-3.4.5.jar  /home/skander26/.m2/repository/org/springframework/spring-orm/6.2.6/spring-orm-6.2.6.jar  /home/skander26/.m2/repository/org/springframework/spring-tx/6.2.6/spring-tx-6.2.6.jar  /home/skander26/.m2/repository/org/springframework/spring-aspects/6.2.6/spring-aspects-6.2.6.jar  /home/skander26/.m2/repository/org/aspectj/aspectjweaver/1.9.24/aspectjweaver-1.9.24.jar  /home/skander26/.m2/repository/org/springframework/boot/spring-boot-starter-test/3.4.5/spring-boot-starter-test-3.4.5.jar  /home/skander26/.m2/repository/org/springframework/boot/spring-boot-test/3.4.5/spring-boot-test-3.4.5.jar  /home/skander26/.m2/repository/org/springframework/boot/spring-boot-test-autoconfigure/3.4.5/spring-boot-test-autoconfigure-3.4.5.jar  /home/skander26/.m2/repository/com/jayway/jsonpath/json-path/2.9.0/json-path-2.9.0.jar  /home/skander26/.m2/repository/jakarta/xml/bind/jakarta.xml.bind-api/4.0.2/jakarta.xml.bind-api-4.0.2.jar  /home/skander26/.m2/repository/jakarta/activation/jakarta.activation-api/2.1.3/jakarta.activation-api-2.1.3.jar  /home/skander26/.m2/repository/net/minidev/json-smart/2.5.2/json-smart-2.5.2.jar  /home/skander26/.m2/repository/net/minidev/accessors-smart/2.5.2/accessors-smart-2.5.2.jar  /home/skander26/.m2/repository/org/ow2/asm/asm/9.7.1/asm-9.7.1.jar  /home/skander26/.m2/repository/org/assertj/assertj-core/3.26.3/assertj-core-3.26.3.jar  /home/skander26/.m2/repository/org/awaitility/awaitility/4.2.2/awaitility-4.2.2.jar  /home/skander26/.m2/repository/org/hamcrest/hamcrest/2.2/hamcrest-2.2.jar  /home/skander26/.m2/repository/org/junit/jupiter/junit-jupiter/5.11.4/junit-jupiter-5.11.4.jar  /home/skander26/.m2/repository/org/junit/jupiter/junit-jupiter-api/5.11.4/junit-jupiter-api-5.11.4.jar  /home/skander26/.m2/repository/org/opentest4j/opentest4j/1.3.0/opentest4j-1.3.0.jar  /home/skander26/.m2/repository/org/junit/platform/junit-platform-commons/1.11.4/junit-platform-commons-1.11.4.jar  /home/skander26/.m2/repository/org/apiguardian/apiguardian-api/1.1.2/apiguardian-api-1.1.2.jar  /home/skander26/.m2/repository/org/junit/jupiter/junit-jupiter-params/5.11.4/junit-jupiter-params-5.11.4.jar  /home/skander26/.m2/repository/org/junit/jupiter/junit-jupiter-engine/5.11.4/junit-jupiter-engine-5.11.4.jar  /home/skander26/.m2/repository/org/junit/platform/junit-platform-engine/1.11.4/junit-platform-engine-1.11.4.jar  /home/skander26/.m2/repository/org/mockito/mockito-core/5.14.2/mockito-core-5.14.2.jar  /home/skander26/.m2/repository/net/bytebuddy/byte-buddy-agent/1.15.11/byte-buddy-agent-1.15.11.jar  /home/skander26/.m2/repository/org/objenesis/objenesis/3.3/objenesis-3.3.jar  /home/skander26/.m2/repository/org/mockito/mockito-junit-jupiter/5.14.2/mockito-junit-jupiter-5.14.2.jar  /home/skander26/.m2/repository/org/skyscreamer/jsonassert/1.5.3/jsonassert-1.5.3.jar  /home/skander26/.m2/repository/com/vaadin/external/google/android-json/0.0.20131108.vaadin1/android-json-0.0.20131108.vaadin1.jar  /home/skander26/.m2/repository/org/springframework/spring-test/6.2.6/spring-test-6.2.6.jar  /home/skander26/.m2/repository/org/xmlunit/xmlunit-core/2.10.0/xmlunit-core-2.10.0.jar  /home/skander26/.m2/repository/org/postgresql/postgresql/42.7.3/postgresql-42.7.3.jar  /home/skander26/.m2/repository/org/checkerframework/checker-qual/3.42.0/checker-qual-3.42.0.jar  /home/skander26/.m2/repository/org/hibernate/orm/hibernate-spatial/6.6.13.Final/hibernate-spatial-6.6.13.Final.jar  /home/skander26/.m2/repository/org/geolatte/geolatte-geom/1.9.1/geolatte-geom-1.9.1.jar  /home/skander26/.m2/repository/org/jboss/logging/jboss-logging/3.6.1.Final/jboss-logging-3.6.1.Final.jar  /home/skander26/.m2/repository/org/eclipse/rdf4j/rdf4j-model/4.3.0/rdf4j-model-4.3.0.jar  /home/skander26/.m2/repository/org/eclipse/rdf4j/rdf4j-model-api/4.3.0/rdf4j-model-api-4.3.0.jar  /home/skander26/.m2/repository/org/eclipse/rdf4j/rdf4j-common-annotation/4.3.0/rdf4j-common-annotation-4.3.0.jar  /home/skander26/.m2/repository/org/eclipse/rdf4j/rdf4j-model-vocabulary/4.3.0/rdf4j-model-vocabulary-4.3.0.jar  /home/skander26/.m2/repository/org/eclipse/rdf4j/rdf4j-common-exception/4.3.0/rdf4j-common-exception-4.3.0.jar  /home/skander26/.m2/repository/org/eclipse/rdf4j/rdf4j-common-text/4.3.0/rdf4j-common-text-4.3.0.jar  /home/skander26/.m2/repository/org/eclipse/rdf4j/rdf4j-common-io/4.3.0/rdf4j-common-io-4.3.0.jar  /home/skander26/.m2/repository/org/eclipse/rdf4j/rdf4j-common-util/4.3.0/rdf4j-common-util-4.3.0.jar  /home/skander26/.m2/repository/org/eclipse/rdf4j/rdf4j-common-iterator/4.3.0/rdf4j-common-iterator-4.3.0.jar  /home/skander26/.m2/repository/com/google/guava/guava/30.1.1-jre/guava-30.1.1-jre.jar  /home/skander26/.m2/repository/com/google/guava/failureaccess/1.0.1/failureaccess-1.0.1.jar  /home/skander26/.m2/repository/com/google/guava/listenablefuture/9999.0-empty-to-avoid-conflict-with-guava/listenablefuture-9999.0-empty-to-avoid-conflict-with-guava.jar  /home/skander26/.m2/repository/org/locationtech/jts/jts-core/1.19.0/jts-core-1.19.0.jar  /home/skander26/.m2/repository/org/springframework/boot/spring-boot-starter/3.4.5/spring-boot-starter-3.4.5.jar  /home/skander26/.m2/repository/org/springframework/boot/spring-boot/3.4.5/spring-boot-3.4.5.jar  /home/skander26/.m2/repository/org/springframework/boot/spring-boot-autoconfigure/3.4.5/spring-boot-autoconfigure-3.4.5.jar  /home/skander26/.m2/repository/org/springframework/boot/spring-boot-starter-logging/3.4.5/spring-boot-starter-logging-3.4.5.jar  /home/skander26/.m2/repository/ch/qos/logback/logback-classic/1.5.18/logback-classic-1.5.18.jar  /home/skander26/.m2/repository/ch/qos/logback/logback-core/1.5.18/logback-core-1.5.18.jar  /home/skander26/.m2/repository/org/apache/logging/log4j/log4j-to-slf4j/2.24.3/log4j-to-slf4j-2.24.3.jar  /home/skander26/.m2/repository/org/apache/logging/log4j/log4j-api/2.24.3/log4j-api-2.24.3.jar  /home/skander26/.m2/repository/org/slf4j/jul-to-slf4j/2.0.17/jul-to-slf4j-2.0.17.jar  /home/skander26/.m2/repository/jakarta/annotation/jakarta.annotation-api/2.1.1/jakarta.annotation-api-2.1.1.jar  /home/skander26/.m2/repository/org/yaml/snakeyaml/2.3/snakeyaml-2.3.jar  /home/skander26/.m2/repository/org/springframework/spring-beans/6.2.6/spring-beans-6.2.6.jar  /home/skander26/.m2/repository/org/eclipse/rdf4j/rdf4j-repository-api/4.3.0/rdf4j-repository-api-4.3.0.jar  /home/skander26/.m2/repository/org/eclipse/rdf4j/rdf4j-query/4.3.0/rdf4j-query-4.3.0.jar  /home/skander26/.m2/repository/com/fasterxml/jackson/core/jackson-annotations/2.18.3/jackson-annotations-2.18.3.jar  /home/skander26/.m2/repository/com/fasterxml/jackson/core/jackson-core/2.18.3/jackson-core-2.18.3.jar  /home/skander26/.m2/repository/org/apache/commons/commons-text/1.10.0/commons-text-1.10.0.jar  /home/skander26/.m2/repository/org/apache/commons/commons-lang3/3.17.0/commons-lang3-3.17.0.jar  /home/skander26/.m2/repository/org/eclipse/rdf4j/rdf4j-rio-api/4.3.0/rdf4j-rio-api-4.3.0.jar  /home/skander26/.m2/repository/org/eclipse/rdf4j/rdf4j-common-xml/4.3.0/rdf4j-common-xml-4.3.0.jar  /home/skander26/.m2/repository/commons-codec/commons-codec/1.17.2/commons-codec-1.17.2.jar  /home/skander26/.m2/repository/com/github/jsonld-java/jsonld-java/0.13.4/jsonld-java-0.13.4.jar  /home/skander26/.m2/repository/org/apache/httpcomponents/httpclient-osgi/4.5.13/httpclient-osgi-4.5.13.jar  /home/skander26/.m2/repository/org/apache/httpcomponents/httpclient/4.5.13/httpclient-4.5.13.jar  /home/skander26/.m2/repository/org/apache/httpcomponents/httpmime/4.5.13/httpmime-4.5.13.jar  /home/skander26/.m2/repository/org/apache/httpcomponents/httpclient-cache/4.5.13/httpclient-cache-4.5.13.jar  /home/skander26/.m2/repository/org/apache/httpcomponents/fluent-hc/4.5.13/fluent-hc-4.5.13.jar  /home/skander26/.m2/repository/org/apache/httpcomponents/httpcore-osgi/4.4.14/httpcore-osgi-4.4.14.jar  /home/skander26/.m2/repository/org/apache/httpcomponents/httpcore/4.4.16/httpcore-4.4.16.jar  /home/skander26/.m2/repository/org/apache/httpcomponents/httpcore-nio/4.4.16/httpcore-nio-4.4.16.jar  /home/skander26/.m2/repository/org/slf4j/jcl-over-slf4j/2.0.17/jcl-over-slf4j-2.0.17.jar  /home/skander26/.m2/repository/commons-io/commons-io/2.8.0/commons-io-2.8.0.jar  /home/skander26/.m2/repository/org/eclipse/rdf4j/rdf4j-common-transaction/4.3.0/rdf4j-common-transaction-4.3.0.jar  /home/skander26/.m2/repository/org/slf4j/slf4j-api/2.0.17/slf4j-api-2.0.17.jar  /home/skander26/.m2/repository/org/springframework/spring-core/6.2.6/spring-core-6.2.6.jar  /home/skander26/.m2/repository/org/springframework/spring-jcl/6.2.6/spring-jcl-6.2.6.jar
[[1;36mDEBUG[m] provider classpath:  /home/skander26/.m2/repository/org/apache/maven/surefire/surefire-junit-platform/3.5.3/surefire-junit-platform-3.5.3.jar  /home/skander26/.m2/repository/org/apache/maven/surefire/surefire-api/3.5.3/surefire-api-3.5.3.jar  /home/skander26/.m2/repository/org/apache/maven/surefire/surefire-logger-api/3.5.3/surefire-logger-api-3.5.3.jar  /home/skander26/.m2/repository/org/apache/maven/surefire/surefire-shared-utils/3.5.3/surefire-shared-utils-3.5.3.jar  /home/skander26/.m2/repository/org/apache/maven/surefire/common-java5/3.5.3/common-java5-3.5.3.jar  /home/skander26/.m2/repository/org/junit/platform/junit-platform-launcher/1.11.4/junit-platform-launcher-1.11.4.jar
[[1;36mDEBUG[m] test(compact) classpath:  test-classes  classes  spring-boot-starter-web-3.4.5.jar  spring-boot-starter-json-3.4.5.jar  jackson-databind-2.18.3.jar  jackson-datatype-jdk8-2.18.3.jar  jackson-datatype-jsr310-2.18.3.jar  jackson-module-parameter-names-2.18.3.jar  spring-boot-starter-tomcat-3.4.5.jar  tomcat-embed-core-10.1.40.jar  tomcat-embed-el-10.1.40.jar  tomcat-embed-websocket-10.1.40.jar  spring-web-6.2.6.jar  micrometer-observation-1.14.6.jar  micrometer-commons-1.14.6.jar  spring-webmvc-6.2.6.jar  spring-aop-6.2.6.jar  spring-context-6.2.6.jar  spring-expression-6.2.6.jar  spring-boot-starter-data-jpa-3.4.5.jar  spring-boot-starter-jdbc-3.4.5.jar  HikariCP-5.1.0.jar  spring-jdbc-6.2.6.jar  hibernate-core-6.6.13.Final.jar  jakarta.persistence-api-3.1.0.jar  jakarta.transaction-api-2.0.1.jar  hibernate-commons-annotations-7.0.3.Final.jar  jandex-3.2.0.jar  classmate-1.7.0.jar  byte-buddy-1.15.11.jar  jaxb-runtime-4.0.5.jar  jaxb-core-4.0.5.jar  angus-activation-2.0.2.jar  txw2-4.0.5.jar  istack-commons-runtime-4.1.2.jar  jakarta.inject-api-2.0.1.jar  antlr4-runtime-4.13.0.jar  spring-data-jpa-3.4.5.jar  spring-data-commons-3.4.5.jar  spring-orm-6.2.6.jar  spring-tx-6.2.6.jar  spring-aspects-6.2.6.jar  aspectjweaver-1.9.24.jar  spring-boot-starter-test-3.4.5.jar  spring-boot-test-3.4.5.jar  spring-boot-test-autoconfigure-3.4.5.jar  json-path-2.9.0.jar  jakarta.xml.bind-api-4.0.2.jar  jakarta.activation-api-2.1.3.jar  json-smart-2.5.2.jar  accessors-smart-2.5.2.jar  asm-9.7.1.jar  assertj-core-3.26.3.jar  awaitility-4.2.2.jar  hamcrest-2.2.jar  junit-jupiter-5.11.4.jar  junit-jupiter-api-5.11.4.jar  opentest4j-1.3.0.jar  junit-platform-commons-1.11.4.jar  apiguardian-api-1.1.2.jar  junit-jupiter-params-5.11.4.jar  junit-jupiter-engine-5.11.4.jar  junit-platform-engine-1.11.4.jar  mockito-core-5.14.2.jar  byte-buddy-agent-1.15.11.jar  objenesis-3.3.jar  mockito-junit-jupiter-5.14.2.jar  jsonassert-1.5.3.jar  android-json-0.0.20131108.vaadin1.jar  spring-test-6.2.6.jar  xmlunit-core-2.10.0.jar  postgresql-42.7.3.jar  checker-qual-3.42.0.jar  hibernate-spatial-6.6.13.Final.jar  geolatte-geom-1.9.1.jar  jboss-logging-3.6.1.Final.jar  rdf4j-model-4.3.0.jar  rdf4j-model-api-4.3.0.jar  rdf4j-common-annotation-4.3.0.jar  rdf4j-model-vocabulary-4.3.0.jar  rdf4j-common-exception-4.3.0.jar  rdf4j-common-text-4.3.0.jar  rdf4j-common-io-4.3.0.jar  rdf4j-common-util-4.3.0.jar  rdf4j-common-iterator-4.3.0.jar  guava-30.1.1-jre.jar  failureaccess-1.0.1.jar  listenablefuture-9999.0-empty-to-avoid-conflict-with-guava.jar  jts-core-1.19.0.jar  spring-boot-starter-3.4.5.jar  spring-boot-3.4.5.jar  spring-boot-autoconfigure-3.4.5.jar  spring-boot-starter-logging-3.4.5.jar  logback-classic-1.5.18.jar  logback-core-1.5.18.jar  log4j-to-slf4j-2.24.3.jar  log4j-api-2.24.3.jar  jul-to-slf4j-2.0.17.jar  jakarta.annotation-api-2.1.1.jar  snakeyaml-2.3.jar  spring-beans-6.2.6.jar  rdf4j-repository-api-4.3.0.jar  rdf4j-query-4.3.0.jar  jackson-annotations-2.18.3.jar  jackson-core-2.18.3.jar  commons-text-1.10.0.jar  commons-lang3-3.17.0.jar  rdf4j-rio-api-4.3.0.jar  rdf4j-common-xml-4.3.0.jar  commons-codec-1.17.2.jar  jsonld-java-0.13.4.jar  httpclient-osgi-4.5.13.jar  httpclient-4.5.13.jar  httpmime-4.5.13.jar  httpclient-cache-4.5.13.jar  fluent-hc-4.5.13.jar  httpcore-osgi-4.4.14.jar  httpcore-4.4.16.jar  httpcore-nio-4.4.16.jar  jcl-over-slf4j-2.0.17.jar  commons-io-2.8.0.jar  rdf4j-common-transaction-4.3.0.jar  slf4j-api-2.0.17.jar  spring-core-6.2.6.jar  spring-jcl-6.2.6.jar
[[1;36mDEBUG[m] provider(compact) classpath:  surefire-junit-platform-3.5.3.jar  surefire-api-3.5.3.jar  surefire-logger-api-3.5.3.jar  surefire-shared-utils-3.5.3.jar  common-java5-3.5.3.jar  junit-platform-launcher-1.11.4.jar
[[1;36mDEBUG[m] in-process classpath:  /home/skander26/.m2/repository/org/apache/maven/surefire/surefire-junit-platform/3.5.3/surefire-junit-platform-3.5.3.jar  /home/skander26/.m2/repository/org/apache/maven/surefire/surefire-api/3.5.3/surefire-api-3.5.3.jar  /home/skander26/.m2/repository/org/apache/maven/surefire/surefire-logger-api/3.5.3/surefire-logger-api-3.5.3.jar  /home/skander26/.m2/repository/org/apache/maven/surefire/surefire-shared-utils/3.5.3/surefire-shared-utils-3.5.3.jar  /home/skander26/.m2/repository/org/apache/maven/surefire/common-java5/3.5.3/common-java5-3.5.3.jar  /home/skander26/.m2/repository/org/junit/platform/junit-platform-launcher/1.11.4/junit-platform-launcher-1.11.4.jar  /home/skander26/.m2/repository/org/apache/maven/surefire/maven-surefire-common/3.5.3/maven-surefire-common-3.5.3.jar  /home/skander26/.m2/repository/org/apache/maven/surefire/surefire-booter/3.5.3/surefire-booter-3.5.3.jar  /home/skander26/.m2/repository/org/apache/maven/surefire/surefire-extensions-api/3.5.3/surefire-extensions-api-3.5.3.jar  /home/skander26/.m2/repository/org/apache/maven/surefire/surefire-extensions-spi/3.5.3/surefire-extensions-spi-3.5.3.jar
[[1;36mDEBUG[m] in-process(compact) classpath:  surefire-junit-platform-3.5.3.jar  surefire-api-3.5.3.jar  surefire-logger-api-3.5.3.jar  surefire-shared-utils-3.5.3.jar  common-java5-3.5.3.jar  junit-platform-launcher-1.11.4.jar  maven-surefire-common-3.5.3.jar  surefire-booter-3.5.3.jar  surefire-extensions-api-3.5.3.jar  surefire-extensions-spi-3.5.3.jar
[[1;34mINFO[m] 
[[1;34mINFO[m] -------------------------------------------------------
[[1;34mINFO[m]  T E S T S
[[1;34mINFO[m] -------------------------------------------------------
[[1;36mDEBUG[m] Determined Maven Process ID 2574
[[1;36mDEBUG[m] Fork Channel [1] connection string 'pipe://1' for the implementation class org.apache.maven.plugin.surefire.extensions.LegacyForkChannel
[[1;36mDEBUG[m] boot classpath:  /home/skander26/.m2/repository/org/apache/maven/surefire/surefire-booter/3.5.3/surefire-booter-3.5.3.jar  /home/skander26/.m2/repository/org/apache/maven/surefire/surefire-api/3.5.3/surefire-api-3.5.3.jar  /home/skander26/.m2/repository/org/apache/maven/surefire/surefire-extensions-spi/3.5.3/surefire-extensions-spi-3.5.3.jar  /home/skander26/.m2/repository/org/apache/maven/surefire/surefire-shared-utils/3.5.3/surefire-shared-utils-3.5.3.jar  /home/skander26/.m2/repository/org/apache/maven/surefire/surefire-logger-api/3.5.3/surefire-logger-api-3.5.3.jar  /mnt/c/Users/Malef/Desktop/Motivation_Préparation_Entretiens/fair-water-data/fair-water-api/target/test-classes  /mnt/c/Users/Malef/Desktop/Motivation_Préparation_Entretiens/fair-water-data/fair-water-api/target/classes  /home/skander26/.m2/repository/org/springframework/boot/spring-boot-starter-web/3.4.5/spring-boot-starter-web-3.4.5.jar  /home/skander26/.m2/repository/org/springframework/boot/spring-boot-starter-json/3.4.5/spring-boot-starter-json-3.4.5.jar  /home/skander26/.m2/repository/com/fasterxml/jackson/core/jackson-databind/2.18.3/jackson-databind-2.18.3.jar  /home/skander26/.m2/repository/com/fasterxml/jackson/datatype/jackson-datatype-jdk8/2.18.3/jackson-datatype-jdk8-2.18.3.jar  /home/skander26/.m2/repository/com/fasterxml/jackson/datatype/jackson-datatype-jsr310/2.18.3/jackson-datatype-jsr310-2.18.3.jar  /home/skander26/.m2/repository/com/fasterxml/jackson/module/jackson-module-parameter-names/2.18.3/jackson-module-parameter-names-2.18.3.jar  /home/skander26/.m2/repository/org/springframework/boot/spring-boot-starter-tomcat/3.4.5/spring-boot-starter-tomcat-3.4.5.jar  /home/skander26/.m2/repository/org/apache/tomcat/embed/tomcat-embed-core/10.1.40/tomcat-embed-core-10.1.40.jar  /home/skander26/.m2/repository/org/apache/tomcat/embed/tomcat-embed-el/10.1.40/tomcat-embed-el-10.1.40.jar  /home/skander26/.m2/repository/org/apache/tomcat/embed/tomcat-embed-websocket/10.1.40/tomcat-embed-websocket-10.1.40.jar  /home/skander26/.m2/repository/org/springframework/spring-web/6.2.6/spring-web-6.2.6.jar  /home/skander26/.m2/repository/io/micrometer/micrometer-observation/1.14.6/micrometer-observation-1.14.6.jar  /home/skander26/.m2/repository/io/micrometer/micrometer-commons/1.14.6/micrometer-commons-1.14.6.jar  /home/skander26/.m2/repository/org/springframework/spring-webmvc/6.2.6/spring-webmvc-6.2.6.jar  /home/skander26/.m2/repository/org/springframework/spring-aop/6.2.6/spring-aop-6.2.6.jar  /home/skander26/.m2/repository/org/springframework/spring-context/6.2.6/spring-context-6.2.6.jar  /home/skander26/.m2/repository/org/springframework/spring-expression/6.2.6/spring-expression-6.2.6.jar  /home/skander26/.m2/repository/org/springframework/boot/spring-boot-starter-data-jpa/3.4.5/spring-boot-starter-data-jpa-3.4.5.jar  /home/skander26/.m2/repository/org/springframework/boot/spring-boot-starter-jdbc/3.4.5/spring-boot-starter-jdbc-3.4.5.jar  /home/skander26/.m2/repository/com/zaxxer/HikariCP/5.1.0/HikariCP-5.1.0.jar  /home/skander26/.m2/repository/org/springframework/spring-jdbc/6.2.6/spring-jdbc-6.2.6.jar  /home/skander26/.m2/repository/org/hibernate/orm/hibernate-core/6.6.13.Final/hibernate-core-6.6.13.Final.jar  /home/skander26/.m2/repository/jakarta/persistence/jakarta.persistence-api/3.1.0/jakarta.persistence-api-3.1.0.jar  /home/skander26/.m2/repository/jakarta/transaction/jakarta.transaction-api/2.0.1/jakarta.transaction-api-2.0.1.jar  /home/skander26/.m2/repository/org/hibernate/common/hibernate-commons-annotations/7.0.3.Final/hibernate-commons-annotations-7.0.3.Final.jar  /home/skander26/.m2/repository/io/smallrye/jandex/3.2.0/jandex-3.2.0.jar  /home/skander26/.m2/repository/com/fasterxml/classmate/1.7.0/classmate-1.7.0.jar  /home/skander26/.m2/repository/net/bytebuddy/byte-buddy/1.15.11/byte-buddy-1.15.11.jar  /home/skander26/.m2/repository/org/glassfish/jaxb/jaxb-runtime/4.0.5/jaxb-runtime-4.0.5.jar  /home/skander26/.m2/repository/org/glassfish/jaxb/jaxb-core/4.0.5/jaxb-core-4.0.5.jar  /home/skander26/.m2/repository/org/eclipse/angus/angus-activation/2.0.2/angus-activation-2.0.2.jar  /home/skander26/.m2/repository/org/glassfish/jaxb/txw2/4.0.5/txw2-4.0.5.jar  /home/skander26/.m2/repository/com/sun/istack/istack-commons-runtime/4.1.2/istack-commons-runtime-4.1.2.jar  /home/skander26/.m2/repository/jakarta/inject/jakarta.inject-api/2.0.1/jakarta.inject-api-2.0.1.jar  /home/skander26/.m2/repository/org/antlr/antlr4-runtime/4.13.0/antlr4-runtime-4.13.0.jar  /home/skander26/.m2/repository/org/springframework/data/spring-data-jpa/3.4.5/spring-data-jpa-3.4.5.jar  /home/skander26/.m2/repository/org/springframework/data/spring-data-commons/3.4.5/spring-data-commons-3.4.5.jar  /home/skander26/.m2/repository/org/springframework/spring-orm/6.2.6/spring-orm-6.2.6.jar  /home/skander26/.m2/repository/org/springframework/spring-tx/6.2.6/spring-tx-6.2.6.jar  /home/skander26/.m2/repository/org/springframework/spring-aspects/6.2.6/spring-aspects-6.2.6.jar  /home/skander26/.m2/repository/org/aspectj/aspectjweaver/1.9.24/aspectjweaver-1.9.24.jar  /home/skander26/.m2/repository/org/springframework/boot/spring-boot-starter-test/3.4.5/spring-boot-starter-test-3.4.5.jar  /home/skander26/.m2/repository/org/springframework/boot/spring-boot-test/3.4.5/spring-boot-test-3.4.5.jar  /home/skander26/.m2/repository/org/springframework/boot/spring-boot-test-autoconfigure/3.4.5/spring-boot-test-autoconfigure-3.4.5.jar  /home/skander26/.m2/repository/com/jayway/jsonpath/json-path/2.9.0/json-path-2.9.0.jar  /home/skander26/.m2/repository/jakarta/xml/bind/jakarta.xml.bind-api/4.0.2/jakarta.xml.bind-api-4.0.2.jar  /home/skander26/.m2/repository/jakarta/activation/jakarta.activation-api/2.1.3/jakarta.activation-api-2.1.3.jar  /home/skander26/.m2/repository/net/minidev/json-smart/2.5.2/json-smart-2.5.2.jar  /home/skander26/.m2/repository/net/minidev/accessors-smart/2.5.2/accessors-smart-2.5.2.jar  /home/skander26/.m2/repository/org/ow2/asm/asm/9.7.1/asm-9.7.1.jar  /home/skander26/.m2/repository/org/assertj/assertj-core/3.26.3/assertj-core-3.26.3.jar  /home/skander26/.m2/repository/org/awaitility/awaitility/4.2.2/awaitility-4.2.2.jar  /home/skander26/.m2/repository/org/hamcrest/hamcrest/2.2/hamcrest-2.2.jar  /home/skander26/.m2/repository/org/junit/jupiter/junit-jupiter/5.11.4/junit-jupiter-5.11.4.jar  /home/skander26/.m2/repository/org/junit/jupiter/junit-jupiter-api/5.11.4/junit-jupiter-api-5.11.4.jar  /home/skander26/.m2/repository/org/opentest4j/opentest4j/1.3.0/opentest4j-1.3.0.jar  /home/skander26/.m2/repository/org/junit/platform/junit-platform-commons/1.11.4/junit-platform-commons-1.11.4.jar  /home/skander26/.m2/repository/org/apiguardian/apiguardian-api/1.1.2/apiguardian-api-1.1.2.jar  /home/skander26/.m2/repository/org/junit/jupiter/junit-jupiter-params/5.11.4/junit-jupiter-params-5.11.4.jar  /home/skander26/.m2/repository/org/junit/jupiter/junit-jupiter-engine/5.11.4/junit-jupiter-engine-5.11.4.jar  /home/skander26/.m2/repository/org/junit/platform/junit-platform-engine/1.11.4/junit-platform-engine-1.11.4.jar  /home/skander26/.m2/repository/org/mockito/mockito-core/5.14.2/mockito-core-5.14.2.jar  /home/skander26/.m2/repository/net/bytebuddy/byte-buddy-agent/1.15.11/byte-buddy-agent-1.15.11.jar  /home/skander26/.m2/repository/org/objenesis/objenesis/3.3/objenesis-3.3.jar  /home/skander26/.m2/repository/org/mockito/mockito-junit-jupiter/5.14.2/mockito-junit-jupiter-5.14.2.jar  /home/skander26/.m2/repository/org/skyscreamer/jsonassert/1.5.3/jsonassert-1.5.3.jar  /home/skander26/.m2/repository/com/vaadin/external/google/android-json/0.0.20131108.vaadin1/android-json-0.0.20131108.vaadin1.jar  /home/skander26/.m2/repository/org/springframework/spring-test/6.2.6/spring-test-6.2.6.jar  /home/skander26/.m2/repository/org/xmlunit/xmlunit-core/2.10.0/xmlunit-core-2.10.0.jar  /home/skander26/.m2/repository/org/postgresql/postgresql/42.7.3/postgresql-42.7.3.jar  /home/skander26/.m2/repository/org/checkerframework/checker-qual/3.42.0/checker-qual-3.42.0.jar  /home/skander26/.m2/repository/org/hibernate/orm/hibernate-spatial/6.6.13.Final/hibernate-spatial-6.6.13.Final.jar  /home/skander26/.m2/repository/org/geolatte/geolatte-geom/1.9.1/geolatte-geom-1.9.1.jar  /home/skander26/.m2/repository/org/jboss/logging/jboss-logging/3.6.1.Final/jboss-logging-3.6.1.Final.jar  /home/skander26/.m2/repository/org/eclipse/rdf4j/rdf4j-model/4.3.0/rdf4j-model-4.3.0.jar  /home/skander26/.m2/repository/org/eclipse/rdf4j/rdf4j-model-api/4.3.0/rdf4j-model-api-4.3.0.jar  /home/skander26/.m2/repository/org/eclipse/rdf4j/rdf4j-common-annotation/4.3.0/rdf4j-common-annotation-4.3.0.jar  /home/skander26/.m2/repository/org/eclipse/rdf4j/rdf4j-model-vocabulary/4.3.0/rdf4j-model-vocabulary-4.3.0.jar  /home/skander26/.m2/repository/org/eclipse/rdf4j/rdf4j-common-exception/4.3.0/rdf4j-common-exception-4.3.0.jar  /home/skander26/.m2/repository/org/eclipse/rdf4j/rdf4j-common-text/4.3.0/rdf4j-common-text-4.3.0.jar  /home/skander26/.m2/repository/org/eclipse/rdf4j/rdf4j-common-io/4.3.0/rdf4j-common-io-4.3.0.jar  /home/skander26/.m2/repository/org/eclipse/rdf4j/rdf4j-common-util/4.3.0/rdf4j-common-util-4.3.0.jar  /home/skander26/.m2/repository/org/eclipse/rdf4j/rdf4j-common-iterator/4.3.0/rdf4j-common-iterator-4.3.0.jar  /home/skander26/.m2/repository/com/google/guava/guava/30.1.1-jre/guava-30.1.1-jre.jar  /home/skander26/.m2/repository/com/google/guava/failureaccess/1.0.1/failureaccess-1.0.1.jar  /home/skander26/.m2/repository/com/google/guava/listenablefuture/9999.0-empty-to-avoid-conflict-with-guava/listenablefuture-9999.0-empty-to-avoid-conflict-with-guava.jar  /home/skander26/.m2/repository/org/locationtech/jts/jts-core/1.19.0/jts-core-1.19.0.jar  /home/skander26/.m2/repository/org/springframework/boot/spring-boot-starter/3.4.5/spring-boot-starter-3.4.5.jar  /home/skander26/.m2/repository/org/springframework/boot/spring-boot/3.4.5/spring-boot-3.4.5.jar  /home/skander26/.m2/repository/org/springframework/boot/spring-boot-autoconfigure/3.4.5/spring-boot-autoconfigure-3.4.5.jar  /home/skander26/.m2/repository/org/springframework/boot/spring-boot-starter-logging/3.4.5/spring-boot-starter-logging-3.4.5.jar  /home/skander26/.m2/repository/ch/qos/logback/logback-classic/1.5.18/logback-classic-1.5.18.jar  /home/skander26/.m2/repository/ch/qos/logback/logback-core/1.5.18/logback-core-1.5.18.jar  /home/skander26/.m2/repository/org/apache/logging/log4j/log4j-to-slf4j/2.24.3/log4j-to-slf4j-2.24.3.jar  /home/skander26/.m2/repository/org/apache/logging/log4j/log4j-api/2.24.3/log4j-api-2.24.3.jar  /home/skander26/.m2/repository/org/slf4j/jul-to-slf4j/2.0.17/jul-to-slf4j-2.0.17.jar  /home/skander26/.m2/repository/jakarta/annotation/jakarta.annotation-api/2.1.1/jakarta.annotation-api-2.1.1.jar  /home/skander26/.m2/repository/org/yaml/snakeyaml/2.3/snakeyaml-2.3.jar  /home/skander26/.m2/repository/org/springframework/spring-beans/6.2.6/spring-beans-6.2.6.jar  /home/skander26/.m2/repository/org/eclipse/rdf4j/rdf4j-repository-api/4.3.0/rdf4j-repository-api-4.3.0.jar  /home/skander26/.m2/repository/org/eclipse/rdf4j/rdf4j-query/4.3.0/rdf4j-query-4.3.0.jar  /home/skander26/.m2/repository/com/fasterxml/jackson/core/jackson-annotations/2.18.3/jackson-annotations-2.18.3.jar  /home/skander26/.m2/repository/com/fasterxml/jackson/core/jackson-core/2.18.3/jackson-core-2.18.3.jar  /home/skander26/.m2/repository/org/apache/commons/commons-text/1.10.0/commons-text-1.10.0.jar  /home/skander26/.m2/repository/org/apache/commons/commons-lang3/3.17.0/commons-lang3-3.17.0.jar  /home/skander26/.m2/repository/org/eclipse/rdf4j/rdf4j-rio-api/4.3.0/rdf4j-rio-api-4.3.0.jar  /home/skander26/.m2/repository/org/eclipse/rdf4j/rdf4j-common-xml/4.3.0/rdf4j-common-xml-4.3.0.jar  /home/skander26/.m2/repository/commons-codec/commons-codec/1.17.2/commons-codec-1.17.2.jar  /home/skander26/.m2/repository/com/github/jsonld-java/jsonld-java/0.13.4/jsonld-java-0.13.4.jar  /home/skander26/.m2/repository/org/apache/httpcomponents/httpclient-osgi/4.5.13/httpclient-osgi-4.5.13.jar  /home/skander26/.m2/repository/org/apache/httpcomponents/httpclient/4.5.13/httpclient-4.5.13.jar  /home/skander26/.m2/repository/org/apache/httpcomponents/httpmime/4.5.13/httpmime-4.5.13.jar  /home/skander26/.m2/repository/org/apache/httpcomponents/httpclient-cache/4.5.13/httpclient-cache-4.5.13.jar  /home/skander26/.m2/repository/org/apache/httpcomponents/fluent-hc/4.5.13/fluent-hc-4.5.13.jar  /home/skander26/.m2/repository/org/apache/httpcomponents/httpcore-osgi/4.4.14/httpcore-osgi-4.4.14.jar  /home/skander26/.m2/repository/org/apache/httpcomponents/httpcore/4.4.16/httpcore-4.4.16.jar  /home/skander26/.m2/repository/org/apache/httpcomponents/httpcore-nio/4.4.16/httpcore-nio-4.4.16.jar  /home/skander26/.m2/repository/org/slf4j/jcl-over-slf4j/2.0.17/jcl-over-slf4j-2.0.17.jar  /home/skander26/.m2/repository/commons-io/commons-io/2.8.0/commons-io-2.8.0.jar  /home/skander26/.m2/repository/org/eclipse/rdf4j/rdf4j-common-transaction/4.3.0/rdf4j-common-transaction-4.3.0.jar  /home/skander26/.m2/repository/org/slf4j/slf4j-api/2.0.17/slf4j-api-2.0.17.jar  /home/skander26/.m2/repository/org/springframework/spring-core/6.2.6/spring-core-6.2.6.jar  /home/skander26/.m2/repository/org/springframework/spring-jcl/6.2.6/spring-jcl-6.2.6.jar  /home/skander26/.m2/repository/org/apache/maven/surefire/surefire-junit-platform/3.5.3/surefire-junit-platform-3.5.3.jar  /home/skander26/.m2/repository/org/apache/maven/surefire/common-java5/3.5.3/common-java5-3.5.3.jar  /home/skander26/.m2/repository/org/junit/platform/junit-platform-launcher/1.11.4/junit-platform-launcher-1.11.4.jar
[[1;36mDEBUG[m] boot(compact) classpath:  surefire-booter-3.5.3.jar  surefire-api-3.5.3.jar  surefire-extensions-spi-3.5.3.jar  surefire-shared-utils-3.5.3.jar  surefire-logger-api-3.5.3.jar  test-classes  classes  spring-boot-starter-web-3.4.5.jar  spring-boot-starter-json-3.4.5.jar  jackson-databind-2.18.3.jar  jackson-datatype-jdk8-2.18.3.jar  jackson-datatype-jsr310-2.18.3.jar  jackson-module-parameter-names-2.18.3.jar  spring-boot-starter-tomcat-3.4.5.jar  tomcat-embed-core-10.1.40.jar  tomcat-embed-el-10.1.40.jar  tomcat-embed-websocket-10.1.40.jar  spring-web-6.2.6.jar  micrometer-observation-1.14.6.jar  micrometer-commons-1.14.6.jar  spring-webmvc-6.2.6.jar  spring-aop-6.2.6.jar  spring-context-6.2.6.jar  spring-expression-6.2.6.jar  spring-boot-starter-data-jpa-3.4.5.jar  spring-boot-starter-jdbc-3.4.5.jar  HikariCP-5.1.0.jar  spring-jdbc-6.2.6.jar  hibernate-core-6.6.13.Final.jar  jakarta.persistence-api-3.1.0.jar  jakarta.transaction-api-2.0.1.jar  hibernate-commons-annotations-7.0.3.Final.jar  jandex-3.2.0.jar  classmate-1.7.0.jar  byte-buddy-1.15.11.jar  jaxb-runtime-4.0.5.jar  jaxb-core-4.0.5.jar  angus-activation-2.0.2.jar  txw2-4.0.5.jar  istack-commons-runtime-4.1.2.jar  jakarta.inject-api-2.0.1.jar  antlr4-runtime-4.13.0.jar  spring-data-jpa-3.4.5.jar  spring-data-commons-3.4.5.jar  spring-orm-6.2.6.jar  spring-tx-6.2.6.jar  spring-aspects-6.2.6.jar  aspectjweaver-1.9.24.jar  spring-boot-starter-test-3.4.5.jar  spring-boot-test-3.4.5.jar  spring-boot-test-autoconfigure-3.4.5.jar  json-path-2.9.0.jar  jakarta.xml.bind-api-4.0.2.jar  jakarta.activation-api-2.1.3.jar  json-smart-2.5.2.jar  accessors-smart-2.5.2.jar  asm-9.7.1.jar  assertj-core-3.26.3.jar  awaitility-4.2.2.jar  hamcrest-2.2.jar  junit-jupiter-5.11.4.jar  junit-jupiter-api-5.11.4.jar  opentest4j-1.3.0.jar  junit-platform-commons-1.11.4.jar  apiguardian-api-1.1.2.jar  junit-jupiter-params-5.11.4.jar  junit-jupiter-engine-5.11.4.jar  junit-platform-engine-1.11.4.jar  mockito-core-5.14.2.jar  byte-buddy-agent-1.15.11.jar  objenesis-3.3.jar  mockito-junit-jupiter-5.14.2.jar  jsonassert-1.5.3.jar  android-json-0.0.20131108.vaadin1.jar  spring-test-6.2.6.jar  xmlunit-core-2.10.0.jar  postgresql-42.7.3.jar  checker-qual-3.42.0.jar  hibernate-spatial-6.6.13.Final.jar  geolatte-geom-1.9.1.jar  jboss-logging-3.6.1.Final.jar  rdf4j-model-4.3.0.jar  rdf4j-model-api-4.3.0.jar  rdf4j-common-annotation-4.3.0.jar  rdf4j-model-vocabulary-4.3.0.jar  rdf4j-common-exception-4.3.0.jar  rdf4j-common-text-4.3.0.jar  rdf4j-common-io-4.3.0.jar  rdf4j-common-util-4.3.0.jar  rdf4j-common-iterator-4.3.0.jar  guava-30.1.1-jre.jar  failureaccess-1.0.1.jar  listenablefuture-9999.0-empty-to-avoid-conflict-with-guava.jar  jts-core-1.19.0.jar  spring-boot-starter-3.4.5.jar  spring-boot-3.4.5.jar  spring-boot-autoconfigure-3.4.5.jar  spring-boot-starter-logging-3.4.5.jar  logback-classic-1.5.18.jar  logback-core-1.5.18.jar  log4j-to-slf4j-2.24.3.jar  log4j-api-2.24.3.jar  jul-to-slf4j-2.0.17.jar  jakarta.annotation-api-2.1.1.jar  snakeyaml-2.3.jar  spring-beans-6.2.6.jar  rdf4j-repository-api-4.3.0.jar  rdf4j-query-4.3.0.jar  jackson-annotations-2.18.3.jar  jackson-core-2.18.3.jar  commons-text-1.10.0.jar  commons-lang3-3.17.0.jar  rdf4j-rio-api-4.3.0.jar  rdf4j-common-xml-4.3.0.jar  commons-codec-1.17.2.jar  jsonld-java-0.13.4.jar  httpclient-osgi-4.5.13.jar  httpclient-4.5.13.jar  httpmime-4.5.13.jar  httpclient-cache-4.5.13.jar  fluent-hc-4.5.13.jar  httpcore-osgi-4.4.14.jar  httpcore-4.4.16.jar  httpcore-nio-4.4.16.jar  jcl-over-slf4j-2.0.17.jar  commons-io-2.8.0.jar  rdf4j-common-transaction-4.3.0.jar  slf4j-api-2.0.17.jar  spring-core-6.2.6.jar  spring-jcl-6.2.6.jar  surefire-junit-platform-3.5.3.jar  common-java5-3.5.3.jar  junit-platform-launcher-1.11.4.jar
[[1;36mDEBUG[m] Forking command line: /bin/sh -c cd '/mnt/c/Users/Malef/Desktop/Motivation_Préparation_Entretiens/fair-water-data/fair-water-api' && '/usr/lib/jvm/java-18-openjdk-amd64/bin/java' '-jar' '/mnt/c/Users/Malef/Desktop/Motivation_Préparation_Entretiens/fair-water-data/fair-water-api/target/surefire/surefirebooter-20250427162459671_3.jar' '/mnt/c/Users/Malef/Desktop/Motivation_Préparation_Entretiens/fair-water-data/fair-water-api/target/surefire' '2025-04-27T16-24-59_483-jvmRun1' 'surefire-20250427162459671_1tmp' 'surefire_0-20250427162459671_2tmp'
[[1;36mDEBUG[m] Fork Channel [1] connected to the client.
[[1;34mINFO[m] Running org.fairwater.fair_water_api.[1mFairWaterApiApplicationTests[m
16:25:00.714 [main] INFO org.springframework.test.context.support.AnnotationConfigContextLoaderUtils -- Could not detect default configuration classes for test class [org.fairwater.fair_water_api.FairWaterApiApplicationTests]: FairWaterApiApplicationTests does not declare any static, non-private, non-final, nested classes annotated with @Configuration.
16:25:00.867 [main] INFO org.springframework.boot.test.context.SpringBootTestContextBootstrapper -- Found @SpringBootConfiguration org.fairwater.fair_water_api.FairWaterApiApplication for test class org.fairwater.fair_water_api.FairWaterApiApplicationTests

  .   ____          _            __ _ _
 /\\ / ___'_ __ _ _(_)_ __  __ _ \ \ \ \
( ( )\___ | '_ | '_| | '_ \/ _` | \ \ \ \
 \\/  ___)| |_)| | | | | || (_| |  ) ) ) )
  '  |____| .__|_| |_|_| |_\__, | / / / /
 =========|_|==============|___/=/_/_/_/

 :: Spring Boot ::                (v3.4.5)

2025-04-27T16:25:01.383+02:00  INFO 2647 --- [water-data-api] [           main] o.f.f.FairWaterApiApplicationTests       : Starting FairWaterApiApplicationTests using Java 18.0.2-ea with PID 2647 (started by skander26 in /mnt/c/Users/Malef/Desktop/Motivation_Préparation_Entretiens/fair-water-data/fair-water-api)
2025-04-27T16:25:01.385+02:00  INFO 2647 --- [water-data-api] [           main] o.f.f.FairWaterApiApplicationTests       : No active profile set, falling back to 1 default profile: "default"
2025-04-27T16:25:02.185+02:00  INFO 2647 --- [water-data-api] [           main] .s.d.r.c.RepositoryConfigurationDelegate : Bootstrapping Spring Data JPA repositories in DEFAULT mode.
2025-04-27T16:25:02.210+02:00  INFO 2647 --- [water-data-api] [           main] .s.d.r.c.RepositoryConfigurationDelegate : Finished Spring Data repository scanning in 15 ms. Found 0 JPA repository interfaces.
2025-04-27T16:25:02.690+02:00  INFO 2647 --- [water-data-api] [           main] com.zaxxer.hikari.HikariDataSource       : HikariPool-1 - Starting...
2025-04-27T16:25:03.977+02:00  INFO 2647 --- [water-data-api] [           main] o.hibernate.jpa.internal.util.LogHelper  : HHH000204: Processing PersistenceUnitInfo [name: default]
2025-04-27T16:25:04.028+02:00  INFO 2647 --- [water-data-api] [           main] org.hibernate.Version                    : HHH000412: Hibernate ORM core version 6.6.13.Final
2025-04-27T16:25:04.037+02:00  INFO 2647 --- [water-data-api] [           main] o.h.spatial.integration.SpatialService   : HHH80000001: hibernate-spatial integration enabled : true
2025-04-27T16:25:04.062+02:00  INFO 2647 --- [water-data-api] [           main] o.h.c.internal.RegionFactoryInitiator    : HHH000026: Second-level cache disabled
2025-04-27T16:25:04.190+02:00  INFO 2647 --- [water-data-api] [           main] com.zaxxer.hikari.HikariDataSource       : HikariPool-1 - Starting...
2025-04-27T16:25:05.309+02:00  WARN 2647 --- [water-data-api] [           main] o.h.engine.jdbc.spi.SqlExceptionHelper   : SQL Error: 0, SQLState: 28P01
2025-04-27T16:25:05.309+02:00 ERROR 2647 --- [water-data-api] [           main] o.h.engine.jdbc.spi.SqlExceptionHelper   : FATAL: authentification par mot de passe �chou�e pour l'utilisateur  � fairwater_user �
2025-04-27T16:25:05.310+02:00  WARN 2647 --- [water-data-api] [           main] o.h.e.j.e.i.JdbcEnvironmentInitiator     : HHH000342: Could not obtain connection to query metadata

org.hibernate.exception.GenericJDBCException: unable to obtain isolated JDBC connection [FATAL: authentification par mot de passe �chou�e pour l'utilisateur  � fairwater_user �] [n/a]
	at org.hibernate.exception.internal.StandardSQLExceptionConverter.convert(StandardSQLExceptionConverter.java:63) ~[hibernate-core-6.6.13.Final.jar:6.6.13.Final]
	at org.hibernate.engine.jdbc.spi.SqlExceptionHelper.convert(SqlExceptionHelper.java:108) ~[hibernate-core-6.6.13.Final.jar:6.6.13.Final]
	at org.hibernate.engine.jdbc.spi.SqlExceptionHelper.convert(SqlExceptionHelper.java:94) ~[hibernate-core-6.6.13.Final.jar:6.6.13.Final]
	at org.hibernate.resource.transaction.backend.jdbc.internal.JdbcIsolationDelegate.delegateWork(JdbcIsolationDelegate.java:116) ~[hibernate-core-6.6.13.Final.jar:6.6.13.Final]
	at org.hibernate.engine.jdbc.env.internal.JdbcEnvironmentInitiator.getJdbcEnvironmentUsingJdbcMetadata(JdbcEnvironmentInitiator.java:320) ~[hibernate-core-6.6.13.Final.jar:6.6.13.Final]
	at org.hibernate.engine.jdbc.env.internal.JdbcEnvironmentInitiator.initiateService(JdbcEnvironmentInitiator.java:129) ~[hibernate-core-6.6.13.Final.jar:6.6.13.Final]
	at org.hibernate.engine.jdbc.env.internal.JdbcEnvironmentInitiator.initiateService(JdbcEnvironmentInitiator.java:81) ~[hibernate-core-6.6.13.Final.jar:6.6.13.Final]
	at org.hibernate.boot.registry.internal.StandardServiceRegistryImpl.initiateService(StandardServiceRegistryImpl.java:130) ~[hibernate-core-6.6.13.Final.jar:6.6.13.Final]
	at org.hibernate.service.internal.AbstractServiceRegistryImpl.createService(AbstractServiceRegistryImpl.java:263) ~[hibernate-core-6.6.13.Final.jar:6.6.13.Final]
	at org.hibernate.service.internal.AbstractServiceRegistryImpl.initializeService(AbstractServiceRegistryImpl.java:238) ~[hibernate-core-6.6.13.Final.jar:6.6.13.Final]
	at org.hibernate.service.internal.AbstractServiceRegistryImpl.getService(AbstractServiceRegistryImpl.java:215) ~[hibernate-core-6.6.13.Final.jar:6.6.13.Final]
	at org.hibernate.service.ServiceRegistry.requireService(ServiceRegistry.java:68) ~[hibernate-core-6.6.13.Final.jar:6.6.13.Final]
	at org.hibernate.engine.jdbc.internal.JdbcServicesImpl.configure(JdbcServicesImpl.java:52) ~[hibernate-core-6.6.13.Final.jar:6.6.13.Final]
	at org.hibernate.boot.registry.internal.StandardServiceRegistryImpl.configureService(StandardServiceRegistryImpl.java:136) ~[hibernate-core-6.6.13.Final.jar:6.6.13.Final]
	at org.hibernate.service.internal.AbstractServiceRegistryImpl.initializeService(AbstractServiceRegistryImpl.java:247) ~[hibernate-core-6.6.13.Final.jar:6.6.13.Final]
	at org.hibernate.service.internal.AbstractServiceRegistryImpl.getService(AbstractServiceRegistryImpl.java:215) ~[hibernate-core-6.6.13.Final.jar:6.6.13.Final]
	at org.hibernate.spatial.contributor.ContributorResolver.resolveSpatialtypeContributorImplementor(ContributorResolver.java:52) ~[hibernate-spatial-6.6.13.Final.jar:6.6.13.Final]
	at org.hibernate.spatial.contributor.SpatialTypeContributor.contribute(SpatialTypeContributor.java:18) ~[hibernate-spatial-6.6.13.Final.jar:6.6.13.Final]
	at org.hibernate.boot.internal.MetadataBuilderImpl.applyTypes(MetadataBuilderImpl.java:295) ~[hibernate-core-6.6.13.Final.jar:6.6.13.Final]
	at java.base/java.lang.Iterable.forEach(Iterable.java:75) ~[na:na]
	at java.base/java.util.Collections$UnmodifiableCollection.forEach(Collections.java:1092) ~[na:na]
	at org.hibernate.jpa.boot.internal.EntityManagerFactoryBuilderImpl.applyTypeContributors(EntityManagerFactoryBuilderImpl.java:1414) ~[hibernate-core-6.6.13.Final.jar:6.6.13.Final]
	at org.hibernate.jpa.boot.internal.EntityManagerFactoryBuilderImpl.applyMetamodelBuilderSettings(EntityManagerFactoryBuilderImpl.java:1395) ~[hibernate-core-6.6.13.Final.jar:6.6.13.Final]
	at org.hibernate.jpa.boot.internal.EntityManagerFactoryBuilderImpl.<init>(EntityManagerFactoryBuilderImpl.java:281) ~[hibernate-core-6.6.13.Final.jar:6.6.13.Final]
	at org.hibernate.jpa.boot.internal.EntityManagerFactoryBuilderImpl.<init>(EntityManagerFactoryBuilderImpl.java:199) ~[hibernate-core-6.6.13.Final.jar:6.6.13.Final]
	at org.springframework.orm.jpa.vendor.SpringHibernateJpaPersistenceProvider.createContainerEntityManagerFactory(SpringHibernateJpaPersistenceProvider.java:54) ~[spring-orm-6.2.6.jar:6.2.6]
	at org.springframework.orm.jpa.LocalContainerEntityManagerFactoryBean.createNativeEntityManagerFactory(LocalContainerEntityManagerFactoryBean.java:390) ~[spring-orm-6.2.6.jar:6.2.6]
	at org.springframework.orm.jpa.AbstractEntityManagerFactoryBean.buildNativeEntityManagerFactory(AbstractEntityManagerFactoryBean.java:419) ~[spring-orm-6.2.6.jar:6.2.6]
	at org.springframework.orm.jpa.AbstractEntityManagerFactoryBean.afterPropertiesSet(AbstractEntityManagerFactoryBean.java:400) ~[spring-orm-6.2.6.jar:6.2.6]
	at org.springframework.orm.jpa.LocalContainerEntityManagerFactoryBean.afterPropertiesSet(LocalContainerEntityManagerFactoryBean.java:366) ~[spring-orm-6.2.6.jar:6.2.6]
	at org.springframework.beans.factory.support.AbstractAutowireCapableBeanFactory.invokeInitMethods(AbstractAutowireCapableBeanFactory.java:1865) ~[spring-beans-6.2.6.jar:6.2.6]
	at org.springframework.beans.factory.support.AbstractAutowireCapableBeanFactory.initializeBean(AbstractAutowireCapableBeanFactory.java:1814) ~[spring-beans-6.2.6.jar:6.2.6]
	at org.springframework.beans.factory.support.AbstractAutowireCapableBeanFactory.doCreateBean(AbstractAutowireCapableBeanFactory.java:607) ~[spring-beans-6.2.6.jar:6.2.6]
	at org.springframework.beans.factory.support.AbstractAutowireCapableBeanFactory.createBean(AbstractAutowireCapableBeanFactory.java:529) ~[spring-beans-6.2.6.jar:6.2.6]
	at org.springframework.beans.factory.support.AbstractBeanFactory.lambda$doGetBean$0(AbstractBeanFactory.java:339) ~[spring-beans-6.2.6.jar:6.2.6]
	at org.springframework.beans.factory.support.DefaultSingletonBeanRegistry.getSingleton(DefaultSingletonBeanRegistry.java:371) ~[spring-beans-6.2.6.jar:6.2.6]
	at org.springframework.beans.factory.support.AbstractBeanFactory.doGetBean(AbstractBeanFactory.java:337) ~[spring-beans-6.2.6.jar:6.2.6]
	at org.springframework.beans.factory.support.AbstractBeanFactory.getBean(AbstractBeanFactory.java:207) ~[spring-beans-6.2.6.jar:6.2.6]
	at org.springframework.context.support.AbstractApplicationContext.finishBeanFactoryInitialization(AbstractApplicationContext.java:970) ~[spring-context-6.2.6.jar:6.2.6]
	at org.springframework.context.support.AbstractApplicationContext.refresh(AbstractApplicationContext.java:627) ~[spring-context-6.2.6.jar:6.2.6]
	at org.springframework.boot.SpringApplication.refresh(SpringApplication.java:753) ~[spring-boot-3.4.5.jar:3.4.5]
	at org.springframework.boot.SpringApplication.refreshContext(SpringApplication.java:439) ~[spring-boot-3.4.5.jar:3.4.5]
	at org.springframework.boot.SpringApplication.run(SpringApplication.java:318) ~[spring-boot-3.4.5.jar:3.4.5]
	at org.springframework.boot.test.context.SpringBootContextLoader.lambda$loadContext$3(SpringBootContextLoader.java:144) ~[spring-boot-test-3.4.5.jar:3.4.5]
	at org.springframework.util.function.ThrowingSupplier.get(ThrowingSupplier.java:58) ~[spring-core-6.2.6.jar:6.2.6]
	at org.springframework.util.function.ThrowingSupplier.get(ThrowingSupplier.java:46) ~[spring-core-6.2.6.jar:6.2.6]
	at org.springframework.boot.SpringApplication.withHook(SpringApplication.java:1462) ~[spring-boot-3.4.5.jar:3.4.5]
	at org.springframework.boot.test.context.SpringBootContextLoader$ContextLoaderHook.run(SpringBootContextLoader.java:563) ~[spring-boot-test-3.4.5.jar:3.4.5]
	at org.springframework.boot.test.context.SpringBootContextLoader.loadContext(SpringBootContextLoader.java:144) ~[spring-boot-test-3.4.5.jar:3.4.5]
	at org.springframework.boot.test.context.SpringBootContextLoader.loadContext(SpringBootContextLoader.java:110) ~[spring-boot-test-3.4.5.jar:3.4.5]
	at org.springframework.test.context.cache.DefaultCacheAwareContextLoaderDelegate.loadContextInternal(DefaultCacheAwareContextLoaderDelegate.java:225) ~[spring-test-6.2.6.jar:6.2.6]
	at org.springframework.test.context.cache.DefaultCacheAwareContextLoaderDelegate.loadContext(DefaultCacheAwareContextLoaderDelegate.java:152) ~[spring-test-6.2.6.jar:6.2.6]
	at org.springframework.test.context.support.DefaultTestContext.getApplicationContext(DefaultTestContext.java:130) ~[spring-test-6.2.6.jar:6.2.6]
	at org.springframework.test.context.web.ServletTestExecutionListener.setUpRequestContextIfNecessary(ServletTestExecutionListener.java:200) ~[spring-test-6.2.6.jar:6.2.6]
	at org.springframework.test.context.web.ServletTestExecutionListener.prepareTestInstance(ServletTestExecutionListener.java:139) ~[spring-test-6.2.6.jar:6.2.6]
	at org.springframework.test.context.TestContextManager.prepareTestInstance(TestContextManager.java:260) ~[spring-test-6.2.6.jar:6.2.6]
	at org.springframework.test.context.junit.jupiter.SpringExtension.postProcessTestInstance(SpringExtension.java:159) ~[spring-test-6.2.6.jar:6.2.6]
	at org.junit.jupiter.engine.descriptor.ClassBasedTestDescriptor.lambda$invokeTestInstancePostProcessors$11(ClassBasedTestDescriptor.java:378) ~[junit-jupiter-engine-5.11.4.jar:5.11.4]
	at org.junit.jupiter.engine.descriptor.ClassBasedTestDescriptor.executeAndMaskThrowable(ClassBasedTestDescriptor.java:383) ~[junit-jupiter-engine-5.11.4.jar:5.11.4]
	at org.junit.jupiter.engine.descriptor.ClassBasedTestDescriptor.lambda$invokeTestInstancePostProcessors$12(ClassBasedTestDescriptor.java:378) ~[junit-jupiter-engine-5.11.4.jar:5.11.4]
	at java.base/java.util.stream.ForEachOps$ForEachOp$OfRef.accept(ForEachOps.java:183) ~[na:na]
	at java.base/java.util.stream.ReferencePipeline$3$1.accept(ReferencePipeline.java:197) ~[na:na]
	at java.base/java.util.stream.ReferencePipeline$2$1.accept(ReferencePipeline.java:179) ~[na:na]
	at java.base/java.util.stream.ReferencePipeline$3$1.accept(ReferencePipeline.java:197) ~[na:na]
	at java.base/java.util.ArrayList$ArrayListSpliterator.forEachRemaining(ArrayList.java:1625) ~[na:na]
	at java.base/java.util.stream.AbstractPipeline.copyInto(AbstractPipeline.java:509) ~[na:na]
	at java.base/java.util.stream.AbstractPipeline.wrapAndCopyInto(AbstractPipeline.java:499) ~[na:na]
	at java.base/java.util.stream.ForEachOps$ForEachOp.evaluateSequential(ForEachOps.java:150) ~[na:na]
	at java.base/java.util.stream.ForEachOps$ForEachOp$OfRef.evaluateSequential(ForEachOps.java:173) ~[na:na]
	at java.base/java.util.stream.AbstractPipeline.evaluate(AbstractPipeline.java:234) ~[na:na]
	at java.base/java.util.stream.ReferencePipeline.forEach(ReferencePipeline.java:596) ~[na:na]
	at org.junit.jupiter.engine.descriptor.ClassBasedTestDescriptor.invokeTestInstancePostProcessors(ClassBasedTestDescriptor.java:377) ~[junit-jupiter-engine-5.11.4.jar:5.11.4]
	at org.junit.jupiter.engine.descriptor.ClassBasedTestDescriptor.lambda$instantiateAndPostProcessTestInstance$7(ClassBasedTestDescriptor.java:290) ~[junit-jupiter-engine-5.11.4.jar:5.11.4]
	at org.junit.platform.engine.support.hierarchical.ThrowableCollector.execute(ThrowableCollector.java:73) ~[junit-platform-engine-1.11.4.jar:1.11.4]
	at org.junit.jupiter.engine.descriptor.ClassBasedTestDescriptor.instantiateAndPostProcessTestInstance(ClassBasedTestDescriptor.java:289) ~[junit-jupiter-engine-5.11.4.jar:5.11.4]
	at org.junit.jupiter.engine.descriptor.ClassBasedTestDescriptor.lambda$testInstancesProvider$5(ClassBasedTestDescriptor.java:279) ~[junit-jupiter-engine-5.11.4.jar:5.11.4]
	at java.base/java.util.Optional.orElseGet(Optional.java:364) ~[na:na]
	at org.junit.jupiter.engine.descriptor.ClassBasedTestDescriptor.lambda$testInstancesProvider$6(ClassBasedTestDescriptor.java:278) ~[junit-jupiter-engine-5.11.4.jar:5.11.4]
	at org.junit.jupiter.engine.execution.TestInstancesProvider.getTestInstances(TestInstancesProvider.java:31) ~[junit-jupiter-engine-5.11.4.jar:5.11.4]
	at org.junit.jupiter.engine.descriptor.TestMethodTestDescriptor.lambda$prepare$1(TestMethodTestDescriptor.java:105) ~[junit-jupiter-engine-5.11.4.jar:5.11.4]
	at org.junit.platform.engine.support.hierarchical.ThrowableCollector.execute(ThrowableCollector.java:73) ~[junit-platform-engine-1.11.4.jar:1.11.4]
	at org.junit.jupiter.engine.descriptor.TestMethodTestDescriptor.prepare(TestMethodTestDescriptor.java:104) ~[junit-jupiter-engine-5.11.4.jar:5.11.4]
	at org.junit.jupiter.engine.descriptor.TestMethodTestDescriptor.prepare(TestMethodTestDescriptor.java:68) ~[junit-jupiter-engine-5.11.4.jar:5.11.4]
	at org.junit.platform.engine.support.hierarchical.NodeTestTask.lambda$prepare$2(NodeTestTask.java:128) ~[junit-platform-engine-1.11.4.jar:1.11.4]
	at org.junit.platform.engine.support.hierarchical.ThrowableCollector.execute(ThrowableCollector.java:73) ~[junit-platform-engine-1.11.4.jar:1.11.4]
	at org.junit.platform.engine.support.hierarchical.NodeTestTask.prepare(NodeTestTask.java:128) ~[junit-platform-engine-1.11.4.jar:1.11.4]
	at org.junit.platform.engine.support.hierarchical.NodeTestTask.execute(NodeTestTask.java:95) ~[junit-platform-engine-1.11.4.jar:1.11.4]
	at java.base/java.util.ArrayList.forEach(ArrayList.java:1511) ~[na:na]
	at org.junit.platform.engine.support.hierarchical.SameThreadHierarchicalTestExecutorService.invokeAll(SameThreadHierarchicalTestExecutorService.java:41) ~[junit-platform-engine-1.11.4.jar:1.11.4]
	at org.junit.platform.engine.support.hierarchical.NodeTestTask.lambda$executeRecursively$6(NodeTestTask.java:160) ~[junit-platform-engine-1.11.4.jar:1.11.4]
	at org.junit.platform.engine.support.hierarchical.ThrowableCollector.execute(ThrowableCollector.java:73) ~[junit-platform-engine-1.11.4.jar:1.11.4]
	at org.junit.platform.engine.support.hierarchical.NodeTestTask.lambda$executeRecursively$8(NodeTestTask.java:146) ~[junit-platform-engine-1.11.4.jar:1.11.4]
	at org.junit.platform.engine.support.hierarchical.Node.around(Node.java:137) ~[junit-platform-engine-1.11.4.jar:1.11.4]
	at org.junit.platform.engine.support.hierarchical.NodeTestTask.lambda$executeRecursively$9(NodeTestTask.java:144) ~[junit-platform-engine-1.11.4.jar:1.11.4]
	at org.junit.platform.engine.support.hierarchical.ThrowableCollector.execute(ThrowableCollector.java:73) ~[junit-platform-engine-1.11.4.jar:1.11.4]
	at org.junit.platform.engine.support.hierarchical.NodeTestTask.executeRecursively(NodeTestTask.java:143) ~[junit-platform-engine-1.11.4.jar:1.11.4]
	at org.junit.platform.engine.support.hierarchical.NodeTestTask.execute(NodeTestTask.java:100) ~[junit-platform-engine-1.11.4.jar:1.11.4]
	at java.base/java.util.ArrayList.forEach(ArrayList.java:1511) ~[na:na]
	at org.junit.platform.engine.support.hierarchical.SameThreadHierarchicalTestExecutorService.invokeAll(SameThreadHierarchicalTestExecutorService.java:41) ~[junit-platform-engine-1.11.4.jar:1.11.4]
	at org.junit.platform.engine.support.hierarchical.NodeTestTask.lambda$executeRecursively$6(NodeTestTask.java:160) ~[junit-platform-engine-1.11.4.jar:1.11.4]
	at org.junit.platform.engine.support.hierarchical.ThrowableCollector.execute(ThrowableCollector.java:73) ~[junit-platform-engine-1.11.4.jar:1.11.4]
	at org.junit.platform.engine.support.hierarchical.NodeTestTask.lambda$executeRecursively$8(NodeTestTask.java:146) ~[junit-platform-engine-1.11.4.jar:1.11.4]
	at org.junit.platform.engine.support.hierarchical.Node.around(Node.java:137) ~[junit-platform-engine-1.11.4.jar:1.11.4]
	at org.junit.platform.engine.support.hierarchical.NodeTestTask.lambda$executeRecursively$9(NodeTestTask.java:144) ~[junit-platform-engine-1.11.4.jar:1.11.4]
	at org.junit.platform.engine.support.hierarchical.ThrowableCollector.execute(ThrowableCollector.java:73) ~[junit-platform-engine-1.11.4.jar:1.11.4]
	at org.junit.platform.engine.support.hierarchical.NodeTestTask.executeRecursively(NodeTestTask.java:143) ~[junit-platform-engine-1.11.4.jar:1.11.4]
	at org.junit.platform.engine.support.hierarchical.NodeTestTask.execute(NodeTestTask.java:100) ~[junit-platform-engine-1.11.4.jar:1.11.4]
	at org.junit.platform.engine.support.hierarchical.SameThreadHierarchicalTestExecutorService.submit(SameThreadHierarchicalTestExecutorService.java:35) ~[junit-platform-engine-1.11.4.jar:1.11.4]
	at org.junit.platform.engine.support.hierarchical.HierarchicalTestExecutor.execute(HierarchicalTestExecutor.java:57) ~[junit-platform-engine-1.11.4.jar:1.11.4]
	at org.junit.platform.engine.support.hierarchical.HierarchicalTestEngine.execute(HierarchicalTestEngine.java:54) ~[junit-platform-engine-1.11.4.jar:1.11.4]
	at org.junit.platform.launcher.core.EngineExecutionOrchestrator.execute(EngineExecutionOrchestrator.java:198) ~[junit-platform-launcher-1.11.4.jar:1.11.4]
	at org.junit.platform.launcher.core.EngineExecutionOrchestrator.execute(EngineExecutionOrchestrator.java:169) ~[junit-platform-launcher-1.11.4.jar:1.11.4]
	at org.junit.platform.launcher.core.EngineExecutionOrchestrator.execute(EngineExecutionOrchestrator.java:93) ~[junit-platform-launcher-1.11.4.jar:1.11.4]
	at org.junit.platform.launcher.core.EngineExecutionOrchestrator.lambda$execute$0(EngineExecutionOrchestrator.java:58) ~[junit-platform-launcher-1.11.4.jar:1.11.4]
	at org.junit.platform.launcher.core.EngineExecutionOrchestrator.withInterceptedStreams(EngineExecutionOrchestrator.java:141) ~[junit-platform-launcher-1.11.4.jar:1.11.4]
	at org.junit.platform.launcher.core.EngineExecutionOrchestrator.execute(EngineExecutionOrchestrator.java:57) ~[junit-platform-launcher-1.11.4.jar:1.11.4]
	at org.junit.platform.launcher.core.DefaultLauncher.execute(DefaultLauncher.java:103) ~[junit-platform-launcher-1.11.4.jar:1.11.4]
	at org.junit.platform.launcher.core.DefaultLauncher.execute(DefaultLauncher.java:85) ~[junit-platform-launcher-1.11.4.jar:1.11.4]
	at org.junit.platform.launcher.core.DelegatingLauncher.execute(DelegatingLauncher.java:47) ~[junit-platform-launcher-1.11.4.jar:1.11.4]
	at org.apache.maven.surefire.junitplatform.LazyLauncher.execute(LazyLauncher.java:56) ~[surefire-junit-platform-3.5.3.jar:3.5.3]
	at org.apache.maven.surefire.junitplatform.JUnitPlatformProvider.execute(JUnitPlatformProvider.java:194) ~[surefire-junit-platform-3.5.3.jar:3.5.3]
	at org.apache.maven.surefire.junitplatform.JUnitPlatformProvider.invokeAllTests(JUnitPlatformProvider.java:150) ~[surefire-junit-platform-3.5.3.jar:3.5.3]
	at org.apache.maven.surefire.junitplatform.JUnitPlatformProvider.invoke(JUnitPlatformProvider.java:124) ~[surefire-junit-platform-3.5.3.jar:3.5.3]
	at org.apache.maven.surefire.booter.ForkedBooter.runSuitesInProcess(ForkedBooter.java:385) ~[surefire-booter-3.5.3.jar:3.5.3]
	at org.apache.maven.surefire.booter.ForkedBooter.execute(ForkedBooter.java:162) ~[surefire-booter-3.5.3.jar:3.5.3]
	at org.apache.maven.surefire.booter.ForkedBooter.run(ForkedBooter.java:507) ~[surefire-booter-3.5.3.jar:3.5.3]
	at org.apache.maven.surefire.booter.ForkedBooter.main(ForkedBooter.java:495) ~[surefire-booter-3.5.3.jar:3.5.3]
Caused by: org.postgresql.util.PSQLException: FATAL: authentification par mot de passe �chou�e pour l'utilisateur  � fairwater_user �
	at org.postgresql.core.v3.ConnectionFactoryImpl.doAuthentication(ConnectionFactoryImpl.java:698) ~[postgresql-42.7.3.jar:42.7.3]
	at org.postgresql.core.v3.ConnectionFactoryImpl.tryConnect(ConnectionFactoryImpl.java:207) ~[postgresql-42.7.3.jar:42.7.3]
	at org.postgresql.core.v3.ConnectionFactoryImpl.openConnectionImpl(ConnectionFactoryImpl.java:262) ~[postgresql-42.7.3.jar:42.7.3]
	at org.postgresql.core.ConnectionFactory.openConnection(ConnectionFactory.java:54) ~[postgresql-42.7.3.jar:42.7.3]
	at org.postgresql.jdbc.PgConnection.<init>(PgConnection.java:273) ~[postgresql-42.7.3.jar:42.7.3]
	at org.postgresql.Driver.makeConnection(Driver.java:446) ~[postgresql-42.7.3.jar:42.7.3]
	at org.postgresql.Driver.connect(Driver.java:298) ~[postgresql-42.7.3.jar:42.7.3]
	at com.zaxxer.hikari.util.DriverDataSource.getConnection(DriverDataSource.java:137) ~[HikariCP-5.1.0.jar:na]
	at com.zaxxer.hikari.pool.PoolBase.newConnection(PoolBase.java:360) ~[HikariCP-5.1.0.jar:na]
	at com.zaxxer.hikari.pool.PoolBase.newPoolEntry(PoolBase.java:202) ~[HikariCP-5.1.0.jar:na]
	at com.zaxxer.hikari.pool.HikariPool.createPoolEntry(HikariPool.java:461) ~[HikariCP-5.1.0.jar:na]
	at com.zaxxer.hikari.pool.HikariPool.checkFailFast(HikariPool.java:550) ~[HikariCP-5.1.0.jar:na]
	at com.zaxxer.hikari.pool.HikariPool.<init>(HikariPool.java:98) ~[HikariCP-5.1.0.jar:na]
	at com.zaxxer.hikari.HikariDataSource.getConnection(HikariDataSource.java:111) ~[HikariCP-5.1.0.jar:na]
	at org.hibernate.engine.jdbc.connections.internal.DatasourceConnectionProviderImpl.getConnection(DatasourceConnectionProviderImpl.java:126) ~[hibernate-core-6.6.13.Final.jar:6.6.13.Final]
	at org.hibernate.engine.jdbc.env.internal.JdbcEnvironmentInitiator$ConnectionProviderJdbcConnectionAccess.obtainConnection(JdbcEnvironmentInitiator.java:467) ~[hibernate-core-6.6.13.Final.jar:6.6.13.Final]
	at org.hibernate.resource.transaction.backend.jdbc.internal.JdbcIsolationDelegate.delegateWork(JdbcIsolationDelegate.java:61) ~[hibernate-core-6.6.13.Final.jar:6.6.13.Final]
	... 123 common frames omitted

2025-04-27T16:25:05.323+02:00 ERROR 2647 --- [water-data-api] [           main] j.LocalContainerEntityManagerFactoryBean : Failed to initialize JPA EntityManagerFactory: Unable to create requested service [org.hibernate.engine.jdbc.env.spi.JdbcEnvironment] due to: Unable to resolve name [org.hibernate.spatial.dialect.postgis.PostgisDialect] as strategy [org.hibernate.dialect.Dialect]
2025-04-27T16:25:05.324+02:00  WARN 2647 --- [water-data-api] [           main] o.s.w.c.s.GenericWebApplicationContext   : Exception encountered during context initialization - cancelling refresh attempt: org.springframework.beans.factory.BeanCreationException: Error creating bean with name 'entityManagerFactory' defined in class path resource [org/springframework/boot/autoconfigure/orm/jpa/HibernateJpaConfiguration.class]: Unable to create requested service [org.hibernate.engine.jdbc.env.spi.JdbcEnvironment] due to: Unable to resolve name [org.hibernate.spatial.dialect.postgis.PostgisDialect] as strategy [org.hibernate.dialect.Dialect]



============================
CONDITIONS EVALUATION REPORT
============================


Positive matches:
-----------------

   AopAutoConfiguration matched:
      - @ConditionalOnProperty (spring.aop.auto=true) matched (OnPropertyCondition)

   AopAutoConfiguration.AspectJAutoProxyingConfiguration matched:
      - @ConditionalOnClass found required class 'org.aspectj.weaver.Advice' (OnClassCondition)

   AopAutoConfiguration.AspectJAutoProxyingConfiguration.CglibAutoProxyConfiguration matched:
      - @ConditionalOnProperty (spring.aop.proxy-target-class=true) matched (OnPropertyCondition)

   ApplicationAvailabilityAutoConfiguration#applicationAvailability matched:
      - @ConditionalOnMissingBean (types: org.springframework.boot.availability.ApplicationAvailability; SearchStrategy: all) did not find any beans (OnBeanCondition)

   DataSourceAutoConfiguration matched:
      - @ConditionalOnClass found required classes 'javax.sql.DataSource', 'org.springframework.jdbc.datasource.embedded.EmbeddedDatabaseType' (OnClassCondition)
      - @ConditionalOnMissingBean (types: io.r2dbc.spi.ConnectionFactory; SearchStrategy: all) did not find any beans (OnBeanCondition)

   DataSourceAutoConfiguration.PooledDataSourceConfiguration matched:
      - AnyNestedCondition 1 matched 1 did not; NestedCondition on DataSourceAutoConfiguration.PooledDataSourceCondition.PooledDataSourceAvailable PooledDataSource found supported DataSource; NestedCondition on DataSourceAutoConfiguration.PooledDataSourceCondition.ExplicitType @ConditionalOnProperty (spring.datasource.type) did not find property 'type' (DataSourceAutoConfiguration.PooledDataSourceCondition)
      - @ConditionalOnMissingBean (types: javax.sql.DataSource,javax.sql.XADataSource; SearchStrategy: all) did not find any beans (OnBeanCondition)

   DataSourceAutoConfiguration.PooledDataSourceConfiguration#jdbcConnectionDetails matched:
      - @ConditionalOnMissingBean (types: org.springframework.boot.autoconfigure.jdbc.JdbcConnectionDetails; SearchStrategy: all) did not find any beans (OnBeanCondition)

   DataSourceConfiguration.Hikari matched:
      - @ConditionalOnClass found required class 'com.zaxxer.hikari.HikariDataSource' (OnClassCondition)
      - @ConditionalOnProperty (spring.datasource.type=com.zaxxer.hikari.HikariDataSource) matched (OnPropertyCondition)
      - @ConditionalOnMissingBean (types: javax.sql.DataSource; SearchStrategy: all) did not find any beans (OnBeanCondition)

   DataSourceInitializationConfiguration matched:
      - @ConditionalOnClass found required class 'org.springframework.jdbc.datasource.init.DatabasePopulator' (OnClassCondition)
      - @ConditionalOnSingleCandidate (types: javax.sql.DataSource; SearchStrategy: all) found a single bean 'dataSource'; @ConditionalOnMissingBean (types: org.springframework.boot.autoconfigure.sql.init.SqlDataSourceScriptDatabaseInitializer,org.springframework.boot.autoconfigure.sql.init.SqlR2dbcScriptDatabaseInitializer; SearchStrategy: all) did not find any beans (OnBeanCondition)

   DataSourcePoolMetadataProvidersConfiguration.HikariPoolDataSourceMetadataProviderConfiguration matched:
      - @ConditionalOnClass found required class 'com.zaxxer.hikari.HikariDataSource' (OnClassCondition)

   DataSourceTransactionManagerAutoConfiguration matched:
      - @ConditionalOnClass found required classes 'javax.sql.DataSource', 'org.springframework.jdbc.core.JdbcTemplate', 'org.springframework.transaction.TransactionManager' (OnClassCondition)

   DataSourceTransactionManagerAutoConfiguration.JdbcTransactionManagerConfiguration matched:
      - @ConditionalOnSingleCandidate (types: javax.sql.DataSource; SearchStrategy: all) found a single bean 'dataSource' (OnBeanCondition)

   DispatcherServletAutoConfiguration matched:
      - @ConditionalOnClass found required class 'org.springframework.web.servlet.DispatcherServlet' (OnClassCondition)
      - found 'session' scope (OnWebApplicationCondition)

   DispatcherServletAutoConfiguration.DispatcherServletConfiguration matched:
      - @ConditionalOnClass found required class 'jakarta.servlet.ServletRegistration' (OnClassCondition)
      - Default DispatcherServlet did not find dispatcher servlet beans (DispatcherServletAutoConfiguration.DefaultDispatcherServletCondition)

   DispatcherServletAutoConfiguration.DispatcherServletRegistrationConfiguration matched:
      - @ConditionalOnClass found required class 'jakarta.servlet.ServletRegistration' (OnClassCondition)
      - DispatcherServlet Registration did not find servlet registration bean (DispatcherServletAutoConfiguration.DispatcherServletRegistrationCondition)

   DispatcherServletAutoConfiguration.DispatcherServletRegistrationConfiguration#dispatcherServletRegistration matched:
      - @ConditionalOnBean (names: dispatcherServlet types: org.springframework.web.servlet.DispatcherServlet; SearchStrategy: all) found bean 'dispatcherServlet' (OnBeanCondition)

   ErrorMvcAutoConfiguration matched:
      - @ConditionalOnClass found required classes 'jakarta.servlet.Servlet', 'org.springframework.web.servlet.DispatcherServlet' (OnClassCondition)
      - found 'session' scope (OnWebApplicationCondition)

   ErrorMvcAutoConfiguration#basicErrorController matched:
      - @ConditionalOnMissingBean (types: org.springframework.boot.web.servlet.error.ErrorController; SearchStrategy: current) did not find any beans (OnBeanCondition)

   ErrorMvcAutoConfiguration#errorAttributes matched:
      - @ConditionalOnMissingBean (types: org.springframework.boot.web.servlet.error.ErrorAttributes; SearchStrategy: current) did not find any beans (OnBeanCondition)

   ErrorMvcAutoConfiguration.DefaultErrorViewResolverConfiguration#conventionErrorViewResolver matched:
      - @ConditionalOnBean (types: org.springframework.web.servlet.DispatcherServlet; SearchStrategy: all) found bean 'dispatcherServlet'; @ConditionalOnMissingBean (types: org.springframework.boot.autoconfigure.web.servlet.error.ErrorViewResolver; SearchStrategy: all) did not find any beans (OnBeanCondition)

   ErrorMvcAutoConfiguration.WhitelabelErrorViewConfiguration matched:
      - @ConditionalOnProperty (server.error.whitelabel.enabled) matched (OnPropertyCondition)
      - ErrorTemplate Missing did not find error template view (ErrorMvcAutoConfiguration.ErrorTemplateMissingCondition)

   ErrorMvcAutoConfiguration.WhitelabelErrorViewConfiguration#beanNameViewResolver matched:
      - @ConditionalOnMissingBean (types: org.springframework.web.servlet.view.BeanNameViewResolver; SearchStrategy: all) did not find any beans (OnBeanCondition)

   ErrorMvcAutoConfiguration.WhitelabelErrorViewConfiguration#defaultErrorView matched:
      - @ConditionalOnMissingBean (names: error; SearchStrategy: all) did not find any beans (OnBeanCondition)

   GenericCacheConfiguration matched:
      - Cache org.springframework.boot.autoconfigure.cache.GenericCacheConfiguration automatic cache type (CacheCondition)

   HibernateJpaAutoConfiguration matched:
      - @ConditionalOnClass found required classes 'org.springframework.orm.jpa.LocalContainerEntityManagerFactoryBean', 'jakarta.persistence.EntityManager', 'org.hibernate.engine.spi.SessionImplementor' (OnClassCondition)

   HibernateJpaConfiguration matched:
      - @ConditionalOnSingleCandidate (types: javax.sql.DataSource; SearchStrategy: all) found a single bean 'dataSource' (OnBeanCondition)

   HttpClientAutoConfiguration matched:
      - @ConditionalOnClass found required class 'org.springframework.http.client.ClientHttpRequestFactory' (OnClassCondition)
      - NoneNestedConditions 0 matched 1 did not; NestedCondition on NotReactiveWebApplicationCondition.ReactiveWebApplication did not find reactive web application classes (NotReactiveWebApplicationCondition)

   HttpClientAutoConfiguration#clientHttpRequestFactoryBuilder matched:
      - @ConditionalOnMissingBean (types: org.springframework.boot.http.client.ClientHttpRequestFactoryBuilder; SearchStrategy: all) did not find any beans (OnBeanCondition)

   HttpClientAutoConfiguration#clientHttpRequestFactorySettings matched:
      - @ConditionalOnMissingBean (types: org.springframework.boot.http.client.ClientHttpRequestFactorySettings; SearchStrategy: all) did not find any beans (OnBeanCondition)

   HttpEncodingAutoConfiguration matched:
      - @ConditionalOnClass found required class 'org.springframework.web.filter.CharacterEncodingFilter' (OnClassCondition)
      - found 'session' scope (OnWebApplicationCondition)
      - @ConditionalOnProperty (server.servlet.encoding.enabled) matched (OnPropertyCondition)

   HttpEncodingAutoConfiguration#characterEncodingFilter matched:
      - @ConditionalOnMissingBean (types: org.springframework.web.filter.CharacterEncodingFilter; SearchStrategy: all) did not find any beans (OnBeanCondition)

   HttpMessageConvertersAutoConfiguration matched:
      - @ConditionalOnClass found required class 'org.springframework.http.converter.HttpMessageConverter' (OnClassCondition)
      - NoneNestedConditions 0 matched 1 did not; NestedCondition on HttpMessageConvertersAutoConfiguration.NotReactiveWebApplicationCondition.ReactiveWebApplication did not find reactive web application classes (HttpMessageConvertersAutoConfiguration.NotReactiveWebApplicationCondition)

   HttpMessageConvertersAutoConfiguration#messageConverters matched:
      - @ConditionalOnMissingBean (types: org.springframework.boot.autoconfigure.http.HttpMessageConverters; SearchStrategy: all) did not find any beans (OnBeanCondition)

   HttpMessageConvertersAutoConfiguration.StringHttpMessageConverterConfiguration matched:
      - @ConditionalOnClass found required class 'org.springframework.http.converter.StringHttpMessageConverter' (OnClassCondition)

   HttpMessageConvertersAutoConfiguration.StringHttpMessageConverterConfiguration#stringHttpMessageConverter matched:
      - @ConditionalOnMissingBean (types: org.springframework.http.converter.StringHttpMessageConverter; SearchStrategy: all) did not find any beans (OnBeanCondition)

   JacksonAutoConfiguration matched:
      - @ConditionalOnClass found required class 'com.fasterxml.jackson.databind.ObjectMapper' (OnClassCondition)

   JacksonAutoConfiguration.Jackson2ObjectMapperBuilderCustomizerConfiguration matched:
      - @ConditionalOnClass found required class 'org.springframework.http.converter.json.Jackson2ObjectMapperBuilder' (OnClassCondition)

   JacksonAutoConfiguration.JacksonObjectMapperBuilderConfiguration matched:
      - @ConditionalOnClass found required class 'org.springframework.http.converter.json.Jackson2ObjectMapperBuilder' (OnClassCondition)

   JacksonAutoConfiguration.JacksonObjectMapperBuilderConfiguration#jacksonObjectMapperBuilder matched:
      - @ConditionalOnMissingBean (types: org.springframework.http.converter.json.Jackson2ObjectMapperBuilder; SearchStrategy: all) did not find any beans (OnBeanCondition)

   JacksonAutoConfiguration.JacksonObjectMapperConfiguration matched:
      - @ConditionalOnClass found required class 'org.springframework.http.converter.json.Jackson2ObjectMapperBuilder' (OnClassCondition)

   JacksonAutoConfiguration.JacksonObjectMapperConfiguration#jacksonObjectMapper matched:
      - @ConditionalOnMissingBean (types: com.fasterxml.jackson.databind.ObjectMapper; SearchStrategy: all) did not find any beans (OnBeanCondition)

   JacksonAutoConfiguration.ParameterNamesModuleConfiguration matched:
      - @ConditionalOnClass found required class 'com.fasterxml.jackson.module.paramnames.ParameterNamesModule' (OnClassCondition)

   JacksonAutoConfiguration.ParameterNamesModuleConfiguration#parameterNamesModule matched:
      - @ConditionalOnMissingBean (types: com.fasterxml.jackson.module.paramnames.ParameterNamesModule; SearchStrategy: all) did not find any beans (OnBeanCondition)

   JacksonHttpMessageConvertersConfiguration.MappingJackson2HttpMessageConverterConfiguration matched:
      - @ConditionalOnClass found required class 'com.fasterxml.jackson.databind.ObjectMapper' (OnClassCondition)
      - @ConditionalOnProperty (spring.mvc.converters.preferred-json-mapper=jackson) matched (OnPropertyCondition)
      - @ConditionalOnBean (types: com.fasterxml.jackson.databind.ObjectMapper; SearchStrategy: all) found bean 'jacksonObjectMapper' (OnBeanCondition)

   JacksonHttpMessageConvertersConfiguration.MappingJackson2HttpMessageConverterConfiguration#mappingJackson2HttpMessageConverter matched:
      - @ConditionalOnMissingBean (types: org.springframework.http.converter.json.MappingJackson2HttpMessageConverter ignored: org.springframework.hateoas.server.mvc.TypeConstrainedMappingJackson2HttpMessageConverter,org.springframework.data.rest.webmvc.alps.AlpsJsonHttpMessageConverter; SearchStrategy: all) did not find any beans (OnBeanCondition)

   JdbcClientAutoConfiguration matched:
      - @ConditionalOnSingleCandidate (types: org.springframework.jdbc.core.namedparam.NamedParameterJdbcTemplate; SearchStrategy: all) found a single bean 'namedParameterJdbcTemplate'; @ConditionalOnMissingBean (types: org.springframework.jdbc.core.simple.JdbcClient; SearchStrategy: all) did not find any beans (OnBeanCondition)

   JdbcTemplateAutoConfiguration matched:
      - @ConditionalOnClass found required classes 'javax.sql.DataSource', 'org.springframework.jdbc.core.JdbcTemplate' (OnClassCondition)
      - @ConditionalOnSingleCandidate (types: javax.sql.DataSource; SearchStrategy: all) found a single bean 'dataSource' (OnBeanCondition)

   JdbcTemplateConfiguration matched:
      - @ConditionalOnMissingBean (types: org.springframework.jdbc.core.JdbcOperations; SearchStrategy: all) did not find any beans (OnBeanCondition)

   JpaBaseConfiguration#entityManagerFactory matched:
      - @ConditionalOnMissingBean (types: org.springframework.orm.jpa.LocalContainerEntityManagerFactoryBean,jakarta.persistence.EntityManagerFactory; SearchStrategy: all) did not find any beans (OnBeanCondition)

   JpaBaseConfiguration#entityManagerFactoryBuilder matched:
      - @ConditionalOnMissingBean (types: org.springframework.boot.orm.jpa.EntityManagerFactoryBuilder; SearchStrategy: all) did not find any beans (OnBeanCondition)

   JpaBaseConfiguration#jpaVendorAdapter matched:
      - @ConditionalOnMissingBean (types: org.springframework.orm.jpa.JpaVendorAdapter; SearchStrategy: all) did not find any beans (OnBeanCondition)

   JpaBaseConfiguration#transactionManager matched:
      - @ConditionalOnMissingBean (types: org.springframework.transaction.TransactionManager; SearchStrategy: all) did not find any beans (OnBeanCondition)

   JpaBaseConfiguration.JpaWebConfiguration matched:
      - @ConditionalOnClass found required class 'org.springframework.web.servlet.config.annotation.WebMvcConfigurer' (OnClassCondition)
      - found 'session' scope (OnWebApplicationCondition)
      - @ConditionalOnProperty (spring.jpa.open-in-view=true) matched (OnPropertyCondition)
      - @ConditionalOnMissingBean (types: org.springframework.orm.jpa.support.OpenEntityManagerInViewInterceptor,org.springframework.orm.jpa.support.OpenEntityManagerInViewFilter; SearchStrategy: all) did not find any beans (OnBeanCondition)

   JpaBaseConfiguration.PersistenceManagedTypesConfiguration matched:
      - @ConditionalOnMissingBean (types: org.springframework.orm.jpa.LocalContainerEntityManagerFactoryBean,jakarta.persistence.EntityManagerFactory; SearchStrategy: all) did not find any beans (OnBeanCondition)

   JpaBaseConfiguration.PersistenceManagedTypesConfiguration#persistenceManagedTypes matched:
      - @ConditionalOnMissingBean (types: org.springframework.orm.jpa.persistenceunit.PersistenceManagedTypes; SearchStrategy: all) did not find any beans (OnBeanCondition)

   JpaRepositoriesAutoConfiguration matched:
      - @ConditionalOnClass found required class 'org.springframework.data.jpa.repository.JpaRepository' (OnClassCondition)
      - @ConditionalOnProperty (spring.data.jpa.repositories.enabled=true) matched (OnPropertyCondition)
      - @ConditionalOnBean (types: javax.sql.DataSource; SearchStrategy: all) found bean 'dataSource'; @ConditionalOnMissingBean (types: org.springframework.data.jpa.repository.support.JpaRepositoryFactoryBean,org.springframework.data.jpa.repository.config.JpaRepositoryConfigExtension; SearchStrategy: all) did not find any beans (OnBeanCondition)

   JtaAutoConfiguration matched:
      - @ConditionalOnClass found required class 'jakarta.transaction.Transaction' (OnClassCondition)
      - @ConditionalOnProperty (spring.jta.enabled) matched (OnPropertyCondition)

   LifecycleAutoConfiguration#defaultLifecycleProcessor matched:
      - @ConditionalOnMissingBean (names: lifecycleProcessor; SearchStrategy: current) did not find any beans (OnBeanCondition)

   MultipartAutoConfiguration matched:
      - @ConditionalOnClass found required classes 'jakarta.servlet.Servlet', 'org.springframework.web.multipart.support.StandardServletMultipartResolver', 'jakarta.servlet.MultipartConfigElement' (OnClassCondition)
      - found 'session' scope (OnWebApplicationCondition)
      - @ConditionalOnProperty (spring.servlet.multipart.enabled) matched (OnPropertyCondition)

   MultipartAutoConfiguration#multipartConfigElement matched:
      - @ConditionalOnMissingBean (types: jakarta.servlet.MultipartConfigElement; SearchStrategy: all) did not find any beans (OnBeanCondition)

   MultipartAutoConfiguration#multipartResolver matched:
      - @ConditionalOnMissingBean (types: org.springframework.web.multipart.MultipartResolver; SearchStrategy: all) did not find any beans (OnBeanCondition)

   NamedParameterJdbcTemplateConfiguration matched:
      - @ConditionalOnSingleCandidate (types: org.springframework.jdbc.core.JdbcTemplate; SearchStrategy: all) found a single bean 'jdbcTemplate'; @ConditionalOnMissingBean (types: org.springframework.jdbc.core.namedparam.NamedParameterJdbcOperations; SearchStrategy: all) did not find any beans (OnBeanCondition)

   NoOpCacheConfiguration matched:
      - Cache org.springframework.boot.autoconfigure.cache.NoOpCacheConfiguration automatic cache type (CacheCondition)

   PersistenceExceptionTranslationAutoConfiguration matched:
      - @ConditionalOnClass found required class 'org.springframework.dao.annotation.PersistenceExceptionTranslationPostProcessor' (OnClassCondition)

   PersistenceExceptionTranslationAutoConfiguration#persistenceExceptionTranslationPostProcessor matched:
      - @ConditionalOnProperty (spring.dao.exceptiontranslation.enabled) matched (OnPropertyCondition)
      - @ConditionalOnMissingBean (types: org.springframework.dao.annotation.PersistenceExceptionTranslationPostProcessor; SearchStrategy: all) did not find any beans (OnBeanCondition)

   PropertyPlaceholderAutoConfiguration#propertySourcesPlaceholderConfigurer matched:
      - @ConditionalOnMissingBean (types: org.springframework.context.support.PropertySourcesPlaceholderConfigurer; SearchStrategy: current) did not find any beans (OnBeanCondition)

   RestClientAutoConfiguration matched:
      - @ConditionalOnClass found required class 'org.springframework.web.client.RestClient' (OnClassCondition)
      - NoneNestedConditions 0 matched 1 did not; NestedCondition on NotReactiveWebApplicationCondition.ReactiveWebApplication did not find reactive web application classes (NotReactiveWebApplicationCondition)

   RestClientAutoConfiguration#httpMessageConvertersRestClientCustomizer matched:
      - @ConditionalOnMissingBean (types: org.springframework.boot.autoconfigure.web.client.HttpMessageConvertersRestClientCustomizer; SearchStrategy: all) did not find any beans (OnBeanCondition)

   RestClientAutoConfiguration#restClientBuilder matched:
      - @ConditionalOnMissingBean (types: org.springframework.web.client.RestClient$Builder; SearchStrategy: all) did not find any beans (OnBeanCondition)

   RestClientAutoConfiguration#restClientBuilderConfigurer matched:
      - @ConditionalOnMissingBean (types: org.springframework.boot.autoconfigure.web.client.RestClientBuilderConfigurer; SearchStrategy: all) did not find any beans (OnBeanCondition)

   RestClientAutoConfiguration#restClientSsl matched:
      - @ConditionalOnBean (types: org.springframework.boot.ssl.SslBundles; SearchStrategy: all) found bean 'sslBundleRegistry'; @ConditionalOnMissingBean (types: org.springframework.boot.autoconfigure.web.client.RestClientSsl; SearchStrategy: all) did not find any beans (OnBeanCondition)

   RestTemplateAutoConfiguration matched:
      - @ConditionalOnClass found required class 'org.springframework.web.client.RestTemplate' (OnClassCondition)
      - NoneNestedConditions 0 matched 1 did not; NestedCondition on NotReactiveWebApplicationCondition.ReactiveWebApplication did not find reactive web application classes (NotReactiveWebApplicationCondition)

   RestTemplateAutoConfiguration#restTemplateBuilder matched:
      - @ConditionalOnMissingBean (types: org.springframework.boot.web.client.RestTemplateBuilder; SearchStrategy: all) did not find any beans (OnBeanCondition)

   ServletWebServerFactoryAutoConfiguration matched:
      - @ConditionalOnClass found required class 'jakarta.servlet.ServletRequest' (OnClassCondition)
      - found 'session' scope (OnWebApplicationCondition)

   ServletWebServerFactoryAutoConfiguration#tomcatServletWebServerFactoryCustomizer matched:
      - @ConditionalOnClass found required class 'org.apache.catalina.startup.Tomcat' (OnClassCondition)

   ServletWebServerFactoryConfiguration.EmbeddedTomcat matched:
      - @ConditionalOnClass found required classes 'jakarta.servlet.Servlet', 'org.apache.catalina.startup.Tomcat', 'org.apache.coyote.UpgradeProtocol' (OnClassCondition)
      - @ConditionalOnMissingBean (types: org.springframework.boot.web.servlet.server.ServletWebServerFactory; SearchStrategy: current) did not find any beans (OnBeanCondition)

   SimpleCacheConfiguration matched:
      - Cache org.springframework.boot.autoconfigure.cache.SimpleCacheConfiguration automatic cache type (CacheCondition)

   SpringDataWebAutoConfiguration matched:
      - @ConditionalOnClass found required classes 'org.springframework.data.web.PageableHandlerMethodArgumentResolver', 'org.springframework.web.servlet.config.annotation.WebMvcConfigurer' (OnClassCondition)
      - found 'session' scope (OnWebApplicationCondition)
      - @ConditionalOnMissingBean (types: org.springframework.data.web.PageableHandlerMethodArgumentResolver; SearchStrategy: all) did not find any beans (OnBeanCondition)

   SpringDataWebAutoConfiguration#pageableCustomizer matched:
      - @ConditionalOnMissingBean (types: org.springframework.data.web.config.PageableHandlerMethodArgumentResolverCustomizer; SearchStrategy: all) did not find any beans (OnBeanCondition)

   SpringDataWebAutoConfiguration#sortCustomizer matched:
      - @ConditionalOnMissingBean (types: org.springframework.data.web.config.SortHandlerMethodArgumentResolverCustomizer; SearchStrategy: all) did not find any beans (OnBeanCondition)

   SpringDataWebAutoConfiguration#springDataWebSettings matched:
      - @ConditionalOnMissingBean (types: org.springframework.data.web.config.SpringDataWebSettings; SearchStrategy: all) did not find any beans (OnBeanCondition)

   SqlInitializationAutoConfiguration matched:
      - @ConditionalOnProperty (spring.sql.init.enabled) matched (OnPropertyCondition)
      - NoneNestedConditions 0 matched 1 did not; NestedCondition on SqlInitializationAutoConfiguration.SqlInitializationModeCondition.ModeIsNever @ConditionalOnProperty (spring.sql.init.mode=never) did not find property 'mode' (SqlInitializationAutoConfiguration.SqlInitializationModeCondition)

   SslAutoConfiguration#sslBundleRegistry matched:
      - @ConditionalOnMissingBean (types: org.springframework.boot.ssl.SslBundleRegistry,org.springframework.boot.ssl.SslBundles; SearchStrategy: all) did not find any beans (OnBeanCondition)

   TaskExecutionAutoConfiguration matched:
      - @ConditionalOnClass found required class 'org.springframework.scheduling.concurrent.ThreadPoolTaskExecutor' (OnClassCondition)

   TaskExecutorConfigurations.SimpleAsyncTaskExecutorBuilderConfiguration#simpleAsyncTaskExecutorBuilder matched:
      - @ConditionalOnMissingBean (types: org.springframework.boot.task.SimpleAsyncTaskExecutorBuilder; SearchStrategy: all) did not find any beans (OnBeanCondition)
      - @ConditionalOnThreading found PLATFORM (OnThreadingCondition)

   TaskExecutorConfigurations.TaskExecutorConfiguration matched:
      - @ConditionalOnMissingBean (types: java.util.concurrent.Executor; SearchStrategy: all) did not find any beans (OnBeanCondition)

   TaskExecutorConfigurations.TaskExecutorConfiguration#applicationTaskExecutor matched:
      - @ConditionalOnThreading found PLATFORM (OnThreadingCondition)

   TaskExecutorConfigurations.ThreadPoolTaskExecutorBuilderConfiguration#threadPoolTaskExecutorBuilder matched:
      - @ConditionalOnMissingBean (types: org.springframework.boot.task.ThreadPoolTaskExecutorBuilder; SearchStrategy: all) did not find any beans (OnBeanCondition)

   TaskSchedulingAutoConfiguration matched:
      - @ConditionalOnClass found required class 'org.springframework.scheduling.concurrent.ThreadPoolTaskScheduler' (OnClassCondition)

   TaskSchedulingConfigurations.SimpleAsyncTaskSchedulerBuilderConfiguration#simpleAsyncTaskSchedulerBuilder matched:
      - @ConditionalOnMissingBean (types: org.springframework.boot.task.SimpleAsyncTaskSchedulerBuilder; SearchStrategy: all) did not find any beans (OnBeanCondition)
      - @ConditionalOnThreading found PLATFORM (OnThreadingCondition)

   TaskSchedulingConfigurations.ThreadPoolTaskSchedulerBuilderConfiguration#threadPoolTaskSchedulerBuilder matched:
      - @ConditionalOnMissingBean (types: org.springframework.boot.task.ThreadPoolTaskSchedulerBuilder; SearchStrategy: all) did not find any beans (OnBeanCondition)

   TransactionAutoConfiguration matched:
      - @ConditionalOnClass found required class 'org.springframework.transaction.PlatformTransactionManager' (OnClassCondition)

   TransactionAutoConfiguration.EnableTransactionManagementConfiguration matched:
      - @ConditionalOnBean (types: org.springframework.transaction.TransactionManager; SearchStrategy: all) found bean 'transactionManager'; @ConditionalOnMissingBean (types: org.springframework.transaction.annotation.AbstractTransactionManagementConfiguration; SearchStrategy: all) did not find any beans (OnBeanCondition)

   TransactionAutoConfiguration.EnableTransactionManagementConfiguration.CglibAutoProxyConfiguration matched:
      - @ConditionalOnProperty (spring.aop.proxy-target-class=true) matched (OnPropertyCondition)

   TransactionAutoConfiguration.TransactionTemplateConfiguration matched:
      - @ConditionalOnSingleCandidate (types: org.springframework.transaction.PlatformTransactionManager; SearchStrategy: all) found a single bean 'transactionManager' (OnBeanCondition)

   TransactionAutoConfiguration.TransactionTemplateConfiguration#transactionTemplate matched:
      - @ConditionalOnMissingBean (types: org.springframework.transaction.support.TransactionOperations; SearchStrategy: all) did not find any beans (OnBeanCondition)

   TransactionManagerCustomizationAutoConfiguration matched:
      - @ConditionalOnClass found required class 'org.springframework.transaction.PlatformTransactionManager' (OnClassCondition)

   TransactionManagerCustomizationAutoConfiguration#platformTransactionManagerCustomizers matched:
      - @ConditionalOnMissingBean (types: org.springframework.boot.autoconfigure.transaction.TransactionManagerCustomizers; SearchStrategy: all) did not find any beans (OnBeanCondition)

   WebMvcAutoConfiguration matched:
      - @ConditionalOnClass found required classes 'jakarta.servlet.Servlet', 'org.springframework.web.servlet.DispatcherServlet', 'org.springframework.web.servlet.config.annotation.WebMvcConfigurer' (OnClassCondition)
      - found 'session' scope (OnWebApplicationCondition)
      - @ConditionalOnMissingBean (types: org.springframework.web.servlet.config.annotation.WebMvcConfigurationSupport; SearchStrategy: all) did not find any beans (OnBeanCondition)

   WebMvcAutoConfiguration#formContentFilter matched:
      - @ConditionalOnProperty (spring.mvc.formcontent.filter.enabled) matched (OnPropertyCondition)
      - @ConditionalOnMissingBean (types: org.springframework.web.filter.FormContentFilter; SearchStrategy: all) did not find any beans (OnBeanCondition)

   WebMvcAutoConfiguration.EnableWebMvcConfiguration#flashMapManager matched:
      - @ConditionalOnMissingBean (names: flashMapManager; SearchStrategy: all) did not find any beans (OnBeanCondition)

   WebMvcAutoConfiguration.EnableWebMvcConfiguration#localeResolver matched:
      - @ConditionalOnMissingBean (names: localeResolver; SearchStrategy: all) did not find any beans (OnBeanCondition)

   WebMvcAutoConfiguration.EnableWebMvcConfiguration#themeResolver matched:
      - @ConditionalOnMissingBean (names: themeResolver; SearchStrategy: all) did not find any beans (OnBeanCondition)

   WebMvcAutoConfiguration.EnableWebMvcConfiguration#viewNameTranslator matched:
      - @ConditionalOnMissingBean (names: viewNameTranslator; SearchStrategy: all) did not find any beans (OnBeanCondition)

   WebMvcAutoConfiguration.WebMvcAutoConfigurationAdapter#defaultViewResolver matched:
      - @ConditionalOnMissingBean (types: org.springframework.web.servlet.view.InternalResourceViewResolver; SearchStrategy: all) did not find any beans (OnBeanCondition)

   WebMvcAutoConfiguration.WebMvcAutoConfigurationAdapter#requestContextFilter matched:
      - @ConditionalOnMissingBean (types: org.springframework.web.context.request.RequestContextListener,org.springframework.web.filter.RequestContextFilter; SearchStrategy: all) did not find any beans (OnBeanCondition)

   WebMvcAutoConfiguration.WebMvcAutoConfigurationAdapter#viewResolver matched:
      - @ConditionalOnBean (types: org.springframework.web.servlet.ViewResolver; SearchStrategy: all) found beans 'defaultViewResolver', 'beanNameViewResolver', 'mvcViewResolver'; @ConditionalOnMissingBean (names: viewResolver types: org.springframework.web.servlet.view.ContentNegotiatingViewResolver; SearchStrategy: all) did not find any beans (OnBeanCondition)

   WebSocketServletAutoConfiguration matched:
      - @ConditionalOnClass found required classes 'jakarta.servlet.Servlet', 'jakarta.websocket.server.ServerContainer' (OnClassCondition)
      - found 'session' scope (OnWebApplicationCondition)

   WebSocketServletAutoConfiguration.TomcatWebSocketConfiguration matched:
      - @ConditionalOnClass found required classes 'org.apache.catalina.startup.Tomcat', 'org.apache.tomcat.websocket.server.WsSci' (OnClassCondition)

   WebSocketServletAutoConfiguration.TomcatWebSocketConfiguration#websocketServletWebServerCustomizer matched:
      - @ConditionalOnMissingBean (names: websocketServletWebServerCustomizer; SearchStrategy: all) did not find any beans (OnBeanCondition)


Negative matches:
-----------------

   ActiveMQAutoConfiguration:
      Did not match:
         - @ConditionalOnClass did not find required class 'jakarta.jms.ConnectionFactory' (OnClassCondition)

   AopAutoConfiguration.AspectJAutoProxyingConfiguration.JdkDynamicAutoProxyConfiguration:
      Did not match:
         - @ConditionalOnProperty (spring.aop.proxy-target-class=false) did not find property 'proxy-target-class' (OnPropertyCondition)

   AopAutoConfiguration.ClassProxyingConfiguration:
      Did not match:
         - @ConditionalOnMissingClass found unwanted class 'org.aspectj.weaver.Advice' (OnClassCondition)

   ArtemisAutoConfiguration:
      Did not match:
         - @ConditionalOnClass did not find required class 'jakarta.jms.ConnectionFactory' (OnClassCondition)

   BatchAutoConfiguration:
      Did not match:
         - @ConditionalOnClass did not find required class 'org.springframework.batch.core.launch.JobLauncher' (OnClassCondition)

   Cache2kCacheConfiguration:
      Did not match:
         - @ConditionalOnClass did not find required class 'org.cache2k.Cache2kBuilder' (OnClassCondition)

   CacheAutoConfiguration:
      Did not match:
         - @ConditionalOnBean (types: org.springframework.cache.interceptor.CacheAspectSupport; SearchStrategy: all) did not find any beans of type org.springframework.cache.interceptor.CacheAspectSupport (OnBeanCondition)
      Matched:
         - @ConditionalOnClass found required class 'org.springframework.cache.CacheManager' (OnClassCondition)

   CacheAutoConfiguration.CacheManagerEntityManagerFactoryDependsOnPostProcessor:
      Did not match:
         - Ancestor org.springframework.boot.autoconfigure.cache.CacheAutoConfiguration did not match (ConditionEvaluationReport.AncestorsMatchedCondition)
      Matched:
         - @ConditionalOnClass found required class 'org.springframework.orm.jpa.LocalContainerEntityManagerFactoryBean' (OnClassCondition)

   CaffeineCacheConfiguration:
      Did not match:
         - @ConditionalOnClass did not find required class 'com.github.benmanes.caffeine.cache.Caffeine' (OnClassCondition)

   CassandraAutoConfiguration:
      Did not match:
         - @ConditionalOnClass did not find required class 'com.datastax.oss.driver.api.core.CqlSession' (OnClassCondition)

   CassandraDataAutoConfiguration:
      Did not match:
         - @ConditionalOnClass did not find required class 'com.datastax.oss.driver.api.core.CqlSession' (OnClassCondition)

   CassandraReactiveDataAutoConfiguration:
      Did not match:
         - @ConditionalOnClass did not find required class 'com.datastax.oss.driver.api.core.CqlSession' (OnClassCondition)

   CassandraReactiveRepositoriesAutoConfiguration:
      Did not match:
         - @ConditionalOnClass did not find required class 'org.springframework.data.cassandra.ReactiveSession' (OnClassCondition)

   CassandraRepositoriesAutoConfiguration:
      Did not match:
         - @ConditionalOnClass did not find required class 'com.datastax.oss.driver.api.core.CqlSession' (OnClassCondition)

   ClientHttpConnectorAutoConfiguration:
      Did not match:
         - @ConditionalOnClass did not find required class 'org.springframework.web.reactive.function.client.WebClient' (OnClassCondition)

   CodecsAutoConfiguration:
      Did not match:
         - @ConditionalOnClass did not find required class 'org.springframework.web.reactive.function.client.WebClient' (OnClassCondition)

   CouchbaseAutoConfiguration:
      Did not match:
         - @ConditionalOnClass did not find required class 'com.couchbase.client.java.Cluster' (OnClassCondition)

   CouchbaseCacheConfiguration:
      Did not match:
         - @ConditionalOnClass did not find required class 'com.couchbase.client.java.Cluster' (OnClassCondition)

   CouchbaseDataAutoConfiguration:
      Did not match:
         - @ConditionalOnClass did not find required class 'com.couchbase.client.java.Bucket' (OnClassCondition)

   CouchbaseReactiveDataAutoConfiguration:
      Did not match:
         - @ConditionalOnClass did not find required class 'com.couchbase.client.java.Cluster' (OnClassCondition)

   CouchbaseReactiveRepositoriesAutoConfiguration:
      Did not match:
         - @ConditionalOnClass did not find required class 'com.couchbase.client.java.Cluster' (OnClassCondition)

   CouchbaseRepositoriesAutoConfiguration:
      Did not match:
         - @ConditionalOnClass did not find required class 'com.couchbase.client.java.Bucket' (OnClassCondition)

   DataSourceAutoConfiguration.EmbeddedDatabaseConfiguration:
      Did not match:
         - EmbeddedDataSource spring.datasource.url is set (DataSourceAutoConfiguration.EmbeddedDatabaseCondition)

   DataSourceCheckpointRestoreConfiguration:
      Did not match:
         - @ConditionalOnClass did not find required class 'org.crac.Resource' (OnClassCondition)

   DataSourceConfiguration.Dbcp2:
      Did not match:
         - @ConditionalOnClass did not find required class 'org.apache.commons.dbcp2.BasicDataSource' (OnClassCondition)

   DataSourceConfiguration.Generic:
      Did not match:
         - @ConditionalOnProperty (spring.datasource.type) did not find property 'spring.datasource.type' (OnPropertyCondition)

   DataSourceConfiguration.OracleUcp:
      Did not match:
         - @ConditionalOnClass did not find required classes 'oracle.ucp.jdbc.PoolDataSourceImpl', 'oracle.jdbc.OracleConnection' (OnClassCondition)

   DataSourceConfiguration.Tomcat:
      Did not match:
         - @ConditionalOnClass did not find required class 'org.apache.tomcat.jdbc.pool.DataSource' (OnClassCondition)

   DataSourceJmxConfiguration:
      Did not match:
         - @ConditionalOnProperty (spring.jmx.enabled=true) found different value in property 'enabled' (OnPropertyCondition)

   DataSourcePoolMetadataProvidersConfiguration.CommonsDbcp2PoolDataSourceMetadataProviderConfiguration:
      Did not match:
         - @ConditionalOnClass did not find required class 'org.apache.commons.dbcp2.BasicDataSource' (OnClassCondition)

   DataSourcePoolMetadataProvidersConfiguration.OracleUcpPoolDataSourceMetadataProviderConfiguration:
      Did not match:
         - @ConditionalOnClass did not find required classes 'oracle.ucp.jdbc.PoolDataSource', 'oracle.jdbc.OracleConnection' (OnClassCondition)

   DataSourcePoolMetadataProvidersConfiguration.TomcatDataSourcePoolMetadataProviderConfiguration:
      Did not match:
         - @ConditionalOnClass did not find required class 'org.apache.tomcat.jdbc.pool.DataSource' (OnClassCondition)

   DataSourceTransactionManagerAutoConfiguration.JdbcTransactionManagerConfiguration#transactionManager:
      Did not match:
         - @ConditionalOnMissingBean (types: org.springframework.transaction.TransactionManager; SearchStrategy: all) found beans of type 'org.springframework.transaction.TransactionManager' transactionManager (OnBeanCondition)

   DispatcherServletAutoConfiguration.DispatcherServletConfiguration#multipartResolver:
      Did not match:
         - @ConditionalOnBean (types: org.springframework.web.multipart.MultipartResolver; SearchStrategy: all) did not find any beans of type org.springframework.web.multipart.MultipartResolver (OnBeanCondition)

   ElasticsearchClientAutoConfiguration:
      Did not match:
         - @ConditionalOnClass did not find required class 'co.elastic.clients.elasticsearch.ElasticsearchClient' (OnClassCondition)

   ElasticsearchDataAutoConfiguration:
      Did not match:
         - @ConditionalOnClass did not find required class 'org.springframework.data.elasticsearch.client.elc.ElasticsearchTemplate' (OnClassCondition)

   ElasticsearchRepositoriesAutoConfiguration:
      Did not match:
         - @ConditionalOnClass did not find required class 'org.springframework.data.elasticsearch.repository.ElasticsearchRepository' (OnClassCondition)

   ElasticsearchRestClientAutoConfiguration:
      Did not match:
         - @ConditionalOnClass did not find required class 'org.elasticsearch.client.RestClientBuilder' (OnClassCondition)

   EmbeddedLdapAutoConfiguration:
      Did not match:
         - @ConditionalOnClass did not find required class 'com.unboundid.ldap.listener.InMemoryDirectoryServer' (OnClassCondition)

   EmbeddedWebServerFactoryCustomizerAutoConfiguration:
      Did not match:
         - Application is deployed as a WAR file. (OnWarDeploymentCondition)
      Matched:
         - @ConditionalOnWebApplication (required) found 'session' scope (OnWebApplicationCondition)

   ErrorWebFluxAutoConfiguration:
      Did not match:
         - @ConditionalOnClass did not find required class 'org.springframework.web.reactive.config.WebFluxConfigurer' (OnClassCondition)

   FlywayAutoConfiguration:
      Did not match:
         - @ConditionalOnClass did not find required class 'org.flywaydb.core.Flyway' (OnClassCondition)

   FreeMarkerAutoConfiguration:
      Did not match:
         - @ConditionalOnClass did not find required class 'freemarker.template.Configuration' (OnClassCondition)

   GraphQlAutoConfiguration:
      Did not match:
         - @ConditionalOnClass did not find required class 'graphql.GraphQL' (OnClassCondition)

   GraphQlQueryByExampleAutoConfiguration:
      Did not match:
         - @ConditionalOnClass did not find required class 'graphql.GraphQL' (OnClassCondition)

   GraphQlQuerydslAutoConfiguration:
      Did not match:
         - @ConditionalOnClass did not find required class 'com.querydsl.core.Query' (OnClassCondition)

   GraphQlRSocketAutoConfiguration:
      Did not match:
         - @ConditionalOnClass did not find required class 'graphql.GraphQL' (OnClassCondition)

   GraphQlReactiveQueryByExampleAutoConfiguration:
      Did not match:
         - @ConditionalOnClass did not find required class 'graphql.GraphQL' (OnClassCondition)

   GraphQlReactiveQuerydslAutoConfiguration:
      Did not match:
         - @ConditionalOnClass did not find required class 'com.querydsl.core.Query' (OnClassCondition)

   GraphQlWebFluxAutoConfiguration:
      Did not match:
         - @ConditionalOnClass did not find required class 'graphql.GraphQL' (OnClassCondition)

   GraphQlWebFluxSecurityAutoConfiguration:
      Did not match:
         - @ConditionalOnClass did not find required class 'graphql.GraphQL' (OnClassCondition)

   GraphQlWebMvcAutoConfiguration:
      Did not match:
         - @ConditionalOnClass did not find required class 'graphql.GraphQL' (OnClassCondition)

   GraphQlWebMvcSecurityAutoConfiguration:
      Did not match:
         - @ConditionalOnClass did not find required class 'graphql.GraphQL' (OnClassCondition)

   GroovyTemplateAutoConfiguration:
      Did not match:
         - @ConditionalOnClass did not find required class 'groovy.text.markup.MarkupTemplateEngine' (OnClassCondition)

   GsonAutoConfiguration:
      Did not match:
         - @ConditionalOnClass did not find required class 'com.google.gson.Gson' (OnClassCondition)

   GsonHttpMessageConvertersConfiguration:
      Did not match:
         - @ConditionalOnClass did not find required class 'com.google.gson.Gson' (OnClassCondition)

   H2ConsoleAutoConfiguration:
      Did not match:
         - @ConditionalOnClass did not find required class 'org.h2.server.web.JakartaWebServlet' (OnClassCondition)

   HazelcastAutoConfiguration:
      Did not match:
         - @ConditionalOnClass did not find required class 'com.hazelcast.core.HazelcastInstance' (OnClassCondition)

   HazelcastCacheConfiguration:
      Did not match:
         - @ConditionalOnClass did not find required class 'com.hazelcast.core.HazelcastInstance' (OnClassCondition)

   HazelcastJpaDependencyAutoConfiguration:
      Did not match:
         - @ConditionalOnClass did not find required class 'com.hazelcast.core.HazelcastInstance' (OnClassCondition)

   HttpHandlerAutoConfiguration:
      Did not match:
         - @ConditionalOnClass did not find required class 'org.springframework.web.reactive.DispatcherHandler' (OnClassCondition)

   HypermediaAutoConfiguration:
      Did not match:
         - @ConditionalOnClass did not find required class 'org.springframework.hateoas.EntityModel' (OnClassCondition)

   InfinispanCacheConfiguration:
      Did not match:
         - @ConditionalOnClass did not find required class 'org.infinispan.spring.embedded.provider.SpringEmbeddedCacheManager' (OnClassCondition)

   IntegrationAutoConfiguration:
      Did not match:
         - @ConditionalOnClass did not find required class 'org.springframework.integration.config.EnableIntegration' (OnClassCondition)

   JCacheCacheConfiguration:
      Did not match:
         - @ConditionalOnClass did not find required class 'javax.cache.Caching' (OnClassCondition)

   JacksonHttpMessageConvertersConfiguration.MappingJackson2XmlHttpMessageConverterConfiguration:
      Did not match:
         - @ConditionalOnClass did not find required class 'com.fasterxml.jackson.dataformat.xml.XmlMapper' (OnClassCondition)

   JdbcRepositoriesAutoConfiguration:
      Did not match:
         - @ConditionalOnClass did not find required class 'org.springframework.data.jdbc.repository.config.AbstractJdbcConfiguration' (OnClassCondition)

   JerseyAutoConfiguration:
      Did not match:
         - @ConditionalOnClass did not find required class 'org.glassfish.jersey.server.spring.SpringComponentProvider' (OnClassCondition)

   JmsAutoConfiguration:
      Did not match:
         - @ConditionalOnClass did not find required class 'jakarta.jms.Message' (OnClassCondition)

   JmxAutoConfiguration:
      Did not match:
         - @ConditionalOnProperty (spring.jmx.enabled=true) found different value in property 'enabled' (OnPropertyCondition)
      Matched:
         - @ConditionalOnClass found required class 'org.springframework.jmx.export.MBeanExporter' (OnClassCondition)

   JndiConnectionFactoryAutoConfiguration:
      Did not match:
         - @ConditionalOnClass did not find required class 'org.springframework.jms.core.JmsTemplate' (OnClassCondition)

   JndiDataSourceAutoConfiguration:
      Did not match:
         - @ConditionalOnProperty (spring.datasource.jndi-name) did not find property 'jndi-name' (OnPropertyCondition)
      Matched:
         - @ConditionalOnClass found required classes 'javax.sql.DataSource', 'org.springframework.jdbc.datasource.embedded.EmbeddedDatabaseType' (OnClassCondition)

   JndiJtaConfiguration:
      Did not match:
         - @ConditionalOnJndi JNDI environment is not available (OnJndiCondition)
      Matched:
         - @ConditionalOnClass found required class 'org.springframework.transaction.jta.JtaTransactionManager' (OnClassCondition)

   JooqAutoConfiguration:
      Did not match:
         - @ConditionalOnClass did not find required class 'org.jooq.DSLContext' (OnClassCondition)

   JpaRepositoriesAutoConfiguration#entityManagerFactoryBootstrapExecutorCustomizer:
      Did not match:
         - AnyNestedCondition 0 matched 2 did not; NestedCondition on JpaRepositoriesAutoConfiguration.BootstrapExecutorCondition.LazyBootstrapMode @ConditionalOnProperty (spring.data.jpa.repositories.bootstrap-mode=lazy) did not find property 'bootstrap-mode'; NestedCondition on JpaRepositoriesAutoConfiguration.BootstrapExecutorCondition.DeferredBootstrapMode @ConditionalOnProperty (spring.data.jpa.repositories.bootstrap-mode=deferred) did not find property 'bootstrap-mode' (JpaRepositoriesAutoConfiguration.BootstrapExecutorCondition)

   JsonbAutoConfiguration:
      Did not match:
         - @ConditionalOnClass did not find required class 'jakarta.json.bind.Jsonb' (OnClassCondition)

   JsonbHttpMessageConvertersConfiguration:
      Did not match:
         - @ConditionalOnClass did not find required class 'jakarta.json.bind.Jsonb' (OnClassCondition)

   KafkaAutoConfiguration:
      Did not match:
         - @ConditionalOnClass did not find required class 'org.springframework.kafka.core.KafkaTemplate' (OnClassCondition)

   LdapAutoConfiguration:
      Did not match:
         - @ConditionalOnClass did not find required class 'org.springframework.ldap.core.ContextSource' (OnClassCondition)

   LdapRepositoriesAutoConfiguration:
      Did not match:
         - @ConditionalOnClass did not find required class 'org.springframework.data.ldap.repository.LdapRepository' (OnClassCondition)

   LiquibaseAutoConfiguration:
      Did not match:
         - @ConditionalOnClass did not find required class 'liquibase.change.DatabaseChange' (OnClassCondition)

   MailSenderAutoConfiguration:
      Did not match:
         - @ConditionalOnClass did not find required class 'jakarta.mail.internet.MimeMessage' (OnClassCondition)

   MailSenderValidatorAutoConfiguration:
      Did not match:
         - @ConditionalOnSingleCandidate did not find required type 'org.springframework.mail.javamail.JavaMailSenderImpl' (OnBeanCondition)

   MessageSourceAutoConfiguration:
      Did not match:
         - ResourceBundle did not find bundle with basename messages (MessageSourceAutoConfiguration.ResourceBundleCondition)

   MongoAutoConfiguration:
      Did not match:
         - @ConditionalOnClass did not find required class 'com.mongodb.client.MongoClient' (OnClassCondition)

   MongoDataAutoConfiguration:
      Did not match:
         - @ConditionalOnClass did not find required class 'com.mongodb.client.MongoClient' (OnClassCondition)

   MongoReactiveAutoConfiguration:
      Did not match:
         - @ConditionalOnClass did not find required class 'com.mongodb.reactivestreams.client.MongoClient' (OnClassCondition)

   MongoReactiveDataAutoConfiguration:
      Did not match:
         - @ConditionalOnClass did not find required class 'com.mongodb.reactivestreams.client.MongoClient' (OnClassCondition)

   MongoReactiveRepositoriesAutoConfiguration:
      Did not match:
         - @ConditionalOnClass did not find required class 'com.mongodb.reactivestreams.client.MongoClient' (OnClassCondition)

   MongoRepositoriesAutoConfiguration:
      Did not match:
         - @ConditionalOnClass did not find required class 'com.mongodb.client.MongoClient' (OnClassCondition)

   MustacheAutoConfiguration:
      Did not match:
         - @ConditionalOnClass did not find required class 'com.samskivert.mustache.Mustache' (OnClassCondition)

   Neo4jAutoConfiguration:
      Did not match:
         - @ConditionalOnClass did not find required class 'org.neo4j.driver.Driver' (OnClassCondition)

   Neo4jDataAutoConfiguration:
      Did not match:
         - @ConditionalOnClass did not find required class 'org.neo4j.driver.Driver' (OnClassCondition)

   Neo4jReactiveDataAutoConfiguration:
      Did not match:
         - @ConditionalOnClass did not find required class 'org.neo4j.driver.Driver' (OnClassCondition)

   Neo4jReactiveRepositoriesAutoConfiguration:
      Did not match:
         - @ConditionalOnClass did not find required class 'org.neo4j.driver.Driver' (OnClassCondition)

   Neo4jRepositoriesAutoConfiguration:
      Did not match:
         - @ConditionalOnClass did not find required class 'org.neo4j.driver.Driver' (OnClassCondition)

   NettyAutoConfiguration:
      Did not match:
         - @ConditionalOnClass did not find required class 'io.netty.util.NettyRuntime' (OnClassCondition)

   OAuth2AuthorizationServerAutoConfiguration:
      Did not match:
         - @ConditionalOnClass did not find required class 'org.springframework.security.oauth2.server.authorization.OAuth2Authorization' (OnClassCondition)

   OAuth2AuthorizationServerJwtAutoConfiguration:
      Did not match:
         - @ConditionalOnClass did not find required class 'com.nimbusds.jose.jwk.source.JWKSource' (OnClassCondition)

   OAuth2ClientAutoConfiguration:
      Did not match:
         - @ConditionalOnClass did not find required class 'org.springframework.security.config.annotation.web.configuration.EnableWebSecurity' (OnClassCondition)

   OAuth2ResourceServerAutoConfiguration:
      Did not match:
         - @ConditionalOnClass did not find required class 'org.springframework.security.oauth2.server.resource.authentication.BearerTokenAuthenticationToken' (OnClassCondition)

   ProjectInfoAutoConfiguration#buildProperties:
      Did not match:
         - @ConditionalOnResource did not find resource '${spring.info.build.location:classpath:META-INF/build-info.properties}' (OnResourceCondition)

   ProjectInfoAutoConfiguration#gitProperties:
      Did not match:
         - GitResource did not find git info at classpath:git.properties (ProjectInfoAutoConfiguration.GitResourceAvailableCondition)

   PulsarAutoConfiguration:
      Did not match:
         - @ConditionalOnClass did not find required class 'org.apache.pulsar.client.api.PulsarClient' (OnClassCondition)

   PulsarReactiveAutoConfiguration:
      Did not match:
         - @ConditionalOnClass did not find required class 'org.apache.pulsar.client.api.PulsarClient' (OnClassCondition)

   QuartzAutoConfiguration:
      Did not match:
         - @ConditionalOnClass did not find required class 'org.quartz.Scheduler' (OnClassCondition)

   R2dbcAutoConfiguration:
      Did not match:
         - @ConditionalOnClass did not find required class 'io.r2dbc.spi.ConnectionFactory' (OnClassCondition)

   R2dbcDataAutoConfiguration:
      Did not match:
         - @ConditionalOnClass did not find required class 'org.springframework.data.r2dbc.core.R2dbcEntityTemplate' (OnClassCondition)

   R2dbcInitializationConfiguration:
      Did not match:
         - @ConditionalOnClass did not find required classes 'io.r2dbc.spi.ConnectionFactory', 'org.springframework.r2dbc.connection.init.DatabasePopulator' (OnClassCondition)

   R2dbcProxyAutoConfiguration:
      Did not match:
         - @ConditionalOnClass did not find required class 'io.r2dbc.proxy.ProxyConnectionFactory' (OnClassCondition)

   R2dbcRepositoriesAutoConfiguration:
      Did not match:
         - @ConditionalOnClass did not find required class 'io.r2dbc.spi.ConnectionFactory' (OnClassCondition)

   R2dbcTransactionManagerAutoConfiguration:
      Did not match:
         - @ConditionalOnClass did not find required class 'org.springframework.r2dbc.connection.R2dbcTransactionManager' (OnClassCondition)

   RSocketGraphQlClientAutoConfiguration:
      Did not match:
         - @ConditionalOnClass did not find required class 'graphql.GraphQL' (OnClassCondition)

   RSocketMessagingAutoConfiguration:
      Did not match:
         - @ConditionalOnClass did not find required class 'io.rsocket.RSocket' (OnClassCondition)

   RSocketRequesterAutoConfiguration:
      Did not match:
         - @ConditionalOnClass did not find required class 'io.rsocket.RSocket' (OnClassCondition)

   RSocketSecurityAutoConfiguration:
      Did not match:
         - @ConditionalOnClass did not find required class 'org.springframework.security.rsocket.core.SecuritySocketAcceptorInterceptor' (OnClassCondition)

   RSocketServerAutoConfiguration:
      Did not match:
         - @ConditionalOnClass did not find required class 'io.rsocket.core.RSocketServer' (OnClassCondition)

   RSocketStrategiesAutoConfiguration:
      Did not match:
         - @ConditionalOnClass did not find required class 'io.netty.buffer.PooledByteBufAllocator' (OnClassCondition)

   RabbitAutoConfiguration:
      Did not match:
         - @ConditionalOnClass did not find required class 'com.rabbitmq.client.Channel' (OnClassCondition)

   ReactiveElasticsearchClientAutoConfiguration:
      Did not match:
         - @ConditionalOnClass did not find required class 'co.elastic.clients.transport.ElasticsearchTransport' (OnClassCondition)

   ReactiveElasticsearchRepositoriesAutoConfiguration:
      Did not match:
         - @ConditionalOnClass did not find required class 'reactor.core.publisher.Mono' (OnClassCondition)

   ReactiveMultipartAutoConfiguration:
      Did not match:
         - @ConditionalOnClass did not find required class 'org.springframework.web.reactive.config.WebFluxConfigurer' (OnClassCondition)

   ReactiveOAuth2ClientAutoConfiguration:
      Did not match:
         - @ConditionalOnClass did not find required class 'reactor.core.publisher.Flux' (OnClassCondition)

   ReactiveOAuth2ResourceServerAutoConfiguration:
      Did not match:
         - @ConditionalOnClass did not find required class 'org.springframework.security.config.annotation.web.reactive.EnableWebFluxSecurity' (OnClassCondition)

   ReactiveSecurityAutoConfiguration:
      Did not match:
         - @ConditionalOnClass did not find required class 'reactor.core.publisher.Flux' (OnClassCondition)

   ReactiveUserDetailsServiceAutoConfiguration:
      Did not match:
         - @ConditionalOnClass did not find required class 'org.springframework.security.authentication.ReactiveAuthenticationManager' (OnClassCondition)

   ReactiveWebServerFactoryAutoConfiguration:
      Did not match:
         - @ConditionalOnWebApplication did not find reactive web application classes (OnWebApplicationCondition)

   ReactorAutoConfiguration:
      Did not match:
         - @ConditionalOnClass did not find required class 'reactor.core.publisher.Hooks' (OnClassCondition)

   RedisAutoConfiguration:
      Did not match:
         - @ConditionalOnClass did not find required class 'org.springframework.data.redis.core.RedisOperations' (OnClassCondition)

   RedisCacheConfiguration:
      Did not match:
         - @ConditionalOnClass did not find required class 'org.springframework.data.redis.connection.RedisConnectionFactory' (OnClassCondition)

   RedisReactiveAutoConfiguration:
      Did not match:
         - @ConditionalOnClass did not find required class 'reactor.core.publisher.Flux' (OnClassCondition)

   RedisRepositoriesAutoConfiguration:
      Did not match:
         - @ConditionalOnClass did not find required class 'org.springframework.data.redis.repository.configuration.EnableRedisRepositories' (OnClassCondition)

   RepositoryRestMvcAutoConfiguration:
      Did not match:
         - @ConditionalOnClass did not find required class 'org.springframework.data.rest.webmvc.config.RepositoryRestMvcConfiguration' (OnClassCondition)

   Saml2RelyingPartyAutoConfiguration:
      Did not match:
         - @ConditionalOnClass did not find required class 'org.springframework.security.saml2.provider.service.registration.RelyingPartyRegistrationRepository' (OnClassCondition)

   SecurityAutoConfiguration:
      Did not match:
         - @ConditionalOnClass did not find required class 'org.springframework.security.authentication.DefaultAuthenticationEventPublisher' (OnClassCondition)

   SecurityFilterAutoConfiguration:
      Did not match:
         - @ConditionalOnClass did not find required class 'org.springframework.security.config.http.SessionCreationPolicy' (OnClassCondition)

   SendGridAutoConfiguration:
      Did not match:
         - @ConditionalOnClass did not find required class 'com.sendgrid.SendGrid' (OnClassCondition)

   ServletWebServerFactoryAutoConfiguration.ForwardedHeaderFilterConfiguration:
      Did not match:
         - @ConditionalOnProperty (server.forward-headers-strategy=framework) did not find property 'server.forward-headers-strategy' (OnPropertyCondition)

   ServletWebServerFactoryConfiguration.EmbeddedJetty:
      Did not match:
         - @ConditionalOnClass did not find required classes 'org.eclipse.jetty.server.Server', 'org.eclipse.jetty.util.Loader', 'org.eclipse.jetty.ee10.webapp.WebAppContext' (OnClassCondition)

   ServletWebServerFactoryConfiguration.EmbeddedUndertow:
      Did not match:
         - @ConditionalOnClass did not find required classes 'io.undertow.Undertow', 'org.xnio.SslClientAuthMode' (OnClassCondition)

   SessionAutoConfiguration:
      Did not match:
         - @ConditionalOnClass did not find required class 'org.springframework.session.Session' (OnClassCondition)

   SpringApplicationAdminJmxAutoConfiguration:
      Did not match:
         - @ConditionalOnProperty (spring.application.admin.enabled=true) did not find property 'enabled' (OnPropertyCondition)

   TaskExecutorConfigurations.SimpleAsyncTaskExecutorBuilderConfiguration#simpleAsyncTaskExecutorBuilderVirtualThreads:
      Did not match:
         - @ConditionalOnMissingBean (types: org.springframework.boot.task.SimpleAsyncTaskExecutorBuilder; SearchStrategy: all) found beans of type 'org.springframework.boot.task.SimpleAsyncTaskExecutorBuilder' simpleAsyncTaskExecutorBuilder (OnBeanCondition)

   TaskExecutorConfigurations.TaskExecutorConfiguration#applicationTaskExecutorVirtualThreads:
      Did not match:
         - @ConditionalOnThreading did not find VIRTUAL (OnThreadingCondition)

   TaskSchedulingAutoConfiguration#scheduledBeanLazyInitializationExcludeFilter:
      Did not match:
         - @ConditionalOnBean (names: org.springframework.context.annotation.internalScheduledAnnotationProcessor; SearchStrategy: all) did not find any beans named org.springframework.context.annotation.internalScheduledAnnotationProcessor (OnBeanCondition)

   TaskSchedulingConfigurations.SimpleAsyncTaskSchedulerBuilderConfiguration#simpleAsyncTaskSchedulerBuilderVirtualThreads:
      Did not match:
         - @ConditionalOnMissingBean (types: org.springframework.boot.task.SimpleAsyncTaskSchedulerBuilder; SearchStrategy: all) found beans of type 'org.springframework.boot.task.SimpleAsyncTaskSchedulerBuilder' simpleAsyncTaskSchedulerBuilder (OnBeanCondition)

   TaskSchedulingConfigurations.TaskSchedulerConfiguration:
      Did not match:
         - @ConditionalOnBean (names: org.springframework.context.annotation.internalScheduledAnnotationProcessor; SearchStrategy: all) did not find any beans named org.springframework.context.annotation.internalScheduledAnnotationProcessor (OnBeanCondition)

   ThymeleafAutoConfiguration:
      Did not match:
         - @ConditionalOnClass did not find required class 'org.thymeleaf.spring6.SpringTemplateEngine' (OnClassCondition)

   TransactionAutoConfiguration#transactionalOperator:
      Did not match:
         - @ConditionalOnSingleCandidate (types: org.springframework.transaction.ReactiveTransactionManager; SearchStrategy: all) did not find any beans (OnBeanCondition)

   TransactionAutoConfiguration.AspectJTransactionManagementConfiguration:
      Did not match:
         - @ConditionalOnBean (types: org.springframework.transaction.aspectj.AbstractTransactionAspect; SearchStrategy: all) did not find any beans of type org.springframework.transaction.aspectj.AbstractTransactionAspect (OnBeanCondition)

   TransactionAutoConfiguration.EnableTransactionManagementConfiguration.JdkDynamicAutoProxyConfiguration:
      Did not match:
         - @ConditionalOnProperty (spring.aop.proxy-target-class=false) did not find property 'proxy-target-class' (OnPropertyCondition)

   UserDetailsServiceAutoConfiguration:
      Did not match:
         - @ConditionalOnClass did not find required class 'org.springframework.security.authentication.AuthenticationManager' (OnClassCondition)

   ValidationAutoConfiguration:
      Did not match:
         - @ConditionalOnClass did not find required class 'jakarta.validation.executable.ExecutableValidator' (OnClassCondition)

   WebClientAutoConfiguration:
      Did not match:
         - @ConditionalOnClass did not find required class 'org.springframework.web.reactive.function.client.WebClient' (OnClassCondition)

   WebFluxAutoConfiguration:
      Did not match:
         - @ConditionalOnClass did not find required class 'org.springframework.web.reactive.config.WebFluxConfigurer' (OnClassCondition)

   WebMvcAutoConfiguration#hiddenHttpMethodFilter:
      Did not match:
         - @ConditionalOnProperty (spring.mvc.hiddenmethod.filter.enabled) did not find property 'enabled' (OnPropertyCondition)

   WebMvcAutoConfiguration.ProblemDetailsErrorHandlingConfiguration:
      Did not match:
         - @ConditionalOnProperty (spring.mvc.problemdetails.enabled=true) did not find property 'enabled' (OnPropertyCondition)

   WebMvcAutoConfiguration.ResourceChainCustomizerConfiguration:
      Did not match:
         - @ConditionalOnEnabledResourceChain did not find class org.webjars.WebJarVersionLocator (OnEnabledResourceChainCondition)

   WebMvcAutoConfiguration.WebMvcAutoConfigurationAdapter#beanNameViewResolver:
      Did not match:
         - @ConditionalOnMissingBean (types: org.springframework.web.servlet.view.BeanNameViewResolver; SearchStrategy: all) found beans of type 'org.springframework.web.servlet.view.BeanNameViewResolver' beanNameViewResolver (OnBeanCondition)

   WebServiceTemplateAutoConfiguration:
      Did not match:
         - @ConditionalOnClass did not find required class 'org.springframework.oxm.Marshaller' (OnClassCondition)

   WebServicesAutoConfiguration:
      Did not match:
         - @ConditionalOnClass did not find required class 'org.springframework.ws.transport.http.MessageDispatcherServlet' (OnClassCondition)

   WebSessionIdResolverAutoConfiguration:
      Did not match:
         - @ConditionalOnClass did not find required class 'reactor.core.publisher.Mono' (OnClassCondition)

   WebSocketMessagingAutoConfiguration:
      Did not match:
         - @ConditionalOnClass did not find required class 'org.springframework.web.socket.config.annotation.WebSocketMessageBrokerConfigurer' (OnClassCondition)

   WebSocketReactiveAutoConfiguration:
      Did not match:
         - @ConditionalOnWebApplication did not find reactive web application classes (OnWebApplicationCondition)

   WebSocketServletAutoConfiguration.JettyWebSocketConfiguration:
      Did not match:
         - @ConditionalOnClass did not find required class 'org.eclipse.jetty.ee10.websocket.jakarta.server.config.JakartaWebSocketServletContainerInitializer' (OnClassCondition)

   WebSocketServletAutoConfiguration.UndertowWebSocketConfiguration:
      Did not match:
         - @ConditionalOnClass did not find required class 'io.undertow.websockets.jsr.Bootstrap' (OnClassCondition)

   XADataSourceAutoConfiguration:
      Did not match:
         - @ConditionalOnBean (types: org.springframework.boot.jdbc.XADataSourceWrapper; SearchStrategy: all) did not find any beans of type org.springframework.boot.jdbc.XADataSourceWrapper (OnBeanCondition)
      Matched:
         - @ConditionalOnClass found required classes 'javax.sql.DataSource', 'jakarta.transaction.TransactionManager', 'org.springframework.jdbc.datasource.embedded.EmbeddedDatabaseType' (OnClassCondition)


Exclusions:
-----------

    None


Unconditional classes:
----------------------

    org.springframework.boot.autoconfigure.context.ConfigurationPropertiesAutoConfiguration

    org.springframework.boot.autoconfigure.ssl.SslAutoConfiguration

    org.springframework.boot.autoconfigure.context.LifecycleAutoConfiguration

    org.springframework.boot.autoconfigure.context.PropertyPlaceholderAutoConfiguration

    org.springframework.boot.autoconfigure.availability.ApplicationAvailabilityAutoConfiguration

    org.springframework.boot.autoconfigure.info.ProjectInfoAutoConfiguration



2025-04-27T16:25:05.349+02:00  INFO 2647 --- [water-data-api] [           main] .s.b.a.l.ConditionEvaluationReportLogger : 

Error starting ApplicationContext. To display the condition evaluation report re-run your application with 'debug' enabled.
2025-04-27T16:25:05.379+02:00 ERROR 2647 --- [water-data-api] [           main] o.s.boot.SpringApplication               : Application run failed

org.springframework.beans.factory.BeanCreationException: Error creating bean with name 'entityManagerFactory' defined in class path resource [org/springframework/boot/autoconfigure/orm/jpa/HibernateJpaConfiguration.class]: Unable to create requested service [org.hibernate.engine.jdbc.env.spi.JdbcEnvironment] due to: Unable to resolve name [org.hibernate.spatial.dialect.postgis.PostgisDialect] as strategy [org.hibernate.dialect.Dialect]
	at org.springframework.beans.factory.support.AbstractAutowireCapableBeanFactory.initializeBean(AbstractAutowireCapableBeanFactory.java:1818) ~[spring-beans-6.2.6.jar:6.2.6]
	at org.springframework.beans.factory.support.AbstractAutowireCapableBeanFactory.doCreateBean(AbstractAutowireCapableBeanFactory.java:607) ~[spring-beans-6.2.6.jar:6.2.6]
	at org.springframework.beans.factory.support.AbstractAutowireCapableBeanFactory.createBean(AbstractAutowireCapableBeanFactory.java:529) ~[spring-beans-6.2.6.jar:6.2.6]
	at org.springframework.beans.factory.support.AbstractBeanFactory.lambda$doGetBean$0(AbstractBeanFactory.java:339) ~[spring-beans-6.2.6.jar:6.2.6]
	at org.springframework.beans.factory.support.DefaultSingletonBeanRegistry.getSingleton(DefaultSingletonBeanRegistry.java:371) ~[spring-beans-6.2.6.jar:6.2.6]
	at org.springframework.beans.factory.support.AbstractBeanFactory.doGetBean(AbstractBeanFactory.java:337) ~[spring-beans-6.2.6.jar:6.2.6]
	at org.springframework.beans.factory.support.AbstractBeanFactory.getBean(AbstractBeanFactory.java:207) ~[spring-beans-6.2.6.jar:6.2.6]
	at org.springframework.context.support.AbstractApplicationContext.finishBeanFactoryInitialization(AbstractApplicationContext.java:970) ~[spring-context-6.2.6.jar:6.2.6]
	at org.springframework.context.support.AbstractApplicationContext.refresh(AbstractApplicationContext.java:627) ~[spring-context-6.2.6.jar:6.2.6]
	at org.springframework.boot.SpringApplication.refresh(SpringApplication.java:753) ~[spring-boot-3.4.5.jar:3.4.5]
	at org.springframework.boot.SpringApplication.refreshContext(SpringApplication.java:439) ~[spring-boot-3.4.5.jar:3.4.5]
	at org.springframework.boot.SpringApplication.run(SpringApplication.java:318) ~[spring-boot-3.4.5.jar:3.4.5]
	at org.springframework.boot.test.context.SpringBootContextLoader.lambda$loadContext$3(SpringBootContextLoader.java:144) ~[spring-boot-test-3.4.5.jar:3.4.5]
	at org.springframework.util.function.ThrowingSupplier.get(ThrowingSupplier.java:58) ~[spring-core-6.2.6.jar:6.2.6]
	at org.springframework.util.function.ThrowingSupplier.get(ThrowingSupplier.java:46) ~[spring-core-6.2.6.jar:6.2.6]
	at org.springframework.boot.SpringApplication.withHook(SpringApplication.java:1462) ~[spring-boot-3.4.5.jar:3.4.5]
	at org.springframework.boot.test.context.SpringBootContextLoader$ContextLoaderHook.run(SpringBootContextLoader.java:563) ~[spring-boot-test-3.4.5.jar:3.4.5]
	at org.springframework.boot.test.context.SpringBootContextLoader.loadContext(SpringBootContextLoader.java:144) ~[spring-boot-test-3.4.5.jar:3.4.5]
	at org.springframework.boot.test.context.SpringBootContextLoader.loadContext(SpringBootContextLoader.java:110) ~[spring-boot-test-3.4.5.jar:3.4.5]
	at org.springframework.test.context.cache.DefaultCacheAwareContextLoaderDelegate.loadContextInternal(DefaultCacheAwareContextLoaderDelegate.java:225) ~[spring-test-6.2.6.jar:6.2.6]
	at org.springframework.test.context.cache.DefaultCacheAwareContextLoaderDelegate.loadContext(DefaultCacheAwareContextLoaderDelegate.java:152) ~[spring-test-6.2.6.jar:6.2.6]
	at org.springframework.test.context.support.DefaultTestContext.getApplicationContext(DefaultTestContext.java:130) ~[spring-test-6.2.6.jar:6.2.6]
	at org.springframework.test.context.web.ServletTestExecutionListener.setUpRequestContextIfNecessary(ServletTestExecutionListener.java:200) ~[spring-test-6.2.6.jar:6.2.6]
	at org.springframework.test.context.web.ServletTestExecutionListener.prepareTestInstance(ServletTestExecutionListener.java:139) ~[spring-test-6.2.6.jar:6.2.6]
	at org.springframework.test.context.TestContextManager.prepareTestInstance(TestContextManager.java:260) ~[spring-test-6.2.6.jar:6.2.6]
	at org.springframework.test.context.junit.jupiter.SpringExtension.postProcessTestInstance(SpringExtension.java:159) ~[spring-test-6.2.6.jar:6.2.6]
	at org.junit.jupiter.engine.descriptor.ClassBasedTestDescriptor.lambda$invokeTestInstancePostProcessors$11(ClassBasedTestDescriptor.java:378) ~[junit-jupiter-engine-5.11.4.jar:5.11.4]
	at org.junit.jupiter.engine.descriptor.ClassBasedTestDescriptor.executeAndMaskThrowable(ClassBasedTestDescriptor.java:383) ~[junit-jupiter-engine-5.11.4.jar:5.11.4]
	at org.junit.jupiter.engine.descriptor.ClassBasedTestDescriptor.lambda$invokeTestInstancePostProcessors$12(ClassBasedTestDescriptor.java:378) ~[junit-jupiter-engine-5.11.4.jar:5.11.4]
	at java.base/java.util.stream.ForEachOps$ForEachOp$OfRef.accept(ForEachOps.java:183) ~[na:na]
	at java.base/java.util.stream.ReferencePipeline$3$1.accept(ReferencePipeline.java:197) ~[na:na]
	at java.base/java.util.stream.ReferencePipeline$2$1.accept(ReferencePipeline.java:179) ~[na:na]
	at java.base/java.util.stream.ReferencePipeline$3$1.accept(ReferencePipeline.java:197) ~[na:na]
	at java.base/java.util.ArrayList$ArrayListSpliterator.forEachRemaining(ArrayList.java:1625) ~[na:na]
	at java.base/java.util.stream.AbstractPipeline.copyInto(AbstractPipeline.java:509) ~[na:na]
	at java.base/java.util.stream.AbstractPipeline.wrapAndCopyInto(AbstractPipeline.java:499) ~[na:na]
	at java.base/java.util.stream.ForEachOps$ForEachOp.evaluateSequential(ForEachOps.java:150) ~[na:na]
	at java.base/java.util.stream.ForEachOps$ForEachOp$OfRef.evaluateSequential(ForEachOps.java:173) ~[na:na]
	at java.base/java.util.stream.AbstractPipeline.evaluate(AbstractPipeline.java:234) ~[na:na]
	at java.base/java.util.stream.ReferencePipeline.forEach(ReferencePipeline.java:596) ~[na:na]
	at org.junit.jupiter.engine.descriptor.ClassBasedTestDescriptor.invokeTestInstancePostProcessors(ClassBasedTestDescriptor.java:377) ~[junit-jupiter-engine-5.11.4.jar:5.11.4]
	at org.junit.jupiter.engine.descriptor.ClassBasedTestDescriptor.lambda$instantiateAndPostProcessTestInstance$7(ClassBasedTestDescriptor.java:290) ~[junit-jupiter-engine-5.11.4.jar:5.11.4]
	at org.junit.platform.engine.support.hierarchical.ThrowableCollector.execute(ThrowableCollector.java:73) ~[junit-platform-engine-1.11.4.jar:1.11.4]
	at org.junit.jupiter.engine.descriptor.ClassBasedTestDescriptor.instantiateAndPostProcessTestInstance(ClassBasedTestDescriptor.java:289) ~[junit-jupiter-engine-5.11.4.jar:5.11.4]
	at org.junit.jupiter.engine.descriptor.ClassBasedTestDescriptor.lambda$testInstancesProvider$5(ClassBasedTestDescriptor.java:279) ~[junit-jupiter-engine-5.11.4.jar:5.11.4]
	at java.base/java.util.Optional.orElseGet(Optional.java:364) ~[na:na]
	at org.junit.jupiter.engine.descriptor.ClassBasedTestDescriptor.lambda$testInstancesProvider$6(ClassBasedTestDescriptor.java:278) ~[junit-jupiter-engine-5.11.4.jar:5.11.4]
	at org.junit.jupiter.engine.execution.TestInstancesProvider.getTestInstances(TestInstancesProvider.java:31) ~[junit-jupiter-engine-5.11.4.jar:5.11.4]
	at org.junit.jupiter.engine.descriptor.TestMethodTestDescriptor.lambda$prepare$1(TestMethodTestDescriptor.java:105) ~[junit-jupiter-engine-5.11.4.jar:5.11.4]
	at org.junit.platform.engine.support.hierarchical.ThrowableCollector.execute(ThrowableCollector.java:73) ~[junit-platform-engine-1.11.4.jar:1.11.4]
	at org.junit.jupiter.engine.descriptor.TestMethodTestDescriptor.prepare(TestMethodTestDescriptor.java:104) ~[junit-jupiter-engine-5.11.4.jar:5.11.4]
	at org.junit.jupiter.engine.descriptor.TestMethodTestDescriptor.prepare(TestMethodTestDescriptor.java:68) ~[junit-jupiter-engine-5.11.4.jar:5.11.4]
	at org.junit.platform.engine.support.hierarchical.NodeTestTask.lambda$prepare$2(NodeTestTask.java:128) ~[junit-platform-engine-1.11.4.jar:1.11.4]
	at org.junit.platform.engine.support.hierarchical.ThrowableCollector.execute(ThrowableCollector.java:73) ~[junit-platform-engine-1.11.4.jar:1.11.4]
	at org.junit.platform.engine.support.hierarchical.NodeTestTask.prepare(NodeTestTask.java:128) ~[junit-platform-engine-1.11.4.jar:1.11.4]
	at org.junit.platform.engine.support.hierarchical.NodeTestTask.execute(NodeTestTask.java:95) ~[junit-platform-engine-1.11.4.jar:1.11.4]
	at java.base/java.util.ArrayList.forEach(ArrayList.java:1511) ~[na:na]
	at org.junit.platform.engine.support.hierarchical.SameThreadHierarchicalTestExecutorService.invokeAll(SameThreadHierarchicalTestExecutorService.java:41) ~[junit-platform-engine-1.11.4.jar:1.11.4]
	at org.junit.platform.engine.support.hierarchical.NodeTestTask.lambda$executeRecursively$6(NodeTestTask.java:160) ~[junit-platform-engine-1.11.4.jar:1.11.4]
	at org.junit.platform.engine.support.hierarchical.ThrowableCollector.execute(ThrowableCollector.java:73) ~[junit-platform-engine-1.11.4.jar:1.11.4]
	at org.junit.platform.engine.support.hierarchical.NodeTestTask.lambda$executeRecursively$8(NodeTestTask.java:146) ~[junit-platform-engine-1.11.4.jar:1.11.4]
	at org.junit.platform.engine.support.hierarchical.Node.around(Node.java:137) ~[junit-platform-engine-1.11.4.jar:1.11.4]
	at org.junit.platform.engine.support.hierarchical.NodeTestTask.lambda$executeRecursively$9(NodeTestTask.java:144) ~[junit-platform-engine-1.11.4.jar:1.11.4]
	at org.junit.platform.engine.support.hierarchical.ThrowableCollector.execute(ThrowableCollector.java:73) ~[junit-platform-engine-1.11.4.jar:1.11.4]
	at org.junit.platform.engine.support.hierarchical.NodeTestTask.executeRecursively(NodeTestTask.java:143) ~[junit-platform-engine-1.11.4.jar:1.11.4]
	at org.junit.platform.engine.support.hierarchical.NodeTestTask.execute(NodeTestTask.java:100) ~[junit-platform-engine-1.11.4.jar:1.11.4]
	at java.base/java.util.ArrayList.forEach(ArrayList.java:1511) ~[na:na]
	at org.junit.platform.engine.support.hierarchical.SameThreadHierarchicalTestExecutorService.invokeAll(SameThreadHierarchicalTestExecutorService.java:41) ~[junit-platform-engine-1.11.4.jar:1.11.4]
	at org.junit.platform.engine.support.hierarchical.NodeTestTask.lambda$executeRecursively$6(NodeTestTask.java:160) ~[junit-platform-engine-1.11.4.jar:1.11.4]
	at org.junit.platform.engine.support.hierarchical.ThrowableCollector.execute(ThrowableCollector.java:73) ~[junit-platform-engine-1.11.4.jar:1.11.4]
	at org.junit.platform.engine.support.hierarchical.NodeTestTask.lambda$executeRecursively$8(NodeTestTask.java:146) ~[junit-platform-engine-1.11.4.jar:1.11.4]
	at org.junit.platform.engine.support.hierarchical.Node.around(Node.java:137) ~[junit-platform-engine-1.11.4.jar:1.11.4]
	at org.junit.platform.engine.support.hierarchical.NodeTestTask.lambda$executeRecursively$9(NodeTestTask.java:144) ~[junit-platform-engine-1.11.4.jar:1.11.4]
	at org.junit.platform.engine.support.hierarchical.ThrowableCollector.execute(ThrowableCollector.java:73) ~[junit-platform-engine-1.11.4.jar:1.11.4]
	at org.junit.platform.engine.support.hierarchical.NodeTestTask.executeRecursively(NodeTestTask.java:143) ~[junit-platform-engine-1.11.4.jar:1.11.4]
	at org.junit.platform.engine.support.hierarchical.NodeTestTask.execute(NodeTestTask.java:100) ~[junit-platform-engine-1.11.4.jar:1.11.4]
	at org.junit.platform.engine.support.hierarchical.SameThreadHierarchicalTestExecutorService.submit(SameThreadHierarchicalTestExecutorService.java:35) ~[junit-platform-engine-1.11.4.jar:1.11.4]
	at org.junit.platform.engine.support.hierarchical.HierarchicalTestExecutor.execute(HierarchicalTestExecutor.java:57) ~[junit-platform-engine-1.11.4.jar:1.11.4]
	at org.junit.platform.engine.support.hierarchical.HierarchicalTestEngine.execute(HierarchicalTestEngine.java:54) ~[junit-platform-engine-1.11.4.jar:1.11.4]
	at org.junit.platform.launcher.core.EngineExecutionOrchestrator.execute(EngineExecutionOrchestrator.java:198) ~[junit-platform-launcher-1.11.4.jar:1.11.4]
	at org.junit.platform.launcher.core.EngineExecutionOrchestrator.execute(EngineExecutionOrchestrator.java:169) ~[junit-platform-launcher-1.11.4.jar:1.11.4]
	at org.junit.platform.launcher.core.EngineExecutionOrchestrator.execute(EngineExecutionOrchestrator.java:93) ~[junit-platform-launcher-1.11.4.jar:1.11.4]
	at org.junit.platform.launcher.core.EngineExecutionOrchestrator.lambda$execute$0(EngineExecutionOrchestrator.java:58) ~[junit-platform-launcher-1.11.4.jar:1.11.4]
	at org.junit.platform.launcher.core.EngineExecutionOrchestrator.withInterceptedStreams(EngineExecutionOrchestrator.java:141) ~[junit-platform-launcher-1.11.4.jar:1.11.4]
	at org.junit.platform.launcher.core.EngineExecutionOrchestrator.execute(EngineExecutionOrchestrator.java:57) ~[junit-platform-launcher-1.11.4.jar:1.11.4]
	at org.junit.platform.launcher.core.DefaultLauncher.execute(DefaultLauncher.java:103) ~[junit-platform-launcher-1.11.4.jar:1.11.4]
	at org.junit.platform.launcher.core.DefaultLauncher.execute(DefaultLauncher.java:85) ~[junit-platform-launcher-1.11.4.jar:1.11.4]
	at org.junit.platform.launcher.core.DelegatingLauncher.execute(DelegatingLauncher.java:47) ~[junit-platform-launcher-1.11.4.jar:1.11.4]
	at org.apache.maven.surefire.junitplatform.LazyLauncher.execute(LazyLauncher.java:56) ~[surefire-junit-platform-3.5.3.jar:3.5.3]
	at org.apache.maven.surefire.junitplatform.JUnitPlatformProvider.execute(JUnitPlatformProvider.java:194) ~[surefire-junit-platform-3.5.3.jar:3.5.3]
	at org.apache.maven.surefire.junitplatform.JUnitPlatformProvider.invokeAllTests(JUnitPlatformProvider.java:150) ~[surefire-junit-platform-3.5.3.jar:3.5.3]
	at org.apache.maven.surefire.junitplatform.JUnitPlatformProvider.invoke(JUnitPlatformProvider.java:124) ~[surefire-junit-platform-3.5.3.jar:3.5.3]
	at org.apache.maven.surefire.booter.ForkedBooter.runSuitesInProcess(ForkedBooter.java:385) ~[surefire-booter-3.5.3.jar:3.5.3]
	at org.apache.maven.surefire.booter.ForkedBooter.execute(ForkedBooter.java:162) ~[surefire-booter-3.5.3.jar:3.5.3]
	at org.apache.maven.surefire.booter.ForkedBooter.run(ForkedBooter.java:507) ~[surefire-booter-3.5.3.jar:3.5.3]
	at org.apache.maven.surefire.booter.ForkedBooter.main(ForkedBooter.java:495) ~[surefire-booter-3.5.3.jar:3.5.3]
Caused by: org.hibernate.service.spi.ServiceException: Unable to create requested service [org.hibernate.engine.jdbc.env.spi.JdbcEnvironment] due to: Unable to resolve name [org.hibernate.spatial.dialect.postgis.PostgisDialect] as strategy [org.hibernate.dialect.Dialect]
	at org.hibernate.service.internal.AbstractServiceRegistryImpl.createService(AbstractServiceRegistryImpl.java:276) ~[hibernate-core-6.6.13.Final.jar:6.6.13.Final]
	at org.hibernate.service.internal.AbstractServiceRegistryImpl.initializeService(AbstractServiceRegistryImpl.java:238) ~[hibernate-core-6.6.13.Final.jar:6.6.13.Final]
	at org.hibernate.service.internal.AbstractServiceRegistryImpl.getService(AbstractServiceRegistryImpl.java:215) ~[hibernate-core-6.6.13.Final.jar:6.6.13.Final]
	at org.hibernate.service.ServiceRegistry.requireService(ServiceRegistry.java:68) ~[hibernate-core-6.6.13.Final.jar:6.6.13.Final]
	at org.hibernate.engine.jdbc.internal.JdbcServicesImpl.configure(JdbcServicesImpl.java:52) ~[hibernate-core-6.6.13.Final.jar:6.6.13.Final]
	at org.hibernate.boot.registry.internal.StandardServiceRegistryImpl.configureService(StandardServiceRegistryImpl.java:136) ~[hibernate-core-6.6.13.Final.jar:6.6.13.Final]
	at org.hibernate.service.internal.AbstractServiceRegistryImpl.initializeService(AbstractServiceRegistryImpl.java:247) ~[hibernate-core-6.6.13.Final.jar:6.6.13.Final]
	at org.hibernate.service.internal.AbstractServiceRegistryImpl.getService(AbstractServiceRegistryImpl.java:215) ~[hibernate-core-6.6.13.Final.jar:6.6.13.Final]
	at org.hibernate.spatial.contributor.ContributorResolver.resolveSpatialtypeContributorImplementor(ContributorResolver.java:52) ~[hibernate-spatial-6.6.13.Final.jar:6.6.13.Final]
	at org.hibernate.spatial.contributor.SpatialTypeContributor.contribute(SpatialTypeContributor.java:18) ~[hibernate-spatial-6.6.13.Final.jar:6.6.13.Final]
	at org.hibernate.boot.internal.MetadataBuilderImpl.applyTypes(MetadataBuilderImpl.java:295) ~[hibernate-core-6.6.13.Final.jar:6.6.13.Final]
	at java.base/java.lang.Iterable.forEach(Iterable.java:75) ~[na:na]
	at java.base/java.util.Collections$UnmodifiableCollection.forEach(Collections.java:1092) ~[na:na]
	at org.hibernate.jpa.boot.internal.EntityManagerFactoryBuilderImpl.applyTypeContributors(EntityManagerFactoryBuilderImpl.java:1414) ~[hibernate-core-6.6.13.Final.jar:6.6.13.Final]
	at org.hibernate.jpa.boot.internal.EntityManagerFactoryBuilderImpl.applyMetamodelBuilderSettings(EntityManagerFactoryBuilderImpl.java:1395) ~[hibernate-core-6.6.13.Final.jar:6.6.13.Final]
	at org.hibernate.jpa.boot.internal.EntityManagerFactoryBuilderImpl.<init>(EntityManagerFactoryBuilderImpl.java:281) ~[hibernate-core-6.6.13.Final.jar:6.6.13.Final]
	at org.hibernate.jpa.boot.internal.EntityManagerFactoryBuilderImpl.<init>(EntityManagerFactoryBuilderImpl.java:199) ~[hibernate-core-6.6.13.Final.jar:6.6.13.Final]
	at org.springframework.orm.jpa.vendor.SpringHibernateJpaPersistenceProvider.createContainerEntityManagerFactory(SpringHibernateJpaPersistenceProvider.java:54) ~[spring-orm-6.2.6.jar:6.2.6]
	at org.springframework.orm.jpa.LocalContainerEntityManagerFactoryBean.createNativeEntityManagerFactory(LocalContainerEntityManagerFactoryBean.java:390) ~[spring-orm-6.2.6.jar:6.2.6]
	at org.springframework.orm.jpa.AbstractEntityManagerFactoryBean.buildNativeEntityManagerFactory(AbstractEntityManagerFactoryBean.java:419) ~[spring-orm-6.2.6.jar:6.2.6]
	at org.springframework.orm.jpa.AbstractEntityManagerFactoryBean.afterPropertiesSet(AbstractEntityManagerFactoryBean.java:400) ~[spring-orm-6.2.6.jar:6.2.6]
	at org.springframework.orm.jpa.LocalContainerEntityManagerFactoryBean.afterPropertiesSet(LocalContainerEntityManagerFactoryBean.java:366) ~[spring-orm-6.2.6.jar:6.2.6]
	at org.springframework.beans.factory.support.AbstractAutowireCapableBeanFactory.invokeInitMethods(AbstractAutowireCapableBeanFactory.java:1865) ~[spring-beans-6.2.6.jar:6.2.6]
	at org.springframework.beans.factory.support.AbstractAutowireCapableBeanFactory.initializeBean(AbstractAutowireCapableBeanFactory.java:1814) ~[spring-beans-6.2.6.jar:6.2.6]
	... 95 common frames omitted
Caused by: org.hibernate.boot.registry.selector.spi.StrategySelectionException: Unable to resolve name [org.hibernate.spatial.dialect.postgis.PostgisDialect] as strategy [org.hibernate.dialect.Dialect]
	at org.hibernate.boot.registry.selector.internal.StrategySelectorImpl.selectStrategyImplementor(StrategySelectorImpl.java:154) ~[hibernate-core-6.6.13.Final.jar:6.6.13.Final]
	at org.hibernate.boot.registry.selector.internal.StrategySelectorImpl.resolveStrategy(StrategySelectorImpl.java:236) ~[hibernate-core-6.6.13.Final.jar:6.6.13.Final]
	at org.hibernate.boot.registry.selector.internal.StrategySelectorImpl.resolveStrategy(StrategySelectorImpl.java:189) ~[hibernate-core-6.6.13.Final.jar:6.6.13.Final]
	at org.hibernate.engine.jdbc.dialect.internal.DialectFactoryImpl.constructDialect(DialectFactoryImpl.java:123) ~[hibernate-core-6.6.13.Final.jar:6.6.13.Final]
	at org.hibernate.engine.jdbc.dialect.internal.DialectFactoryImpl.buildDialect(DialectFactoryImpl.java:88) ~[hibernate-core-6.6.13.Final.jar:6.6.13.Final]
	at org.hibernate.engine.jdbc.env.internal.JdbcEnvironmentInitiator.getJdbcEnvironmentWithDefaults(JdbcEnvironmentInitiator.java:181) ~[hibernate-core-6.6.13.Final.jar:6.6.13.Final]
	at org.hibernate.engine.jdbc.env.internal.JdbcEnvironmentInitiator.getJdbcEnvironmentUsingJdbcMetadata(JdbcEnvironmentInitiator.java:392) ~[hibernate-core-6.6.13.Final.jar:6.6.13.Final]
	at org.hibernate.engine.jdbc.env.internal.JdbcEnvironmentInitiator.initiateService(JdbcEnvironmentInitiator.java:129) ~[hibernate-core-6.6.13.Final.jar:6.6.13.Final]
	at org.hibernate.engine.jdbc.env.internal.JdbcEnvironmentInitiator.initiateService(JdbcEnvironmentInitiator.java:81) ~[hibernate-core-6.6.13.Final.jar:6.6.13.Final]
	at org.hibernate.boot.registry.internal.StandardServiceRegistryImpl.initiateService(StandardServiceRegistryImpl.java:130) ~[hibernate-core-6.6.13.Final.jar:6.6.13.Final]
	at org.hibernate.service.internal.AbstractServiceRegistryImpl.createService(AbstractServiceRegistryImpl.java:263) ~[hibernate-core-6.6.13.Final.jar:6.6.13.Final]
	... 118 common frames omitted
Caused by: org.hibernate.boot.registry.classloading.spi.ClassLoadingException: Unable to load class [org.hibernate.spatial.dialect.postgis.PostgisDialect]
	at org.hibernate.boot.registry.classloading.internal.ClassLoaderServiceImpl.classForName(ClassLoaderServiceImpl.java:126) ~[hibernate-core-6.6.13.Final.jar:6.6.13.Final]
	at org.hibernate.boot.registry.selector.internal.StrategySelectorImpl.selectStrategyImplementor(StrategySelectorImpl.java:150) ~[hibernate-core-6.6.13.Final.jar:6.6.13.Final]
	... 128 common frames omitted
Caused by: java.lang.ClassNotFoundException: Could not load requested class : org.hibernate.spatial.dialect.postgis.PostgisDialect
	at org.hibernate.boot.registry.classloading.internal.AggregatedClassLoader.findClass(AggregatedClassLoader.java:216) ~[hibernate-core-6.6.13.Final.jar:6.6.13.Final]
	at java.base/java.lang.ClassLoader.loadClass(ClassLoader.java:588) ~[na:na]
	at java.base/java.lang.ClassLoader.loadClass(ClassLoader.java:521) ~[na:na]
	at java.base/java.lang.Class.forName0(Native Method) ~[na:na]
	at java.base/java.lang.Class.forName(Class.java:488) ~[na:na]
	at java.base/java.lang.Class.forName(Class.java:467) ~[na:na]
	at org.hibernate.boot.registry.classloading.internal.ClassLoaderServiceImpl.classForName(ClassLoaderServiceImpl.java:123) ~[hibernate-core-6.6.13.Final.jar:6.6.13.Final]
	... 129 common frames omitted
Caused by: java.lang.Throwable: null
	at org.hibernate.boot.registry.classloading.internal.AggregatedClassLoader.findClass(AggregatedClassLoader.java:209) ~[hibernate-core-6.6.13.Final.jar:6.6.13.Final]
	... 135 common frames omitted
	Suppressed: java.lang.ClassNotFoundException: org.hibernate.spatial.dialect.postgis.PostgisDialect
		at java.base/jdk.internal.loader.BuiltinClassLoader.loadClass(BuiltinClassLoader.java:641) ~[na:na]
		at java.base/jdk.internal.loader.ClassLoaders$AppClassLoader.loadClass(ClassLoaders.java:188) ~[na:na]
		at java.base/java.lang.ClassLoader.loadClass(ClassLoader.java:521) ~[na:na]
		at org.hibernate.boot.registry.classloading.internal.AggregatedClassLoader.findClass(AggregatedClassLoader.java:206) ~[hibernate-core-6.6.13.Final.jar:6.6.13.Final]
		... 135 common frames omitted
	Suppressed: java.lang.ClassNotFoundException: org.hibernate.spatial.dialect.postgis.PostgisDialect
		at java.base/jdk.internal.loader.BuiltinClassLoader.loadClass(BuiltinClassLoader.java:641) ~[na:na]
		at java.base/jdk.internal.loader.ClassLoaders$AppClassLoader.loadClass(ClassLoaders.java:188) ~[na:na]
		at java.base/java.lang.ClassLoader.loadClass(ClassLoader.java:521) ~[na:na]
		at org.hibernate.boot.registry.classloading.internal.AggregatedClassLoader.findClass(AggregatedClassLoader.java:206) ~[hibernate-core-6.6.13.Final.jar:6.6.13.Final]
		... 135 common frames omitted
	Suppressed: java.lang.ClassNotFoundException: org.hibernate.spatial.dialect.postgis.PostgisDialect
		at java.base/jdk.internal.loader.BuiltinClassLoader.loadClass(BuiltinClassLoader.java:641) ~[na:na]
		at java.base/jdk.internal.loader.ClassLoaders$AppClassLoader.loadClass(ClassLoaders.java:188) ~[na:na]
		at java.base/java.lang.ClassLoader.loadClass(ClassLoader.java:521) ~[na:na]
		at org.hibernate.boot.registry.classloading.internal.AggregatedClassLoader.findClass(AggregatedClassLoader.java:206) ~[hibernate-core-6.6.13.Final.jar:6.6.13.Final]
		... 135 common frames omitted

2025-04-27T16:25:05.391+02:00  WARN 2647 --- [water-data-api] [           main] o.s.test.context.TestContextManager      : Caught exception while allowing TestExecutionListener [org.springframework.test.context.web.ServletTestExecutionListener] to prepare test instance [org.fairwater.fair_water_api.FairWaterApiApplicationTests@1e2445f6]

java.lang.IllegalStateException: Failed to load ApplicationContext for [WebMergedContextConfiguration@3079c26a testClass = org.fairwater.fair_water_api.FairWaterApiApplicationTests, locations = [], classes = [org.fairwater.fair_water_api.FairWaterApiApplication], contextInitializerClasses = [], activeProfiles = [], propertySourceDescriptors = [], propertySourceProperties = ["org.springframework.boot.test.context.SpringBootTestContextBootstrapper=true"], contextCustomizers = [org.springframework.boot.test.context.filter.ExcludeFilterContextCustomizer@173ed316, org.springframework.boot.test.json.DuplicateJsonObjectContextCustomizerFactory$DuplicateJsonObjectContextCustomizer@27406a17, org.springframework.boot.test.mock.mockito.MockitoContextCustomizer@0, org.springframework.boot.test.web.client.TestRestTemplateContextCustomizer@3a7442c7, org.springframework.boot.test.web.reactor.netty.DisableReactorResourceFactoryGlobalResourcesContextCustomizerFactory$DisableReactorResourceFactoryGlobalResourcesContextCustomizerCustomizer@d737b89, org.springframework.boot.test.autoconfigure.OnFailureConditionReportContextCustomizerFactory$OnFailureConditionReportContextCustomizer@2d901eb0, org.springframework.boot.test.autoconfigure.actuate.observability.ObservabilityContextCustomizerFactory$DisableObservabilityContextCustomizer@1f, org.springframework.boot.test.autoconfigure.properties.PropertyMappingContextCustomizer@0, org.springframework.boot.test.autoconfigure.web.servlet.WebDriverContextCustomizer@231f98ef, org.springframework.test.context.support.DynamicPropertiesContextCustomizer@0, org.springframework.boot.test.context.SpringBootTestAnnotation@15770fb7], resourceBasePath = "src/main/webapp", contextLoader = org.springframework.boot.test.context.SpringBootContextLoader, parent = null]
	at org.springframework.test.context.cache.DefaultCacheAwareContextLoaderDelegate.loadContext(DefaultCacheAwareContextLoaderDelegate.java:180) ~[spring-test-6.2.6.jar:6.2.6]
	at org.springframework.test.context.support.DefaultTestContext.getApplicationContext(DefaultTestContext.java:130) ~[spring-test-6.2.6.jar:6.2.6]
	at org.springframework.test.context.web.ServletTestExecutionListener.setUpRequestContextIfNecessary(ServletTestExecutionListener.java:200) ~[spring-test-6.2.6.jar:6.2.6]
	at org.springframework.test.context.web.ServletTestExecutionListener.prepareTestInstance(ServletTestExecutionListener.java:139) ~[spring-test-6.2.6.jar:6.2.6]
	at org.springframework.test.context.TestContextManager.prepareTestInstance(TestContextManager.java:260) ~[spring-test-6.2.6.jar:6.2.6]
	at org.springframework.test.context.junit.jupiter.SpringExtension.postProcessTestInstance(SpringExtension.java:159) ~[spring-test-6.2.6.jar:6.2.6]
	at org.junit.jupiter.engine.descriptor.ClassBasedTestDescriptor.lambda$invokeTestInstancePostProcessors$11(ClassBasedTestDescriptor.java:378) ~[junit-jupiter-engine-5.11.4.jar:5.11.4]
	at org.junit.jupiter.engine.descriptor.ClassBasedTestDescriptor.executeAndMaskThrowable(ClassBasedTestDescriptor.java:383) ~[junit-jupiter-engine-5.11.4.jar:5.11.4]
	at org.junit.jupiter.engine.descriptor.ClassBasedTestDescriptor.lambda$invokeTestInstancePostProcessors$12(ClassBasedTestDescriptor.java:378) ~[junit-jupiter-engine-5.11.4.jar:5.11.4]
	at java.base/java.util.stream.ForEachOps$ForEachOp$OfRef.accept(ForEachOps.java:183) ~[na:na]
	at java.base/java.util.stream.ReferencePipeline$3$1.accept(ReferencePipeline.java:197) ~[na:na]
	at java.base/java.util.stream.ReferencePipeline$2$1.accept(ReferencePipeline.java:179) ~[na:na]
	at java.base/java.util.stream.ReferencePipeline$3$1.accept(ReferencePipeline.java:197) ~[na:na]
	at java.base/java.util.ArrayList$ArrayListSpliterator.forEachRemaining(ArrayList.java:1625) ~[na:na]
	at java.base/java.util.stream.AbstractPipeline.copyInto(AbstractPipeline.java:509) ~[na:na]
	at java.base/java.util.stream.AbstractPipeline.wrapAndCopyInto(AbstractPipeline.java:499) ~[na:na]
	at java.base/java.util.stream.ForEachOps$ForEachOp.evaluateSequential(ForEachOps.java:150) ~[na:na]
	at java.base/java.util.stream.ForEachOps$ForEachOp$OfRef.evaluateSequential(ForEachOps.java:173) ~[na:na]
	at java.base/java.util.stream.AbstractPipeline.evaluate(AbstractPipeline.java:234) ~[na:na]
	at java.base/java.util.stream.ReferencePipeline.forEach(ReferencePipeline.java:596) ~[na:na]
	at org.junit.jupiter.engine.descriptor.ClassBasedTestDescriptor.invokeTestInstancePostProcessors(ClassBasedTestDescriptor.java:377) ~[junit-jupiter-engine-5.11.4.jar:5.11.4]
	at org.junit.jupiter.engine.descriptor.ClassBasedTestDescriptor.lambda$instantiateAndPostProcessTestInstance$7(ClassBasedTestDescriptor.java:290) ~[junit-jupiter-engine-5.11.4.jar:5.11.4]
	at org.junit.platform.engine.support.hierarchical.ThrowableCollector.execute(ThrowableCollector.java:73) ~[junit-platform-engine-1.11.4.jar:1.11.4]
	at org.junit.jupiter.engine.descriptor.ClassBasedTestDescriptor.instantiateAndPostProcessTestInstance(ClassBasedTestDescriptor.java:289) ~[junit-jupiter-engine-5.11.4.jar:5.11.4]
	at org.junit.jupiter.engine.descriptor.ClassBasedTestDescriptor.lambda$testInstancesProvider$5(ClassBasedTestDescriptor.java:279) ~[junit-jupiter-engine-5.11.4.jar:5.11.4]
	at java.base/java.util.Optional.orElseGet(Optional.java:364) ~[na:na]
	at org.junit.jupiter.engine.descriptor.ClassBasedTestDescriptor.lambda$testInstancesProvider$6(ClassBasedTestDescriptor.java:278) ~[junit-jupiter-engine-5.11.4.jar:5.11.4]
	at org.junit.jupiter.engine.execution.TestInstancesProvider.getTestInstances(TestInstancesProvider.java:31) ~[junit-jupiter-engine-5.11.4.jar:5.11.4]
	at org.junit.jupiter.engine.descriptor.TestMethodTestDescriptor.lambda$prepare$1(TestMethodTestDescriptor.java:105) ~[junit-jupiter-engine-5.11.4.jar:5.11.4]
	at org.junit.platform.engine.support.hierarchical.ThrowableCollector.execute(ThrowableCollector.java:73) ~[junit-platform-engine-1.11.4.jar:1.11.4]
	at org.junit.jupiter.engine.descriptor.TestMethodTestDescriptor.prepare(TestMethodTestDescriptor.java:104) ~[junit-jupiter-engine-5.11.4.jar:5.11.4]
	at org.junit.jupiter.engine.descriptor.TestMethodTestDescriptor.prepare(TestMethodTestDescriptor.java:68) ~[junit-jupiter-engine-5.11.4.jar:5.11.4]
	at org.junit.platform.engine.support.hierarchical.NodeTestTask.lambda$prepare$2(NodeTestTask.java:128) ~[junit-platform-engine-1.11.4.jar:1.11.4]
	at org.junit.platform.engine.support.hierarchical.ThrowableCollector.execute(ThrowableCollector.java:73) ~[junit-platform-engine-1.11.4.jar:1.11.4]
	at org.junit.platform.engine.support.hierarchical.NodeTestTask.prepare(NodeTestTask.java:128) ~[junit-platform-engine-1.11.4.jar:1.11.4]
	at org.junit.platform.engine.support.hierarchical.NodeTestTask.execute(NodeTestTask.java:95) ~[junit-platform-engine-1.11.4.jar:1.11.4]
	at java.base/java.util.ArrayList.forEach(ArrayList.java:1511) ~[na:na]
	at org.junit.platform.engine.support.hierarchical.SameThreadHierarchicalTestExecutorService.invokeAll(SameThreadHierarchicalTestExecutorService.java:41) ~[junit-platform-engine-1.11.4.jar:1.11.4]
	at org.junit.platform.engine.support.hierarchical.NodeTestTask.lambda$executeRecursively$6(NodeTestTask.java:160) ~[junit-platform-engine-1.11.4.jar:1.11.4]
	at org.junit.platform.engine.support.hierarchical.ThrowableCollector.execute(ThrowableCollector.java:73) ~[junit-platform-engine-1.11.4.jar:1.11.4]
	at org.junit.platform.engine.support.hierarchical.NodeTestTask.lambda$executeRecursively$8(NodeTestTask.java:146) ~[junit-platform-engine-1.11.4.jar:1.11.4]
	at org.junit.platform.engine.support.hierarchical.Node.around(Node.java:137) ~[junit-platform-engine-1.11.4.jar:1.11.4]
	at org.junit.platform.engine.support.hierarchical.NodeTestTask.lambda$executeRecursively$9(NodeTestTask.java:144) ~[junit-platform-engine-1.11.4.jar:1.11.4]
	at org.junit.platform.engine.support.hierarchical.ThrowableCollector.execute(ThrowableCollector.java:73) ~[junit-platform-engine-1.11.4.jar:1.11.4]
	at org.junit.platform.engine.support.hierarchical.NodeTestTask.executeRecursively(NodeTestTask.java:143) ~[junit-platform-engine-1.11.4.jar:1.11.4]
	at org.junit.platform.engine.support.hierarchical.NodeTestTask.execute(NodeTestTask.java:100) ~[junit-platform-engine-1.11.4.jar:1.11.4]
	at java.base/java.util.ArrayList.forEach(ArrayList.java:1511) ~[na:na]
	at org.junit.platform.engine.support.hierarchical.SameThreadHierarchicalTestExecutorService.invokeAll(SameThreadHierarchicalTestExecutorService.java:41) ~[junit-platform-engine-1.11.4.jar:1.11.4]
	at org.junit.platform.engine.support.hierarchical.NodeTestTask.lambda$executeRecursively$6(NodeTestTask.java:160) ~[junit-platform-engine-1.11.4.jar:1.11.4]
	at org.junit.platform.engine.support.hierarchical.ThrowableCollector.execute(ThrowableCollector.java:73) ~[junit-platform-engine-1.11.4.jar:1.11.4]
	at org.junit.platform.engine.support.hierarchical.NodeTestTask.lambda$executeRecursively$8(NodeTestTask.java:146) ~[junit-platform-engine-1.11.4.jar:1.11.4]
	at org.junit.platform.engine.support.hierarchical.Node.around(Node.java:137) ~[junit-platform-engine-1.11.4.jar:1.11.4]
	at org.junit.platform.engine.support.hierarchical.NodeTestTask.lambda$executeRecursively$9(NodeTestTask.java:144) ~[junit-platform-engine-1.11.4.jar:1.11.4]
	at org.junit.platform.engine.support.hierarchical.ThrowableCollector.execute(ThrowableCollector.java:73) ~[junit-platform-engine-1.11.4.jar:1.11.4]
	at org.junit.platform.engine.support.hierarchical.NodeTestTask.executeRecursively(NodeTestTask.java:143) ~[junit-platform-engine-1.11.4.jar:1.11.4]
	at org.junit.platform.engine.support.hierarchical.NodeTestTask.execute(NodeTestTask.java:100) ~[junit-platform-engine-1.11.4.jar:1.11.4]
	at org.junit.platform.engine.support.hierarchical.SameThreadHierarchicalTestExecutorService.submit(SameThreadHierarchicalTestExecutorService.java:35) ~[junit-platform-engine-1.11.4.jar:1.11.4]
	at org.junit.platform.engine.support.hierarchical.HierarchicalTestExecutor.execute(HierarchicalTestExecutor.java:57) ~[junit-platform-engine-1.11.4.jar:1.11.4]
	at org.junit.platform.engine.support.hierarchical.HierarchicalTestEngine.execute(HierarchicalTestEngine.java:54) ~[junit-platform-engine-1.11.4.jar:1.11.4]
	at org.junit.platform.launcher.core.EngineExecutionOrchestrator.execute(EngineExecutionOrchestrator.java:198) ~[junit-platform-launcher-1.11.4.jar:1.11.4]
	at org.junit.platform.launcher.core.EngineExecutionOrchestrator.execute(EngineExecutionOrchestrator.java:169) ~[junit-platform-launcher-1.11.4.jar:1.11.4]
	at org.junit.platform.launcher.core.EngineExecutionOrchestrator.execute(EngineExecutionOrchestrator.java:93) ~[junit-platform-launcher-1.11.4.jar:1.11.4]
	at org.junit.platform.launcher.core.EngineExecutionOrchestrator.lambda$execute$0(EngineExecutionOrchestrator.java:58) ~[junit-platform-launcher-1.11.4.jar:1.11.4]
	at org.junit.platform.launcher.core.EngineExecutionOrchestrator.withInterceptedStreams(EngineExecutionOrchestrator.java:141) ~[junit-platform-launcher-1.11.4.jar:1.11.4]
	at org.junit.platform.launcher.core.EngineExecutionOrchestrator.execute(EngineExecutionOrchestrator.java:57) ~[junit-platform-launcher-1.11.4.jar:1.11.4]
	at org.junit.platform.launcher.core.DefaultLauncher.execute(DefaultLauncher.java:103) ~[junit-platform-launcher-1.11.4.jar:1.11.4]
	at org.junit.platform.launcher.core.DefaultLauncher.execute(DefaultLauncher.java:85) ~[junit-platform-launcher-1.11.4.jar:1.11.4]
	at org.junit.platform.launcher.core.DelegatingLauncher.execute(DelegatingLauncher.java:47) ~[junit-platform-launcher-1.11.4.jar:1.11.4]
	at org.apache.maven.surefire.junitplatform.LazyLauncher.execute(LazyLauncher.java:56) ~[surefire-junit-platform-3.5.3.jar:3.5.3]
	at org.apache.maven.surefire.junitplatform.JUnitPlatformProvider.execute(JUnitPlatformProvider.java:194) ~[surefire-junit-platform-3.5.3.jar:3.5.3]
	at org.apache.maven.surefire.junitplatform.JUnitPlatformProvider.invokeAllTests(JUnitPlatformProvider.java:150) ~[surefire-junit-platform-3.5.3.jar:3.5.3]
	at org.apache.maven.surefire.junitplatform.JUnitPlatformProvider.invoke(JUnitPlatformProvider.java:124) ~[surefire-junit-platform-3.5.3.jar:3.5.3]
	at org.apache.maven.surefire.booter.ForkedBooter.runSuitesInProcess(ForkedBooter.java:385) ~[surefire-booter-3.5.3.jar:3.5.3]
	at org.apache.maven.surefire.booter.ForkedBooter.execute(ForkedBooter.java:162) ~[surefire-booter-3.5.3.jar:3.5.3]
	at org.apache.maven.surefire.booter.ForkedBooter.run(ForkedBooter.java:507) ~[surefire-booter-3.5.3.jar:3.5.3]
	at org.apache.maven.surefire.booter.ForkedBooter.main(ForkedBooter.java:495) ~[surefire-booter-3.5.3.jar:3.5.3]
Caused by: org.springframework.beans.factory.BeanCreationException: Error creating bean with name 'entityManagerFactory' defined in class path resource [org/springframework/boot/autoconfigure/orm/jpa/HibernateJpaConfiguration.class]: Unable to create requested service [org.hibernate.engine.jdbc.env.spi.JdbcEnvironment] due to: Unable to resolve name [org.hibernate.spatial.dialect.postgis.PostgisDialect] as strategy [org.hibernate.dialect.Dialect]
	at org.springframework.beans.factory.support.AbstractAutowireCapableBeanFactory.initializeBean(AbstractAutowireCapableBeanFactory.java:1818) ~[spring-beans-6.2.6.jar:6.2.6]
	at org.springframework.beans.factory.support.AbstractAutowireCapableBeanFactory.doCreateBean(AbstractAutowireCapableBeanFactory.java:607) ~[spring-beans-6.2.6.jar:6.2.6]
	at org.springframework.beans.factory.support.AbstractAutowireCapableBeanFactory.createBean(AbstractAutowireCapableBeanFactory.java:529) ~[spring-beans-6.2.6.jar:6.2.6]
	at org.springframework.beans.factory.support.AbstractBeanFactory.lambda$doGetBean$0(AbstractBeanFactory.java:339) ~[spring-beans-6.2.6.jar:6.2.6]
	at org.springframework.beans.factory.support.DefaultSingletonBeanRegistry.getSingleton(DefaultSingletonBeanRegistry.java:371) ~[spring-beans-6.2.6.jar:6.2.6]
	at org.springframework.beans.factory.support.AbstractBeanFactory.doGetBean(AbstractBeanFactory.java:337) ~[spring-beans-6.2.6.jar:6.2.6]
	at org.springframework.beans.factory.support.AbstractBeanFactory.getBean(AbstractBeanFactory.java:207) ~[spring-beans-6.2.6.jar:6.2.6]
	at org.springframework.context.support.AbstractApplicationContext.finishBeanFactoryInitialization(AbstractApplicationContext.java:970) ~[spring-context-6.2.6.jar:6.2.6]
	at org.springframework.context.support.AbstractApplicationContext.refresh(AbstractApplicationContext.java:627) ~[spring-context-6.2.6.jar:6.2.6]
	at org.springframework.boot.SpringApplication.refresh(SpringApplication.java:753) ~[spring-boot-3.4.5.jar:3.4.5]
	at org.springframework.boot.SpringApplication.refreshContext(SpringApplication.java:439) ~[spring-boot-3.4.5.jar:3.4.5]
	at org.springframework.boot.SpringApplication.run(SpringApplication.java:318) ~[spring-boot-3.4.5.jar:3.4.5]
	at org.springframework.boot.test.context.SpringBootContextLoader.lambda$loadContext$3(SpringBootContextLoader.java:144) ~[spring-boot-test-3.4.5.jar:3.4.5]
	at org.springframework.util.function.ThrowingSupplier.get(ThrowingSupplier.java:58) ~[spring-core-6.2.6.jar:6.2.6]
	at org.springframework.util.function.ThrowingSupplier.get(ThrowingSupplier.java:46) ~[spring-core-6.2.6.jar:6.2.6]
	at org.springframework.boot.SpringApplication.withHook(SpringApplication.java:1462) ~[spring-boot-3.4.5.jar:3.4.5]
	at org.springframework.boot.test.context.SpringBootContextLoader$ContextLoaderHook.run(SpringBootContextLoader.java:563) ~[spring-boot-test-3.4.5.jar:3.4.5]
	at org.springframework.boot.test.context.SpringBootContextLoader.loadContext(SpringBootContextLoader.java:144) ~[spring-boot-test-3.4.5.jar:3.4.5]
	at org.springframework.boot.test.context.SpringBootContextLoader.loadContext(SpringBootContextLoader.java:110) ~[spring-boot-test-3.4.5.jar:3.4.5]
	at org.springframework.test.context.cache.DefaultCacheAwareContextLoaderDelegate.loadContextInternal(DefaultCacheAwareContextLoaderDelegate.java:225) ~[spring-test-6.2.6.jar:6.2.6]
	at org.springframework.test.context.cache.DefaultCacheAwareContextLoaderDelegate.loadContext(DefaultCacheAwareContextLoaderDelegate.java:152) ~[spring-test-6.2.6.jar:6.2.6]
	... 75 common frames omitted
Caused by: org.hibernate.service.spi.ServiceException: Unable to create requested service [org.hibernate.engine.jdbc.env.spi.JdbcEnvironment] due to: Unable to resolve name [org.hibernate.spatial.dialect.postgis.PostgisDialect] as strategy [org.hibernate.dialect.Dialect]
	at org.hibernate.service.internal.AbstractServiceRegistryImpl.createService(AbstractServiceRegistryImpl.java:276) ~[hibernate-core-6.6.13.Final.jar:6.6.13.Final]
	at org.hibernate.service.internal.AbstractServiceRegistryImpl.initializeService(AbstractServiceRegistryImpl.java:238) ~[hibernate-core-6.6.13.Final.jar:6.6.13.Final]
	at org.hibernate.service.internal.AbstractServiceRegistryImpl.getService(AbstractServiceRegistryImpl.java:215) ~[hibernate-core-6.6.13.Final.jar:6.6.13.Final]
	at org.hibernate.service.ServiceRegistry.requireService(ServiceRegistry.java:68) ~[hibernate-core-6.6.13.Final.jar:6.6.13.Final]
	at org.hibernate.engine.jdbc.internal.JdbcServicesImpl.configure(JdbcServicesImpl.java:52) ~[hibernate-core-6.6.13.Final.jar:6.6.13.Final]
	at org.hibernate.boot.registry.internal.StandardServiceRegistryImpl.configureService(StandardServiceRegistryImpl.java:136) ~[hibernate-core-6.6.13.Final.jar:6.6.13.Final]
	at org.hibernate.service.internal.AbstractServiceRegistryImpl.initializeService(AbstractServiceRegistryImpl.java:247) ~[hibernate-core-6.6.13.Final.jar:6.6.13.Final]
	at org.hibernate.service.internal.AbstractServiceRegistryImpl.getService(AbstractServiceRegistryImpl.java:215) ~[hibernate-core-6.6.13.Final.jar:6.6.13.Final]
	at org.hibernate.spatial.contributor.ContributorResolver.resolveSpatialtypeContributorImplementor(ContributorResolver.java:52) ~[hibernate-spatial-6.6.13.Final.jar:6.6.13.Final]
	at org.hibernate.spatial.contributor.SpatialTypeContributor.contribute(SpatialTypeContributor.java:18) ~[hibernate-spatial-6.6.13.Final.jar:6.6.13.Final]
	at org.hibernate.boot.internal.MetadataBuilderImpl.applyTypes(MetadataBuilderImpl.java:295) ~[hibernate-core-6.6.13.Final.jar:6.6.13.Final]
	at java.base/java.lang.Iterable.forEach(Iterable.java:75) ~[na:na]
	at java.base/java.util.Collections$UnmodifiableCollection.forEach(Collections.java:1092) ~[na:na]
	at org.hibernate.jpa.boot.internal.EntityManagerFactoryBuilderImpl.applyTypeContributors(EntityManagerFactoryBuilderImpl.java:1414) ~[hibernate-core-6.6.13.Final.jar:6.6.13.Final]
	at org.hibernate.jpa.boot.internal.EntityManagerFactoryBuilderImpl.applyMetamodelBuilderSettings(EntityManagerFactoryBuilderImpl.java:1395) ~[hibernate-core-6.6.13.Final.jar:6.6.13.Final]
	at org.hibernate.jpa.boot.internal.EntityManagerFactoryBuilderImpl.<init>(EntityManagerFactoryBuilderImpl.java:281) ~[hibernate-core-6.6.13.Final.jar:6.6.13.Final]
	at org.hibernate.jpa.boot.internal.EntityManagerFactoryBuilderImpl.<init>(EntityManagerFactoryBuilderImpl.java:199) ~[hibernate-core-6.6.13.Final.jar:6.6.13.Final]
	at org.springframework.orm.jpa.vendor.SpringHibernateJpaPersistenceProvider.createContainerEntityManagerFactory(SpringHibernateJpaPersistenceProvider.java:54) ~[spring-orm-6.2.6.jar:6.2.6]
	at org.springframework.orm.jpa.LocalContainerEntityManagerFactoryBean.createNativeEntityManagerFactory(LocalContainerEntityManagerFactoryBean.java:390) ~[spring-orm-6.2.6.jar:6.2.6]
	at org.springframework.orm.jpa.AbstractEntityManagerFactoryBean.buildNativeEntityManagerFactory(AbstractEntityManagerFactoryBean.java:419) ~[spring-orm-6.2.6.jar:6.2.6]
	at org.springframework.orm.jpa.AbstractEntityManagerFactoryBean.afterPropertiesSet(AbstractEntityManagerFactoryBean.java:400) ~[spring-orm-6.2.6.jar:6.2.6]
	at org.springframework.orm.jpa.LocalContainerEntityManagerFactoryBean.afterPropertiesSet(LocalContainerEntityManagerFactoryBean.java:366) ~[spring-orm-6.2.6.jar:6.2.6]
	at org.springframework.beans.factory.support.AbstractAutowireCapableBeanFactory.invokeInitMethods(AbstractAutowireCapableBeanFactory.java:1865) ~[spring-beans-6.2.6.jar:6.2.6]
	at org.springframework.beans.factory.support.AbstractAutowireCapableBeanFactory.initializeBean(AbstractAutowireCapableBeanFactory.java:1814) ~[spring-beans-6.2.6.jar:6.2.6]
	... 95 common frames omitted
Caused by: org.hibernate.boot.registry.selector.spi.StrategySelectionException: Unable to resolve name [org.hibernate.spatial.dialect.postgis.PostgisDialect] as strategy [org.hibernate.dialect.Dialect]
	at org.hibernate.boot.registry.selector.internal.StrategySelectorImpl.selectStrategyImplementor(StrategySelectorImpl.java:154) ~[hibernate-core-6.6.13.Final.jar:6.6.13.Final]
	at org.hibernate.boot.registry.selector.internal.StrategySelectorImpl.resolveStrategy(StrategySelectorImpl.java:236) ~[hibernate-core-6.6.13.Final.jar:6.6.13.Final]
	at org.hibernate.boot.registry.selector.internal.StrategySelectorImpl.resolveStrategy(StrategySelectorImpl.java:189) ~[hibernate-core-6.6.13.Final.jar:6.6.13.Final]
	at org.hibernate.engine.jdbc.dialect.internal.DialectFactoryImpl.constructDialect(DialectFactoryImpl.java:123) ~[hibernate-core-6.6.13.Final.jar:6.6.13.Final]
	at org.hibernate.engine.jdbc.dialect.internal.DialectFactoryImpl.buildDialect(DialectFactoryImpl.java:88) ~[hibernate-core-6.6.13.Final.jar:6.6.13.Final]
	at org.hibernate.engine.jdbc.env.internal.JdbcEnvironmentInitiator.getJdbcEnvironmentWithDefaults(JdbcEnvironmentInitiator.java:181) ~[hibernate-core-6.6.13.Final.jar:6.6.13.Final]
	at org.hibernate.engine.jdbc.env.internal.JdbcEnvironmentInitiator.getJdbcEnvironmentUsingJdbcMetadata(JdbcEnvironmentInitiator.java:392) ~[hibernate-core-6.6.13.Final.jar:6.6.13.Final]
	at org.hibernate.engine.jdbc.env.internal.JdbcEnvironmentInitiator.initiateService(JdbcEnvironmentInitiator.java:129) ~[hibernate-core-6.6.13.Final.jar:6.6.13.Final]
	at org.hibernate.engine.jdbc.env.internal.JdbcEnvironmentInitiator.initiateService(JdbcEnvironmentInitiator.java:81) ~[hibernate-core-6.6.13.Final.jar:6.6.13.Final]
	at org.hibernate.boot.registry.internal.StandardServiceRegistryImpl.initiateService(StandardServiceRegistryImpl.java:130) ~[hibernate-core-6.6.13.Final.jar:6.6.13.Final]
	at org.hibernate.service.internal.AbstractServiceRegistryImpl.createService(AbstractServiceRegistryImpl.java:263) ~[hibernate-core-6.6.13.Final.jar:6.6.13.Final]
	... 118 common frames omitted
Caused by: org.hibernate.boot.registry.classloading.spi.ClassLoadingException: Unable to load class [org.hibernate.spatial.dialect.postgis.PostgisDialect]
	at org.hibernate.boot.registry.classloading.internal.ClassLoaderServiceImpl.classForName(ClassLoaderServiceImpl.java:126) ~[hibernate-core-6.6.13.Final.jar:6.6.13.Final]
	at org.hibernate.boot.registry.selector.internal.StrategySelectorImpl.selectStrategyImplementor(StrategySelectorImpl.java:150) ~[hibernate-core-6.6.13.Final.jar:6.6.13.Final]
	... 128 common frames omitted
Caused by: java.lang.ClassNotFoundException: Could not load requested class : org.hibernate.spatial.dialect.postgis.PostgisDialect
	at org.hibernate.boot.registry.classloading.internal.AggregatedClassLoader.findClass(AggregatedClassLoader.java:216) ~[hibernate-core-6.6.13.Final.jar:6.6.13.Final]
	at java.base/java.lang.ClassLoader.loadClass(ClassLoader.java:588) ~[na:na]
	at java.base/java.lang.ClassLoader.loadClass(ClassLoader.java:521) ~[na:na]
	at java.base/java.lang.Class.forName0(Native Method) ~[na:na]
	at java.base/java.lang.Class.forName(Class.java:488) ~[na:na]
	at java.base/java.lang.Class.forName(Class.java:467) ~[na:na]
	at org.hibernate.boot.registry.classloading.internal.ClassLoaderServiceImpl.classForName(ClassLoaderServiceImpl.java:123) ~[hibernate-core-6.6.13.Final.jar:6.6.13.Final]
	... 129 common frames omitted
Caused by: java.lang.Throwable: null
	at org.hibernate.boot.registry.classloading.internal.AggregatedClassLoader.findClass(AggregatedClassLoader.java:209) ~[hibernate-core-6.6.13.Final.jar:6.6.13.Final]
	... 135 common frames omitted
	Suppressed: java.lang.ClassNotFoundException: org.hibernate.spatial.dialect.postgis.PostgisDialect
		at java.base/jdk.internal.loader.BuiltinClassLoader.loadClass(BuiltinClassLoader.java:641) ~[na:na]
		at java.base/jdk.internal.loader.ClassLoaders$AppClassLoader.loadClass(ClassLoaders.java:188) ~[na:na]
		at java.base/java.lang.ClassLoader.loadClass(ClassLoader.java:521) ~[na:na]
		at org.hibernate.boot.registry.classloading.internal.AggregatedClassLoader.findClass(AggregatedClassLoader.java:206) ~[hibernate-core-6.6.13.Final.jar:6.6.13.Final]
		... 135 common frames omitted
	Suppressed: java.lang.ClassNotFoundException: org.hibernate.spatial.dialect.postgis.PostgisDialect
		at java.base/jdk.internal.loader.BuiltinClassLoader.loadClass(BuiltinClassLoader.java:641) ~[na:na]
		at java.base/jdk.internal.loader.ClassLoaders$AppClassLoader.loadClass(ClassLoaders.java:188) ~[na:na]
		at java.base/java.lang.ClassLoader.loadClass(ClassLoader.java:521) ~[na:na]
		at org.hibernate.boot.registry.classloading.internal.AggregatedClassLoader.findClass(AggregatedClassLoader.java:206) ~[hibernate-core-6.6.13.Final.jar:6.6.13.Final]
		... 135 common frames omitted
	Suppressed: java.lang.ClassNotFoundException: org.hibernate.spatial.dialect.postgis.PostgisDialect
		at java.base/jdk.internal.loader.BuiltinClassLoader.loadClass(BuiltinClassLoader.java:641) ~[na:na]
		at java.base/jdk.internal.loader.ClassLoaders$AppClassLoader.loadClass(ClassLoaders.java:188) ~[na:na]
		at java.base/java.lang.ClassLoader.loadClass(ClassLoader.java:521) ~[na:na]
		at org.hibernate.boot.registry.classloading.internal.AggregatedClassLoader.findClass(AggregatedClassLoader.java:206) ~[hibernate-core-6.6.13.Final.jar:6.6.13.Final]
		... 135 common frames omitted

[[1;31mERROR[m] [1;31mTests [0;1mrun: [0;1m1[m, Failures: 0, [1;31mErrors: [0;1;31m1[m, Skipped: 0, Time elapsed: 4.899 s[1;31m <<< FAILURE![m -- in org.fairwater.fair_water_api.[1mFairWaterApiApplicationTests[m
[[1;31mERROR[m] org.fairwater.fair_water_api.FairWaterApiApplicationTests.contextLoads -- Time elapsed: 0.012 s <<< ERROR!
java.lang.IllegalStateException: Failed to load ApplicationContext for [WebMergedContextConfiguration@3079c26a testClass = org.fairwater.fair_water_api.FairWaterApiApplicationTests, locations = [], classes = [org.fairwater.fair_water_api.FairWaterApiApplication], contextInitializerClasses = [], activeProfiles = [], propertySourceDescriptors = [], propertySourceProperties = ["org.springframework.boot.test.context.SpringBootTestContextBootstrapper=true"], contextCustomizers = [org.springframework.boot.test.context.filter.ExcludeFilterContextCustomizer@173ed316, org.springframework.boot.test.json.DuplicateJsonObjectContextCustomizerFactory$DuplicateJsonObjectContextCustomizer@27406a17, org.springframework.boot.test.mock.mockito.MockitoContextCustomizer@0, org.springframework.boot.test.web.client.TestRestTemplateContextCustomizer@3a7442c7, org.springframework.boot.test.web.reactor.netty.DisableReactorResourceFactoryGlobalResourcesContextCustomizerFactory$DisableReactorResourceFactoryGlobalResourcesContextCustomizerCustomizer@d737b89, org.springframework.boot.test.autoconfigure.OnFailureConditionReportContextCustomizerFactory$OnFailureConditionReportContextCustomizer@2d901eb0, org.springframework.boot.test.autoconfigure.actuate.observability.ObservabilityContextCustomizerFactory$DisableObservabilityContextCustomizer@1f, org.springframework.boot.test.autoconfigure.properties.PropertyMappingContextCustomizer@0, org.springframework.boot.test.autoconfigure.web.servlet.WebDriverContextCustomizer@231f98ef, org.springframework.test.context.support.DynamicPropertiesContextCustomizer@0, org.springframework.boot.test.context.SpringBootTestAnnotation@15770fb7], resourceBasePath = "src/main/webapp", contextLoader = org.springframework.boot.test.context.SpringBootContextLoader, parent = null]
	at org.springframework.test.context.cache.DefaultCacheAwareContextLoaderDelegate.loadContext(DefaultCacheAwareContextLoaderDelegate.java:180)
	at org.springframework.test.context.support.DefaultTestContext.getApplicationContext(DefaultTestContext.java:130)
	at org.springframework.test.context.web.ServletTestExecutionListener.setUpRequestContextIfNecessary(ServletTestExecutionListener.java:200)
	at org.springframework.test.context.web.ServletTestExecutionListener.prepareTestInstance(ServletTestExecutionListener.java:139)
	at org.springframework.test.context.TestContextManager.prepareTestInstance(TestContextManager.java:260)
	at org.springframework.test.context.junit.jupiter.SpringExtension.postProcessTestInstance(SpringExtension.java:159)
	at java.base/java.util.stream.ForEachOps$ForEachOp$OfRef.accept(ForEachOps.java:183)
	at java.base/java.util.stream.ReferencePipeline$3$1.accept(ReferencePipeline.java:197)
	at java.base/java.util.stream.ReferencePipeline$2$1.accept(ReferencePipeline.java:179)
	at java.base/java.util.stream.ReferencePipeline$3$1.accept(ReferencePipeline.java:197)
	at java.base/java.util.ArrayList$ArrayListSpliterator.forEachRemaining(ArrayList.java:1625)
	at java.base/java.util.stream.AbstractPipeline.copyInto(AbstractPipeline.java:509)
	at java.base/java.util.stream.AbstractPipeline.wrapAndCopyInto(AbstractPipeline.java:499)
	at java.base/java.util.stream.ForEachOps$ForEachOp.evaluateSequential(ForEachOps.java:150)
	at java.base/java.util.stream.ForEachOps$ForEachOp$OfRef.evaluateSequential(ForEachOps.java:173)
	at java.base/java.util.stream.AbstractPipeline.evaluate(AbstractPipeline.java:234)
	at java.base/java.util.stream.ReferencePipeline.forEach(ReferencePipeline.java:596)
	at java.base/java.util.Optional.orElseGet(Optional.java:364)
	at java.base/java.util.ArrayList.forEach(ArrayList.java:1511)
	at java.base/java.util.ArrayList.forEach(ArrayList.java:1511)
Caused by: org.springframework.beans.factory.BeanCreationException: Error creating bean with name 'entityManagerFactory' defined in class path resource [org/springframework/boot/autoconfigure/orm/jpa/HibernateJpaConfiguration.class]: Unable to create requested service [org.hibernate.engine.jdbc.env.spi.JdbcEnvironment] due to: Unable to resolve name [org.hibernate.spatial.dialect.postgis.PostgisDialect] as strategy [org.hibernate.dialect.Dialect]
	at org.springframework.beans.factory.support.AbstractAutowireCapableBeanFactory.initializeBean(AbstractAutowireCapableBeanFactory.java:1818)
	at org.springframework.beans.factory.support.AbstractAutowireCapableBeanFactory.doCreateBean(AbstractAutowireCapableBeanFactory.java:607)
	at org.springframework.beans.factory.support.AbstractAutowireCapableBeanFactory.createBean(AbstractAutowireCapableBeanFactory.java:529)
	at org.springframework.beans.factory.support.AbstractBeanFactory.lambda$doGetBean$0(AbstractBeanFactory.java:339)
	at org.springframework.beans.factory.support.DefaultSingletonBeanRegistry.getSingleton(DefaultSingletonBeanRegistry.java:371)
	at org.springframework.beans.factory.support.AbstractBeanFactory.doGetBean(AbstractBeanFactory.java:337)
	at org.springframework.beans.factory.support.AbstractBeanFactory.getBean(AbstractBeanFactory.java:207)
	at org.springframework.context.support.AbstractApplicationContext.finishBeanFactoryInitialization(AbstractApplicationContext.java:970)
	at org.springframework.context.support.AbstractApplicationContext.refresh(AbstractApplicationContext.java:627)
	at org.springframework.boot.SpringApplication.refresh(SpringApplication.java:753)
	at org.springframework.boot.SpringApplication.refreshContext(SpringApplication.java:439)
	at org.springframework.boot.SpringApplication.run(SpringApplication.java:318)
	at org.springframework.boot.test.context.SpringBootContextLoader.lambda$loadContext$3(SpringBootContextLoader.java:144)
	at org.springframework.util.function.ThrowingSupplier.get(ThrowingSupplier.java:58)
	at org.springframework.util.function.ThrowingSupplier.get(ThrowingSupplier.java:46)
	at org.springframework.boot.SpringApplication.withHook(SpringApplication.java:1462)
	at org.springframework.boot.test.context.SpringBootContextLoader$ContextLoaderHook.run(SpringBootContextLoader.java:563)
	at org.springframework.boot.test.context.SpringBootContextLoader.loadContext(SpringBootContextLoader.java:144)
	at org.springframework.boot.test.context.SpringBootContextLoader.loadContext(SpringBootContextLoader.java:110)
	at org.springframework.test.context.cache.DefaultCacheAwareContextLoaderDelegate.loadContextInternal(DefaultCacheAwareContextLoaderDelegate.java:225)
	at org.springframework.test.context.cache.DefaultCacheAwareContextLoaderDelegate.loadContext(DefaultCacheAwareContextLoaderDelegate.java:152)
	... 19 more
Caused by: org.hibernate.service.spi.ServiceException: Unable to create requested service [org.hibernate.engine.jdbc.env.spi.JdbcEnvironment] due to: Unable to resolve name [org.hibernate.spatial.dialect.postgis.PostgisDialect] as strategy [org.hibernate.dialect.Dialect]
	at org.hibernate.service.internal.AbstractServiceRegistryImpl.createService(AbstractServiceRegistryImpl.java:276)
	at org.hibernate.service.internal.AbstractServiceRegistryImpl.initializeService(AbstractServiceRegistryImpl.java:238)
	at org.hibernate.service.internal.AbstractServiceRegistryImpl.getService(AbstractServiceRegistryImpl.java:215)
	at org.hibernate.service.ServiceRegistry.requireService(ServiceRegistry.java:68)
	at org.hibernate.engine.jdbc.internal.JdbcServicesImpl.configure(JdbcServicesImpl.java:52)
	at org.hibernate.boot.registry.internal.StandardServiceRegistryImpl.configureService(StandardServiceRegistryImpl.java:136)
	at org.hibernate.service.internal.AbstractServiceRegistryImpl.initializeService(AbstractServiceRegistryImpl.java:247)
	at org.hibernate.service.internal.AbstractServiceRegistryImpl.getService(AbstractServiceRegistryImpl.java:215)
	at org.hibernate.spatial.contributor.ContributorResolver.resolveSpatialtypeContributorImplementor(ContributorResolver.java:52)
	at org.hibernate.spatial.contributor.SpatialTypeContributor.contribute(SpatialTypeContributor.java:18)
	at org.hibernate.boot.internal.MetadataBuilderImpl.applyTypes(MetadataBuilderImpl.java:295)
	at java.base/java.lang.Iterable.forEach(Iterable.java:75)
	at java.base/java.util.Collections$UnmodifiableCollection.forEach(Collections.java:1092)
	at org.hibernate.jpa.boot.internal.EntityManagerFactoryBuilderImpl.applyTypeContributors(EntityManagerFactoryBuilderImpl.java:1414)
	at org.hibernate.jpa.boot.internal.EntityManagerFactoryBuilderImpl.applyMetamodelBuilderSettings(EntityManagerFactoryBuilderImpl.java:1395)
	at org.hibernate.jpa.boot.internal.EntityManagerFactoryBuilderImpl.<init>(EntityManagerFactoryBuilderImpl.java:281)
	at org.hibernate.jpa.boot.internal.EntityManagerFactoryBuilderImpl.<init>(EntityManagerFactoryBuilderImpl.java:199)
	at org.springframework.orm.jpa.vendor.SpringHibernateJpaPersistenceProvider.createContainerEntityManagerFactory(SpringHibernateJpaPersistenceProvider.java:54)
	at org.springframework.orm.jpa.LocalContainerEntityManagerFactoryBean.createNativeEntityManagerFactory(LocalContainerEntityManagerFactoryBean.java:390)
	at org.springframework.orm.jpa.AbstractEntityManagerFactoryBean.buildNativeEntityManagerFactory(AbstractEntityManagerFactoryBean.java:419)
	at org.springframework.orm.jpa.AbstractEntityManagerFactoryBean.afterPropertiesSet(AbstractEntityManagerFactoryBean.java:400)
	at org.springframework.orm.jpa.LocalContainerEntityManagerFactoryBean.afterPropertiesSet(LocalContainerEntityManagerFactoryBean.java:366)
	at org.springframework.beans.factory.support.AbstractAutowireCapableBeanFactory.invokeInitMethods(AbstractAutowireCapableBeanFactory.java:1865)
	at org.springframework.beans.factory.support.AbstractAutowireCapableBeanFactory.initializeBean(AbstractAutowireCapableBeanFactory.java:1814)
	... 39 more
Caused by: org.hibernate.boot.registry.selector.spi.StrategySelectionException: Unable to resolve name [org.hibernate.spatial.dialect.postgis.PostgisDialect] as strategy [org.hibernate.dialect.Dialect]
	at org.hibernate.boot.registry.selector.internal.StrategySelectorImpl.selectStrategyImplementor(StrategySelectorImpl.java:154)
	at org.hibernate.boot.registry.selector.internal.StrategySelectorImpl.resolveStrategy(StrategySelectorImpl.java:236)
	at org.hibernate.boot.registry.selector.internal.StrategySelectorImpl.resolveStrategy(StrategySelectorImpl.java:189)
	at org.hibernate.engine.jdbc.dialect.internal.DialectFactoryImpl.constructDialect(DialectFactoryImpl.java:123)
	at org.hibernate.engine.jdbc.dialect.internal.DialectFactoryImpl.buildDialect(DialectFactoryImpl.java:88)
	at org.hibernate.engine.jdbc.env.internal.JdbcEnvironmentInitiator.getJdbcEnvironmentWithDefaults(JdbcEnvironmentInitiator.java:181)
	at org.hibernate.engine.jdbc.env.internal.JdbcEnvironmentInitiator.getJdbcEnvironmentUsingJdbcMetadata(JdbcEnvironmentInitiator.java:392)
	at org.hibernate.engine.jdbc.env.internal.JdbcEnvironmentInitiator.initiateService(JdbcEnvironmentInitiator.java:129)
	at org.hibernate.engine.jdbc.env.internal.JdbcEnvironmentInitiator.initiateService(JdbcEnvironmentInitiator.java:81)
	at org.hibernate.boot.registry.internal.StandardServiceRegistryImpl.initiateService(StandardServiceRegistryImpl.java:130)
	at org.hibernate.service.internal.AbstractServiceRegistryImpl.createService(AbstractServiceRegistryImpl.java:263)
	... 62 more
Caused by: org.hibernate.boot.registry.classloading.spi.ClassLoadingException: Unable to load class [org.hibernate.spatial.dialect.postgis.PostgisDialect]
	at org.hibernate.boot.registry.classloading.internal.ClassLoaderServiceImpl.classForName(ClassLoaderServiceImpl.java:126)
	at org.hibernate.boot.registry.selector.internal.StrategySelectorImpl.selectStrategyImplementor(StrategySelectorImpl.java:150)
	... 72 more
Caused by: java.lang.ClassNotFoundException: Could not load requested class : org.hibernate.spatial.dialect.postgis.PostgisDialect
	at org.hibernate.boot.registry.classloading.internal.AggregatedClassLoader.findClass(AggregatedClassLoader.java:216)
	at java.base/java.lang.ClassLoader.loadClass(ClassLoader.java:588)
	at java.base/java.lang.ClassLoader.loadClass(ClassLoader.java:521)
	at java.base/java.lang.Class.forName0(Native Method)
	at java.base/java.lang.Class.forName(Class.java:488)
	at java.base/java.lang.Class.forName(Class.java:467)
	at org.hibernate.boot.registry.classloading.internal.ClassLoaderServiceImpl.classForName(ClassLoaderServiceImpl.java:123)
	... 73 more
Caused by: java.lang.Throwable
	at org.hibernate.boot.registry.classloading.internal.AggregatedClassLoader.findClass(AggregatedClassLoader.java:209)
	... 79 more
	Suppressed: java.lang.ClassNotFoundException: org.hibernate.spatial.dialect.postgis.PostgisDialect
		at java.base/jdk.internal.loader.BuiltinClassLoader.loadClass(BuiltinClassLoader.java:641)
		at java.base/jdk.internal.loader.ClassLoaders$AppClassLoader.loadClass(ClassLoaders.java:188)
		at java.base/java.lang.ClassLoader.loadClass(ClassLoader.java:521)
		at org.hibernate.boot.registry.classloading.internal.AggregatedClassLoader.findClass(AggregatedClassLoader.java:206)
		... 79 more
	Suppressed: java.lang.ClassNotFoundException: org.hibernate.spatial.dialect.postgis.PostgisDialect
		at java.base/jdk.internal.loader.BuiltinClassLoader.loadClass(BuiltinClassLoader.java:641)
		at java.base/jdk.internal.loader.ClassLoaders$AppClassLoader.loadClass(ClassLoaders.java:188)
		at java.base/java.lang.ClassLoader.loadClass(ClassLoader.java:521)
		at org.hibernate.boot.registry.classloading.internal.AggregatedClassLoader.findClass(AggregatedClassLoader.java:206)
		... 79 more
	Suppressed: java.lang.ClassNotFoundException: org.hibernate.spatial.dialect.postgis.PostgisDialect
		at java.base/jdk.internal.loader.BuiltinClassLoader.loadClass(BuiltinClassLoader.java:641)
		at java.base/jdk.internal.loader.ClassLoaders$AppClassLoader.loadClass(ClassLoaders.java:188)
		at java.base/java.lang.ClassLoader.loadClass(ClassLoader.java:521)
		at org.hibernate.boot.registry.classloading.internal.AggregatedClassLoader.findClass(AggregatedClassLoader.java:206)
		... 79 more

[[1;36mDEBUG[m] Closing the fork 1 after saying GoodBye.
[[1;34mINFO[m] 
[[1;34mINFO[m] Results:
[[1;34mINFO[m] 
[[1;31mERROR[m] [1;31mErrors: [m
[[1;31mERROR[m] [1;31m  FairWaterApiApplicationTests.contextLoads » IllegalState Failed to load ApplicationContext for [WebMergedContextConfiguration@3079c26a testClass = org.fairwater.fair_water_api.FairWaterApiApplicationTests, locations = [], classes = [org.fairwater.fair_water_api.FairWaterApiApplication], contextInitializerClasses = [], activeProfiles = [], propertySourceDescriptors = [], propertySourceProperties = ["org.springframework.boot.test.context.SpringBootTestContextBootstrapper=true"], contextCustomizers = [org.springframework.boot.test.context.filter.ExcludeFilterContextCustomizer@173ed316, org.springframework.boot.test.json.DuplicateJsonObjectContextCustomizerFactory$DuplicateJsonObjectContextCustomizer@27406a17, org.springframework.boot.test.mock.mockito.MockitoContextCustomizer@0, org.springframework.boot.test.web.client.TestRestTemplateContextCustomizer@3a7442c7, org.springframework.boot.test.web.reactor.netty.DisableReactorResourceFactoryGlobalResourcesContextCustomizerFactory$DisableReactorResourceFactoryGlobalResourcesContextCustomizerCustomizer@d737b89, org.springframework.boot.test.autoconfigure.OnFailureConditionReportContextCustomizerFactory$OnFailureConditionReportContextCustomizer@2d901eb0, org.springframework.boot.test.autoconfigure.actuate.observability.ObservabilityContextCustomizerFactory$DisableObservabilityContextCustomizer@1f, org.springframework.boot.test.autoconfigure.properties.PropertyMappingContextCustomizer@0, org.springframework.boot.test.autoconfigure.web.servlet.WebDriverContextCustomizer@231f98ef, org.springframework.test.context.support.DynamicPropertiesContextCustomizer@0, org.springframework.boot.test.context.SpringBootTestAnnotation@15770fb7], resourceBasePath = "src/main/webapp", contextLoader = org.springframework.boot.test.context.SpringBootContextLoader, parent = null][m
[[1;34mINFO[m] 
[[1;31mERROR[m] [1;31mTests run: 1, Failures: 0, Errors: 1, Skipped: 0[m
[[1;34mINFO[m] 
[[1;34mINFO[m] [1m------------------------------------------------------------------------[m
[[1;34mINFO[m] [1;31mBUILD FAILURE[m
[[1;34mINFO[m] [1m------------------------------------------------------------------------[m
[[1;34mINFO[m] Total time:  8.819 s
[[1;34mINFO[m] Finished at: 2025-04-27T16:25:06+02:00
[[1;34mINFO[m] [1m------------------------------------------------------------------------[m
[[1;31mERROR[m] Failed to execute goal [32morg.apache.maven.plugins:maven-surefire-plugin:3.5.3:test[m [1m(default-test)[m on project [36mfair-water-api[m: [1;31m[m
[[1;31mERROR[m] [1;31m[m
[[1;31mERROR[m] [1;31mSee /mnt/c/Users/Malef/Desktop/Motivation_Préparation_Entretiens/fair-water-data/fair-water-api/target/surefire-reports for the individual test results.[m
[[1;31mERROR[m] [1;31mSee dump files (if any exist) [date].dump, [date]-jvmRun[N].dump and [date].dumpstream.[m
[[1;31mERROR[m] -> [1m[Help 1][m
[1;31morg.apache.maven.lifecycle.LifecycleExecutionException[m: [1;31mFailed to execute goal [32morg.apache.maven.plugins:maven-surefire-plugin:3.5.3:test[m [1m(default-test)[m on project [36mfair-water-api[m: [1;31m

See /mnt/c/Users/Malef/Desktop/Motivation_Préparation_Entretiens/fair-water-data/fair-water-api/target/surefire-reports for the individual test results.
See dump files (if any exist) [date].dump, [date]-jvmRun[N].dump and [date].dumpstream.[m[m
    [1mat[m org.apache.maven.lifecycle.internal.MojoExecutor.execute ([1mMojoExecutor.java:215[m)
    [1mat[m org.apache.maven.lifecycle.internal.MojoExecutor.execute ([1mMojoExecutor.java:156[m)
    [1mat[m org.apache.maven.lifecycle.internal.MojoExecutor.execute ([1mMojoExecutor.java:148[m)
    [1mat[m org.apache.maven.lifecycle.internal.LifecycleModuleBuilder.buildProject ([1mLifecycleModuleBuilder.java:117[m)
    [1mat[m org.apache.maven.lifecycle.internal.LifecycleModuleBuilder.buildProject ([1mLifecycleModuleBuilder.java:81[m)
    [1mat[m org.apache.maven.lifecycle.internal.builder.singlethreaded.SingleThreadedBuilder.build ([1mSingleThreadedBuilder.java:56[m)
    [1mat[m org.apache.maven.lifecycle.internal.LifecycleStarter.execute ([1mLifecycleStarter.java:128[m)
    [1mat[m org.apache.maven.DefaultMaven.doExecute ([1mDefaultMaven.java:305[m)
    [1mat[m org.apache.maven.DefaultMaven.doExecute ([1mDefaultMaven.java:192[m)
    [1mat[m org.apache.maven.DefaultMaven.execute ([1mDefaultMaven.java:105[m)
    [1mat[m org.apache.maven.cli.MavenCli.execute ([1mMavenCli.java:957[m)
    [1mat[m org.apache.maven.cli.MavenCli.doMain ([1mMavenCli.java:289[m)
    [1mat[m org.apache.maven.cli.MavenCli.main ([1mMavenCli.java:193[m)
    [1mat[m jdk.internal.reflect.DirectMethodHandleAccessor.invoke ([1mDirectMethodHandleAccessor.java:104[m)
    [1mat[m java.lang.reflect.Method.invoke ([1mMethod.java:577[m)
    [1mat[m org.codehaus.plexus.classworlds.launcher.Launcher.launchEnhanced ([1mLauncher.java:282[m)
    [1mat[m org.codehaus.plexus.classworlds.launcher.Launcher.launch ([1mLauncher.java:225[m)
    [1mat[m org.codehaus.plexus.classworlds.launcher.Launcher.mainWithExitCode ([1mLauncher.java:406[m)
    [1mat[m org.codehaus.plexus.classworlds.launcher.Launcher.main ([1mLauncher.java:347[m)
[1mCaused by[m: org.apache.maven.plugin.MojoFailureException: [1;31m

See /mnt/c/Users/Malef/Desktop/Motivation_Préparation_Entretiens/fair-water-data/fair-water-api/target/surefire-reports for the individual test results.
See dump files (if any exist) [date].dump, [date]-jvmRun[N].dump and [date].dumpstream.[m
    [1mat[m org.apache.maven.plugin.surefire.SurefireHelper.throwException ([1mSurefireHelper.java:247[m)
    [1mat[m org.apache.maven.plugin.surefire.SurefireHelper.reportExecution ([1mSurefireHelper.java:159[m)
    [1mat[m org.apache.maven.plugin.surefire.SurefireMojo.handleSummary ([1mSurefireMojo.java:547[m)
    [1mat[m org.apache.maven.plugin.surefire.AbstractSurefireMojo.executeAfterPreconditionsChecked ([1mAbstractSurefireMojo.java:1147[m)
    [1mat[m org.apache.maven.plugin.surefire.AbstractSurefireMojo.execute ([1mAbstractSurefireMojo.java:969[m)
    [1mat[m org.apache.maven.plugin.DefaultBuildPluginManager.executeMojo ([1mDefaultBuildPluginManager.java:137[m)
    [1mat[m org.apache.maven.lifecycle.internal.MojoExecutor.execute ([1mMojoExecutor.java:210[m)
    [1mat[m org.apache.maven.lifecycle.internal.MojoExecutor.execute ([1mMojoExecutor.java:156[m)
    [1mat[m org.apache.maven.lifecycle.internal.MojoExecutor.execute ([1mMojoExecutor.java:148[m)
    [1mat[m org.apache.maven.lifecycle.internal.LifecycleModuleBuilder.buildProject ([1mLifecycleModuleBuilder.java:117[m)
    [1mat[m org.apache.maven.lifecycle.internal.LifecycleModuleBuilder.buildProject ([1mLifecycleModuleBuilder.java:81[m)
    [1mat[m org.apache.maven.lifecycle.internal.builder.singlethreaded.SingleThreadedBuilder.build ([1mSingleThreadedBuilder.java:56[m)
    [1mat[m org.apache.maven.lifecycle.internal.LifecycleStarter.execute ([1mLifecycleStarter.java:128[m)
    [1mat[m org.apache.maven.DefaultMaven.doExecute ([1mDefaultMaven.java:305[m)
    [1mat[m org.apache.maven.DefaultMaven.doExecute ([1mDefaultMaven.java:192[m)
    [1mat[m org.apache.maven.DefaultMaven.execute ([1mDefaultMaven.java:105[m)
    [1mat[m org.apache.maven.cli.MavenCli.execute ([1mMavenCli.java:957[m)
    [1mat[m org.apache.maven.cli.MavenCli.doMain ([1mMavenCli.java:289[m)
    [1mat[m org.apache.maven.cli.MavenCli.main ([1mMavenCli.java:193[m)
    [1mat[m jdk.internal.reflect.DirectMethodHandleAccessor.invoke ([1mDirectMethodHandleAccessor.java:104[m)
    [1mat[m java.lang.reflect.Method.invoke ([1mMethod.java:577[m)
    [1mat[m org.codehaus.plexus.classworlds.launcher.Launcher.launchEnhanced ([1mLauncher.java:282[m)
    [1mat[m org.codehaus.plexus.classworlds.launcher.Launcher.launch ([1mLauncher.java:225[m)
    [1mat[m org.codehaus.plexus.classworlds.launcher.Launcher.mainWithExitCode ([1mLauncher.java:406[m)
    [1mat[m org.codehaus.plexus.classworlds.launcher.Launcher.main ([1mLauncher.java:347[m)
[[1;31mERROR[m] 
[[1;31mERROR[m] 
[[1;31mERROR[m] For more information about the errors and possible solutions, please read the following articles:
[[1;31mERROR[m] [1m[Help 1][m http://cwiki.apache.org/confluence/display/MAVEN/MojoFailureException
